01-22 12:57:35.010  1679  2475 I ClipboardService: getPrimaryClip pkg=com.touchtype.swiftkey, intendingUid=10145, isAccessAlowed=true
01-22 12:57:35.010  1679  2475 I ClipboardService: getPrimaryClip pkg=com.touchtype.swiftkey, intendingUid=10145, isAccessAlowed=true
01-22 12:57:35.010  1679  2475 I ClipboardService: getPrimaryClip pkg=com.touchtype.swiftkey, intendingUid=10145, isAccessAlowed=true
01-22 12:57:35.011  1679  2475 I ClipboardService: getPrimaryClip pkg=com.touchtype.swiftkey, intendingUid=10145, isAccessAlowed=true
01-22 12:57:35.011  1679  2475 I ClipboardService: getPrimaryClip pkg=com.touchtype.swiftkey, intendingUid=10145, isAccessAlowed=true
01-22 12:57:35.012  1679  2475 I ClipboardService: getPrimaryClip pkg=com.touchtype.swiftkey, intendingUid=10145, isAccessAlowed=true
01-22 12:57:35.012  1679  2475 I ClipboardService: getPrimaryClip pkg=com.touchtype.swiftkey, intendingUid=10145, isAccessAlowed=true
01-22 12:57:35.013  1679  2475 I ClipboardService: getPrimaryClip pkg=com.touchtype.swiftkey, intendingUid=10145, isAccessAlowed=true
01-22 12:57:35.013  1679  2475 I ClipboardService: getPrimaryClip pkg=com.touchtype.swiftkey, intendingUid=10145, isAccessAlowed=true
01-22 12:57:35.014  1679  2475 I ClipboardService: getPrimaryClip pkg=com.touchtype.swiftkey, intendingUid=10145, isAccessAlowed=true
01-22 12:57:35.014  1679  2475 I ClipboardService: getPrimaryClip pkg=com.touchtype.swiftkey, intendingUid=10145, isAccessAlowed=true
01-22 12:57:35.015  1679  2475 I ClipboardService: getPrimaryClip pkg=com.touchtype.swiftkey, intendingUid=10145, isAccessAlowed=true
01-22 12:57:35.016  1679  2475 I ClipboardService: getPrimaryClip pkg=com.touchtype.swiftkey, intendingUid=10145, isAccessAlowed=true
01-22 12:57:35.016  1679  2475 I ClipboardService: getPrimaryClip pkg=com.touchtype.swiftkey, intendingUid=10145, isAccessAlowed=true
01-22 12:57:35.017  1679  2475 I ClipboardService: getPrimaryClip pkg=com.touchtype.swiftkey, intendingUid=10145, isAccessAlowed=true
01-22 12:57:35.017  1679  2475 I ClipboardService: getPrimaryClip pkg=com.touchtype.swiftkey, intendingUid=10145, isAccessAlowed=true
01-22 12:57:35.018  1679  2475 I ClipboardService: getPrimaryClip pkg=com.touchtype.swiftkey, intendingUid=10145, isAccessAlowed=true
01-22 12:57:35.018  1679  2475 I ClipboardService: getPrimaryClip pkg=com.touchtype.swiftkey, intendingUid=10145, isAccessAlowed=true
01-22 12:57:35.018  1679  2475 I ClipboardService: getPrimaryClip pkg=com.touchtype.swiftkey, intendingUid=10145, isAccessAlowed=true
01-22 12:57:35.019  1679  2475 I ClipboardService: getPrimaryClip pkg=com.touchtype.swiftkey, intendingUid=10145, isAccessAlowed=true
01-22 12:57:35.019  1679  2475 I ClipboardService: getPrimaryClip pkg=com.touchtype.swiftkey, intendingUid=10145, isAccessAlowed=true
01-22 12:57:35.020  1679  2475 I ClipboardService: getPrimaryClip pkg=com.touchtype.swiftkey, intendingUid=10145, isAccessAlowed=true
01-22 12:57:35.021  1679  2475 I ClipboardService: getPrimaryClip pkg=com.touchtype.swiftkey, intendingUid=10145, isAccessAlowed=true
01-22 12:57:35.022  1679  2475 I ClipboardService: getPrimaryClip pkg=com.touchtype.swiftkey, intendingUid=10145, isAccessAlowed=true
01-22 12:57:35.022  1679  2475 I ClipboardService: getPrimaryClip pkg=com.touchtype.swiftkey, intendingUid=10145, isAccessAlowed=true
01-22 12:57:35.023  1679  2475 I ClipboardService: getPrimaryClip pkg=com.touchtype.swiftkey, intendingUid=10145, isAccessAlowed=true
01-22 12:57:35.023  1679  2475 I ClipboardService: getPrimaryClip pkg=com.touchtype.swiftkey, intendingUid=10145, isAccessAlowed=true
01-22 12:57:35.024  1679  2475 I ClipboardService: getPrimaryClip pkg=com.touchtype.swiftkey, intendingUid=10145, isAccessAlowed=true
01-22 12:57:35.025  1679  2475 I ClipboardService: getPrimaryClip pkg=com.touchtype.swiftkey, intendingUid=10145, isAccessAlowed=true
01-22 12:57:35.026  1679  2475 I ClipboardService: getPrimaryClip pkg=com.touchtype.swiftkey, intendingUid=10145, isAccessAlowed=true
01-22 12:57:35.026  1679  2475 I ClipboardService: getPrimaryClip pkg=com.touchtype.swiftkey, intendingUid=10145, isAccessAlowed=true
01-22 12:57:35.027  1679  2475 I ClipboardService: getPrimaryClip pkg=com.touchtype.swiftkey, intendingUid=10145, isAccessAlowed=true
01-22 12:57:35.027  1679  2475 I ClipboardService: getPrimaryClip pkg=com.touchtype.swiftkey, intendingUid=10145, isAccessAlowed=true
01-22 12:57:35.028  1679  2475 I ClipboardService: getPrimaryClip pkg=com.touchtype.swiftkey, intendingUid=10145, isAccessAlowed=true
01-22 12:57:35.028  1679  2475 I ClipboardService: getPrimaryClip pkg=com.touchtype.swiftkey, intendingUid=10145, isAccessAlowed=true
01-22 12:57:35.029  1679  2475 I ClipboardService: getPrimaryClip pkg=com.touchtype.swiftkey, intendingUid=10145, isAccessAlowed=true
01-22 12:57:35.029  1679  2475 I ClipboardService: getPrimaryClip pkg=com.touchtype.swiftkey, intendingUid=10145, isAccessAlowed=true
01-22 12:57:35.030  1679  2475 I ClipboardService: getPrimaryClip pkg=com.touchtype.swiftkey, intendingUid=10145, isAccessAlowed=true
01-22 12:57:35.030  1679  2475 I ClipboardService: getPrimaryClip pkg=com.touchtype.swiftkey, intendingUid=10145, isAccessAlowed=true
01-22 12:57:35.031  1679  2475 I ClipboardService: getPrimaryClip pkg=com.touchtype.swiftkey, intendingUid=10145, isAccessAlowed=true
01-22 12:57:35.031  1679  2475 I ClipboardService: getPrimaryClip pkg=com.touchtype.swiftkey, intendingUid=10145, isAccessAlowed=true
01-22 12:57:35.032  1679  2475 I ClipboardService: getPrimaryClip pkg=com.touchtype.swiftkey, intendingUid=10145, isAccessAlowed=true
01-22 12:57:35.032  1679  2475 I ClipboardService: getPrimaryClip pkg=com.touchtype.swiftkey, intendingUid=10145, isAccessAlowed=true
01-22 12:57:35.033  1679  2475 I ClipboardService: getPrimaryClip pkg=com.touchtype.swiftkey, intendingUid=10145, isAccessAlowed=true
01-22 12:57:35.033  1679  2475 I ClipboardService: getPrimaryClip pkg=com.touchtype.swiftkey, intendingUid=10145, isAccessAlowed=true
01-22 12:57:35.034  1679  2475 I ClipboardService: getPrimaryClip pkg=com.touchtype.swiftkey, intendingUid=10145, isAccessAlowed=true
01-22 12:57:35.034  1679  2475 I ClipboardService: getPrimaryClip pkg=com.touchtype.swiftkey, intendingUid=10145, isAccessAlowed=true
01-22 12:57:35.035  1679  2475 I ClipboardService: getPrimaryClip pkg=com.touchtype.swiftkey, intendingUid=10145, isAccessAlowed=true
01-22 12:57:35.035  1679  2475 I ClipboardService: getPrimaryClip pkg=com.touchtype.swiftkey, intendingUid=10145, isAccessAlowed=true
01-22 12:57:35.036  1679  2475 I ClipboardService: getPrimaryClip pkg=com.touchtype.swiftkey, intendingUid=10145, isAccessAlowed=true
01-22 12:57:35.036  1679  2475 I ClipboardService: getPrimaryClip pkg=com.touchtype.swiftkey, intendingUid=10145, isAccessAlowed=true
01-22 12:57:35.037  1679  2475 I ClipboardService: getPrimaryClip pkg=com.touchtype.swiftkey, intendingUid=10145, isAccessAlowed=true
01-22 12:57:35.037  1679  2475 I ClipboardService: getPrimaryClip pkg=com.touchtype.swiftkey, intendingUid=10145, isAccessAlowed=true
01-22 12:57:35.038  1679  2475 I ClipboardService: getPrimaryClip pkg=com.touchtype.swiftkey, intendingUid=10145, isAccessAlowed=true
01-22 12:57:35.038  1679  2475 I ClipboardService: getPrimaryClip pkg=com.touchtype.swiftkey, intendingUid=10145, isAccessAlowed=true
01-22 12:57:35.039  1679  2475 I ClipboardService: getPrimaryClip pkg=com.touchtype.swiftkey, intendingUid=10145, isAccessAlowed=true
01-22 12:57:35.039  1679  2475 I ClipboardService: getPrimaryClip pkg=com.touchtype.swiftkey, intendingUid=10145, isAccessAlowed=true
01-22 12:57:35.040  1679  2475 I ClipboardService: getPrimaryClip pkg=com.touchtype.swiftkey, intendingUid=10145, isAccessAlowed=true
01-22 12:57:35.040  1679  2475 I ClipboardService: getPrimaryClip pkg=com.touchtype.swiftkey, intendingUid=10145, isAccessAlowed=true
01-22 12:57:35.041  1679  2475 I ClipboardService: getPrimaryClip pkg=com.touchtype.swiftkey, intendingUid=10145, isAccessAlowed=true
01-22 12:57:35.041  1679  2475 I ClipboardService: getPrimaryClip pkg=com.touchtype.swiftkey, intendingUid=10145, isAccessAlowed=true
01-22 12:57:35.042  1679  2475 I ClipboardService: getPrimaryClip pkg=com.touchtype.swiftkey, intendingUid=10145, isAccessAlowed=true
01-22 12:57:35.042  1679  2475 I ClipboardService: getPrimaryClip pkg=com.touchtype.swiftkey, intendingUid=10145, isAccessAlowed=true
01-22 12:57:35.043  1679  2475 I ClipboardService: getPrimaryClip pkg=com.touchtype.swiftkey, intendingUid=10145, isAccessAlowed=true
01-22 12:57:35.044  1679  2475 I ClipboardService: getPrimaryClip pkg=com.touchtype.swiftkey, intendingUid=10145, isAccessAlowed=true
01-22 12:57:35.044  1679  2475 I ClipboardService: getPrimaryClip pkg=com.touchtype.swiftkey, intendingUid=10145, isAccessAlowed=true
01-22 12:57:35.045  1679  2475 I ClipboardService: getPrimaryClip pkg=com.touchtype.swiftkey, intendingUid=10145, isAccessAlowed=true
01-22 12:57:35.045  1679  2475 I ClipboardService: getPrimaryClip pkg=com.touchtype.swiftkey, intendingUid=10145, isAccessAlowed=true
01-22 12:57:35.046  1679  2475 I ClipboardService: getPrimaryClip pkg=com.touchtype.swiftkey, intendingUid=10145, isAccessAlowed=true
01-22 12:57:35.046  1679  2475 I ClipboardService: getPrimaryClip pkg=com.touchtype.swiftkey, intendingUid=10145, isAccessAlowed=true
01-22 12:57:35.046  1679  2475 I ClipboardService: getPrimaryClip pkg=com.touchtype.swiftkey, intendingUid=10145, isAccessAlowed=true
01-22 12:57:35.047  1679  2475 I ClipboardService: getPrimaryClip pkg=com.touchtype.swiftkey, intendingUid=10145, isAccessAlowed=true
01-22 12:57:35.048  1679  2475 I ClipboardService: getPrimaryClip pkg=com.touchtype.swiftkey, intendingUid=10145, isAccessAlowed=true
01-22 12:57:35.048  1679  2475 I ClipboardService: getPrimaryClip pkg=com.touchtype.swiftkey, intendingUid=10145, isAccessAlowed=true
01-22 12:57:35.049  1679  2475 I ClipboardService: getPrimaryClip pkg=com.touchtype.swiftkey, intendingUid=10145, isAccessAlowed=true
01-22 12:57:35.049  1679  2475 I ClipboardService: getPrimaryClip pkg=com.touchtype.swiftkey, intendingUid=10145, isAccessAlowed=true
01-22 12:57:35.049  1679  2475 I ClipboardService: getPrimaryClip pkg=com.touchtype.swiftkey, intendingUid=10145, isAccessAlowed=true
01-22 12:57:35.050  1679  2475 I ClipboardService: getPrimaryClip pkg=com.touchtype.swiftkey, intendingUid=10145, isAccessAlowed=true
01-22 12:57:35.050  1679  2475 I ClipboardService: getPrimaryClip pkg=com.touchtype.swiftkey, intendingUid=10145, isAccessAlowed=true
01-22 12:57:35.051  1679  2475 I ClipboardService: getPrimaryClip pkg=com.touchtype.swiftkey, intendingUid=10145, isAccessAlowed=true
01-22 12:57:35.051  1679  2475 I ClipboardService: getPrimaryClip pkg=com.touchtype.swiftkey, intendingUid=10145, isAccessAlowed=true
01-22 12:57:35.052  1679  2475 I ClipboardService: getPrimaryClip pkg=com.touchtype.swiftkey, intendingUid=10145, isAccessAlowed=true
01-22 12:57:35.052  1679  2475 I ClipboardService: getPrimaryClip pkg=com.touchtype.swiftkey, intendingUid=10145, isAccessAlowed=true
01-22 12:57:35.053  1679  2475 I ClipboardService: getPrimaryClip pkg=com.touchtype.swiftkey, intendingUid=10145, isAccessAlowed=true
01-22 12:57:35.053  1679  2475 I ClipboardService: getPrimaryClip pkg=com.touchtype.swiftkey, intendingUid=10145, isAccessAlowed=true
01-22 12:57:35.054  1679  2475 I ClipboardService: getPrimaryClip pkg=com.touchtype.swiftkey, intendingUid=10145, isAccessAlowed=true
01-22 12:57:35.054  1679  2475 I ClipboardService: getPrimaryClip pkg=com.touchtype.swiftkey, intendingUid=10145, isAccessAlowed=true
01-22 12:57:35.055  1679  2475 I ClipboardService: getPrimaryClip pkg=com.touchtype.swiftkey, intendingUid=10145, isAccessAlowed=true
01-22 12:57:35.055  1679  2475 I ClipboardService: getPrimaryClip pkg=com.touchtype.swiftkey, intendingUid=10145, isAccessAlowed=true
01-22 12:57:35.056  1679  2475 I ClipboardService: getPrimaryClip pkg=com.touchtype.swiftkey, intendingUid=10145, isAccessAlowed=true
01-22 12:57:35.056  1679  2475 I ClipboardService: getPrimaryClip pkg=com.touchtype.swiftkey, intendingUid=10145, isAccessAlowed=true
01-22 12:57:35.057  1679  2475 I ClipboardService: getPrimaryClip pkg=com.touchtype.swiftkey, intendingUid=10145, isAccessAlowed=true
01-22 12:57:35.057  1679  2475 I ClipboardService: getPrimaryClip pkg=com.touchtype.swiftkey, intendingUid=10145, isAccessAlowed=true
01-22 12:57:35.058  1679  2475 I ClipboardService: getPrimaryClip pkg=com.touchtype.swiftkey, intendingUid=10145, isAccessAlowed=true
01-22 12:57:35.058  1679  2475 I ClipboardService: getPrimaryClip pkg=com.touchtype.swiftkey, intendingUid=10145, isAccessAlowed=true
01-22 12:57:35.059  1679  2475 I ClipboardService: getPrimaryClip pkg=com.touchtype.swiftkey, intendingUid=10145, isAccessAlowed=true
01-22 12:57:35.059  1679  2475 I ClipboardService: getPrimaryClip pkg=com.touchtype.swiftkey, intendingUid=10145, isAccessAlowed=true
01-22 12:57:35.060  1679  2475 I ClipboardService: getPrimaryClip pkg=com.touchtype.swiftkey, intendingUid=10145, isAccessAlowed=true
01-22 12:57:35.061  1679  2475 I ClipboardService: getPrimaryClip pkg=com.touchtype.swiftkey, intendingUid=10145, isAccessAlowed=true
01-22 12:57:35.061  1679  2475 I ClipboardService: getPrimaryClip pkg=com.touchtype.swiftkey, intendingUid=10145, isAccessAlowed=true
01-22 12:57:35.061  1679  2475 I ClipboardService: getPrimaryClip pkg=com.touchtype.swiftkey, intendingUid=10145, isAccessAlowed=true
01-22 12:57:35.062  1679  2475 I ClipboardService: getPrimaryClip pkg=com.touchtype.swiftkey, intendingUid=10145, isAccessAlowed=true
01-22 12:57:35.062  1679  2475 I ClipboardService: getPrimaryClip pkg=com.touchtype.swiftkey, intendingUid=10145, isAccessAlowed=true
01-22 12:57:35.063  1679  2475 I ClipboardService: getPrimaryClip pkg=com.touchtype.swiftkey, intendingUid=10145, isAccessAlowed=true
01-22 12:57:35.063  1679  2475 I ClipboardService: getPrimaryClip pkg=com.touchtype.swiftkey, intendingUid=10145, isAccessAlowed=true
01-22 12:57:35.063  1679  2475 I ClipboardService: getPrimaryClip pkg=com.touchtype.swiftkey, intendingUid=10145, isAccessAlowed=true
01-22 12:57:35.064  1679  2475 I ClipboardService: getPrimaryClip pkg=com.touchtype.swiftkey, intendingUid=10145, isAccessAlowed=true
01-22 12:57:35.064  1679  2475 I ClipboardService: getPrimaryClip pkg=com.touchtype.swiftkey, intendingUid=10145, isAccessAlowed=true
01-22 12:57:35.064  1679  2475 I ClipboardService: getPrimaryClip pkg=com.touchtype.swiftkey, intendingUid=10145, isAccessAlowed=true
01-22 12:57:35.065  1679  2475 I ClipboardService: getPrimaryClip pkg=com.touchtype.swiftkey, intendingUid=10145, isAccessAlowed=true
01-22 12:57:35.065  1679  2475 I ClipboardService: getPrimaryClip pkg=com.touchtype.swiftkey, intendingUid=10145, isAccessAlowed=true
01-22 12:57:35.065  1679  2475 I ClipboardService: getPrimaryClip pkg=com.touchtype.swiftkey, intendingUid=10145, isAccessAlowed=true
01-22 12:57:35.066  1679  2475 I ClipboardService: getPrimaryClip pkg=com.touchtype.swiftkey, intendingUid=10145, isAccessAlowed=true
01-22 12:57:35.066  1679  2475 I ClipboardService: getPrimaryClip pkg=com.touchtype.swiftkey, intendingUid=10145, isAccessAlowed=true
01-22 12:57:35.066  1679  2475 I ClipboardService: getPrimaryClip pkg=com.touchtype.swiftkey, intendingUid=10145, isAccessAlowed=true
01-22 12:57:35.067  1679  2475 I ClipboardService: getPrimaryClip pkg=com.touchtype.swiftkey, intendingUid=10145, isAccessAlowed=true
01-22 12:57:35.067  1679  2475 I ClipboardService: getPrimaryClip pkg=com.touchtype.swiftkey, intendingUid=10145, isAccessAlowed=true
01-22 12:57:35.067  1679  2475 I ClipboardService: getPrimaryClip pkg=com.touchtype.swiftkey, intendingUid=10145, isAccessAlowed=true
01-22 12:57:35.068  1679  2475 I ClipboardService: getPrimaryClip pkg=com.touchtype.swiftkey, intendingUid=10145, isAccessAlowed=true
01-22 12:57:35.068  1679  2475 I ClipboardService: getPrimaryClip pkg=com.touchtype.swiftkey, intendingUid=10145, isAccessAlowed=true
01-22 12:57:35.068  1679  2475 I ClipboardService: getPrimaryClip pkg=com.touchtype.swiftkey, intendingUid=10145, isAccessAlowed=true
01-22 12:57:35.069  1679  2475 I ClipboardService: getPrimaryClip pkg=com.touchtype.swiftkey, intendingUid=10145, isAccessAlowed=true
01-22 12:57:35.069  1679  2475 I ClipboardService: getPrimaryClip pkg=com.touchtype.swiftkey, intendingUid=10145, isAccessAlowed=true
01-22 12:57:35.069  1679  2475 I ClipboardService: getPrimaryClip pkg=com.touchtype.swiftkey, intendingUid=10145, isAccessAlowed=true
01-22 12:57:35.070  1679  2475 I ClipboardService: getPrimaryClip pkg=com.touchtype.swiftkey, intendingUid=10145, isAccessAlowed=true
01-22 12:57:35.070  1679  2475 I ClipboardService: getPrimaryClip pkg=com.touchtype.swiftkey, intendingUid=10145, isAccessAlowed=true
01-22 12:57:35.071  1679  2475 I ClipboardService: getPrimaryClip pkg=com.touchtype.swiftkey, intendingUid=10145, isAccessAlowed=true
01-22 12:57:35.071  1679  2475 I ClipboardService: getPrimaryClip pkg=com.touchtype.swiftkey, intendingUid=10145, isAccessAlowed=true
01-22 12:57:35.071  1679  2475 I ClipboardService: getPrimaryClip pkg=com.touchtype.swiftkey, intendingUid=10145, isAccessAlowed=true
01-22 12:57:35.072  1679  2475 I ClipboardService: getPrimaryClip pkg=com.touchtype.swiftkey, intendingUid=10145, isAccessAlowed=true
01-22 12:57:35.072  1679  2475 I ClipboardService: getPrimaryClip pkg=com.touchtype.swiftkey, intendingUid=10145, isAccessAlowed=true
01-22 12:57:35.072  1679  2475 I ClipboardService: getPrimaryClip pkg=com.touchtype.swiftkey, intendingUid=10145, isAccessAlowed=true
01-22 12:57:35.073  1679  2475 I ClipboardService: getPrimaryClip pkg=com.touchtype.swiftkey, intendingUid=10145, isAccessAlowed=true
01-22 12:57:35.073  1679  2475 I ClipboardService: getPrimaryClip pkg=com.touchtype.swiftkey, intendingUid=10145, isAccessAlowed=true
01-22 12:57:35.073  1679  2475 I ClipboardService: getPrimaryClip pkg=com.touchtype.swiftkey, intendingUid=10145, isAccessAlowed=true
01-22 12:57:35.074  1679  2475 I ClipboardService: getPrimaryClip pkg=com.touchtype.swiftkey, intendingUid=10145, isAccessAlowed=true
01-22 12:57:35.074  1679  2475 I ClipboardService: getPrimaryClip pkg=com.touchtype.swiftkey, intendingUid=10145, isAccessAlowed=true
01-22 12:57:35.075  1679  2475 I ClipboardService: getPrimaryClip pkg=com.touchtype.swiftkey, intendingUid=10145, isAccessAlowed=true
01-22 12:57:35.075  1679  2475 I ClipboardService: getPrimaryClip pkg=com.touchtype.swiftkey, intendingUid=10145, isAccessAlowed=true
01-22 12:57:35.075  1679  2475 I ClipboardService: getPrimaryClip pkg=com.touchtype.swiftkey, intendingUid=10145, isAccessAlowed=true
01-22 12:57:35.076  1679  2475 I ClipboardService: getPrimaryClip pkg=com.touchtype.swiftkey, intendingUid=10145, isAccessAlowed=true
01-22 12:57:35.076  1679  2475 I ClipboardService: getPrimaryClip pkg=com.touchtype.swiftkey, intendingUid=10145, isAccessAlowed=true
01-22 12:57:35.077  1679  2475 I ClipboardService: getPrimaryClip pkg=com.touchtype.swiftkey, intendingUid=10145, isAccessAlowed=true
01-22 12:57:35.077  1679  2475 I ClipboardService: getPrimaryClip pkg=com.touchtype.swiftkey, intendingUid=10145, isAccessAlowed=true
01-22 12:57:35.078  1679  2475 I ClipboardService: getPrimaryClip pkg=com.touchtype.swiftkey, intendingUid=10145, isAccessAlowed=true
01-22 12:57:35.078  1679  2475 I ClipboardService: getPrimaryClip pkg=com.touchtype.swiftkey, intendingUid=10145, isAccessAlowed=true
01-22 12:57:35.078  1679  2475 I ClipboardService: getPrimaryClip pkg=com.touchtype.swiftkey, intendingUid=10145, isAccessAlowed=true
01-22 12:57:35.079  1679  2475 I ClipboardService: getPrimaryClip pkg=com.touchtype.swiftkey, intendingUid=10145, isAccessAlowed=true
01-22 12:57:35.079  1679  2475 I ClipboardService: getPrimaryClip pkg=com.touchtype.swiftkey, intendingUid=10145, isAccessAlowed=true
01-22 12:57:35.079  1679  2475 I ClipboardService: getPrimaryClip pkg=com.touchtype.swiftkey, intendingUid=10145, isAccessAlowed=true
01-22 12:57:35.080  1679  2475 I ClipboardService: getPrimaryClip pkg=com.touchtype.swiftkey, intendingUid=10145, isAccessAlowed=true
01-22 12:57:35.080  1679  2475 I ClipboardService: getPrimaryClip pkg=com.touchtype.swiftkey, intendingUid=10145, isAccessAlowed=true
01-22 12:57:35.080  1679  2475 I ClipboardService: getPrimaryClip pkg=com.touchtype.swiftkey, intendingUid=10145, isAccessAlowed=true
01-22 12:57:35.081  1679  2475 I ClipboardService: getPrimaryClip pkg=com.touchtype.swiftkey, intendingUid=10145, isAccessAlowed=true
01-22 12:57:35.081  1679  2475 I ClipboardService: getPrimaryClip pkg=com.touchtype.swiftkey, intendingUid=10145, isAccessAlowed=true
01-22 12:57:35.081  1679  2475 I ClipboardService: getPrimaryClip pkg=com.touchtype.swiftkey, intendingUid=10145, isAccessAlowed=true
01-22 12:57:35.082  1679  2475 I ClipboardService: getPrimaryClip pkg=com.touchtype.swiftkey, intendingUid=10145, isAccessAlowed=true
01-22 12:57:35.082  1679  2475 I ClipboardService: getPrimaryClip pkg=com.touchtype.swiftkey, intendingUid=10145, isAccessAlowed=true
01-22 12:57:35.083  1679  2475 I ClipboardService: getPrimaryClip pkg=com.touchtype.swiftkey, intendingUid=10145, isAccessAlowed=true
01-22 12:57:35.083  1679  2475 I ClipboardService: getPrimaryClip pkg=com.touchtype.swiftkey, intendingUid=10145, isAccessAlowed=true
01-22 12:57:35.083  1679  2475 I ClipboardService: getPrimaryClip pkg=com.touchtype.swiftkey, intendingUid=10145, isAccessAlowed=true
01-22 12:57:35.084  1679  2475 I ClipboardService: getPrimaryClip pkg=com.touchtype.swiftkey, intendingUid=10145, isAccessAlowed=true
01-22 12:57:35.084  1679  2475 I ClipboardService: getPrimaryClip pkg=com.touchtype.swiftkey, intendingUid=10145, isAccessAlowed=true
01-22 12:57:35.084  1679  2475 I ClipboardService: getPrimaryClip pkg=com.touchtype.swiftkey, intendingUid=10145, isAccessAlowed=true
01-22 12:57:35.085  1679  2475 I ClipboardService: getPrimaryClip pkg=com.touchtype.swiftkey, intendingUid=10145, isAccessAlowed=true
01-22 12:57:35.085  1679  2475 I ClipboardService: getPrimaryClip pkg=com.touchtype.swiftkey, intendingUid=10145, isAccessAlowed=true
01-22 12:57:35.086  1679  2475 I ClipboardService: getPrimaryClip pkg=com.touchtype.swiftkey, intendingUid=10145, isAccessAlowed=true
01-22 12:57:35.086  1679  2475 I ClipboardService: getPrimaryClip pkg=com.touchtype.swiftkey, intendingUid=10145, isAccessAlowed=true
01-22 12:57:35.086  1679  2475 I ClipboardService: getPrimaryClip pkg=com.touchtype.swiftkey, intendingUid=10145, isAccessAlowed=true
01-22 12:57:35.087  1679  2475 I ClipboardService: getPrimaryClip pkg=com.touchtype.swiftkey, intendingUid=10145, isAccessAlowed=true
01-22 12:57:35.087  1679  2475 I ClipboardService: getPrimaryClip pkg=com.touchtype.swiftkey, intendingUid=10145, isAccessAlowed=true
01-22 12:57:35.088  1679  2475 I ClipboardService: getPrimaryClip pkg=com.touchtype.swiftkey, intendingUid=10145, isAccessAlowed=true
01-22 12:57:35.088  1679  2475 I ClipboardService: getPrimaryClip pkg=com.touchtype.swiftkey, intendingUid=10145, isAccessAlowed=true
01-22 12:57:35.088  1679  2475 I ClipboardService: getPrimaryClip pkg=com.touchtype.swiftkey, intendingUid=10145, isAccessAlowed=true
01-22 12:57:35.089  1679  2475 I ClipboardService: getPrimaryClip pkg=com.touchtype.swiftkey, intendingUid=10145, isAccessAlowed=true
01-22 12:57:35.089  1679  2475 I ClipboardService: getPrimaryClip pkg=com.touchtype.swiftkey, intendingUid=10145, isAccessAlowed=true
01-22 12:57:35.089  1679  2475 I ClipboardService: getPrimaryClip pkg=com.touchtype.swiftkey, intendingUid=10145, isAccessAlowed=true
01-22 12:57:35.090  1679  2475 I ClipboardService: getPrimaryClip pkg=com.touchtype.swiftkey, intendingUid=10145, isAccessAlowed=true
01-22 12:57:35.090  1679  2475 I ClipboardService: getPrimaryClip pkg=com.touchtype.swiftkey, intendingUid=10145, isAccessAlowed=true
01-22 12:57:35.090  1679  2475 I ClipboardService: getPrimaryClip pkg=com.touchtype.swiftkey, intendingUid=10145, isAccessAlowed=true
01-22 12:57:35.091  1679  2475 I ClipboardService: getPrimaryClip pkg=com.touchtype.swiftkey, intendingUid=10145, isAccessAlowed=true
01-22 12:57:35.091  1679  2475 I ClipboardService: getPrimaryClip pkg=com.touchtype.swiftkey, intendingUid=10145, isAccessAlowed=true
01-22 12:57:35.091  1679  2475 I ClipboardService: getPrimaryClip pkg=com.touchtype.swiftkey, intendingUid=10145, isAccessAlowed=true
01-22 12:57:35.092  1679  2475 I ClipboardService: getPrimaryClip pkg=com.touchtype.swiftkey, intendingUid=10145, isAccessAlowed=true
01-22 12:57:35.092  1679  2475 I ClipboardService: getPrimaryClip pkg=com.touchtype.swiftkey, intendingUid=10145, isAccessAlowed=true
01-22 12:57:35.092  1679  2475 I ClipboardService: getPrimaryClip pkg=com.touchtype.swiftkey, intendingUid=10145, isAccessAlowed=true
01-22 12:57:35.093  1679  2475 I ClipboardService: getPrimaryClip pkg=com.touchtype.swiftkey, intendingUid=10145, isAccessAlowed=true
01-22 12:57:35.093  1679  2475 I ClipboardService: getPrimaryClip pkg=com.touchtype.swiftkey, intendingUid=10145, isAccessAlowed=true
01-22 12:57:35.094  1679  2475 I ClipboardService: getPrimaryClip pkg=com.touchtype.swiftkey, intendingUid=10145, isAccessAlowed=true
01-22 12:57:35.094  1679  2475 I ClipboardService: getPrimaryClip pkg=com.touchtype.swiftkey, intendingUid=10145, isAccessAlowed=true
01-22 12:57:35.094  1679  2475 I ClipboardService: getPrimaryClip pkg=com.touchtype.swiftkey, intendingUid=10145, isAccessAlowed=true
01-22 12:57:35.095  1679  2475 I ClipboardService: getPrimaryClip pkg=com.touchtype.swiftkey, intendingUid=10145, isAccessAlowed=true
01-22 12:57:35.095  1679  2475 I ClipboardService: getPrimaryClip pkg=com.touchtype.swiftkey, intendingUid=10145, isAccessAlowed=true
01-22 12:57:35.096  1679  2475 I ClipboardService: getPrimaryClip pkg=com.touchtype.swiftkey, intendingUid=10145, isAccessAlowed=true
01-22 12:57:35.096  1679  2475 I ClipboardService: getPrimaryClip pkg=com.touchtype.swiftkey, intendingUid=10145, isAccessAlowed=true
01-22 12:57:35.096  1679  2475 I ClipboardService: getPrimaryClip pkg=com.touchtype.swiftkey, intendingUid=10145, isAccessAlowed=true
01-22 12:57:35.097  1679  2475 I ClipboardService: getPrimaryClip pkg=com.touchtype.swiftkey, intendingUid=10145, isAccessAlowed=true
01-22 12:57:35.097  1679  2475 I ClipboardService: getPrimaryClip pkg=com.touchtype.swiftkey, intendingUid=10145, isAccessAlowed=true
01-22 12:57:35.097  1679  2475 I ClipboardService: getPrimaryClip pkg=com.touchtype.swiftkey, intendingUid=10145, isAccessAlowed=true
01-22 12:57:35.098  1679  2475 I ClipboardService: getPrimaryClip pkg=com.touchtype.swiftkey, intendingUid=10145, isAccessAlowed=true
01-22 12:57:35.098  1679  2475 I ClipboardService: getPrimaryClip pkg=com.touchtype.swiftkey, intendingUid=10145, isAccessAlowed=true
01-22 12:57:35.098  1679  2475 I ClipboardService: getPrimaryClip pkg=com.touchtype.swiftkey, intendingUid=10145, isAccessAlowed=true
01-22 12:57:35.099  1679  2475 I ClipboardService: getPrimaryClip pkg=com.touchtype.swiftkey, intendingUid=10145, isAccessAlowed=true
01-22 12:57:35.099  1679  2475 I ClipboardService: getPrimaryClip pkg=com.touchtype.swiftkey, intendingUid=10145, isAccessAlowed=true
01-22 12:57:35.099  1679  2475 I ClipboardService: getPrimaryClip pkg=com.touchtype.swiftkey, intendingUid=10145, isAccessAlowed=true
01-22 12:57:35.100  1679  2475 I ClipboardService: getPrimaryClip pkg=com.touchtype.swiftkey, intendingUid=10145, isAccessAlowed=true
01-22 12:57:35.100  1679  2475 I ClipboardService: getPrimaryClip pkg=com.touchtype.swiftkey, intendingUid=10145, isAccessAlowed=true
01-22 12:57:35.101  1679  2475 I ClipboardService: getPrimaryClip pkg=com.touchtype.swiftkey, intendingUid=10145, isAccessAlowed=true
01-22 12:57:35.101  1679  2475 I ClipboardService: getPrimaryClip pkg=com.touchtype.swiftkey, intendingUid=10145, isAccessAlowed=true
01-22 12:57:35.101  1679  2475 I ClipboardService: getPrimaryClip pkg=com.touchtype.swiftkey, intendingUid=10145, isAccessAlowed=true
01-22 12:57:35.123  1679  2475 I ActivityManager: startService: Intent { cmp=com.touchtype.swiftkey/com.touchtype.telemetry.TelemetryService (has extras) } callingPid: 4781 callingPackage:com.touchtype.swiftkey
01-22 12:57:35.126  1679  1749 D ActivityManager: setPrivilegeType serviceRecord: ServiceRecord{5fa5bf5 u0 com.touchtype.swiftkey/com.touchtype.telemetry.TelemetryService}, interfaceDescriptor: , shouldSetPrivType: false
01-22 12:57:35.262  1679  2471 I NotificationService: enqueueNotificationInternal: pkg=ch.protonvpn.android id=6 notification=Notification(channel=com.protonvpn.android shortcut=null contentView=null vibrate=null sound=null defaults=0x0 flags=0xa color=0x00000000 category=service actions=1 capsuleEnableStatus=-1 vis=PRIVATE), enqueue time: 390723081
01-22 12:57:35.265  1679  2471 I NotificationService: enqueueNotificationInternal Channel Info : pkg=ch.protonvpn.android id=6 importance =2, channelType=1, mapChannelType=1, notification=Notification(channel=com.protonvpn.android shortcut=null contentView=null vibrate=null sound=null defaults=0x0 flags=0x4a color=0x00000000 category=service actions=1 capsuleEnableStatus=-1 vis=PRIVATE)
01-22 12:57:35.266  1679  1679 I NotificationService: EnqueueNotificationRunnable.run for: 0|ch.protonvpn.android|6|null|10205
01-22 12:57:35.267  1679  1679 I HwNotificationDecisionCenter: getRemindDevice, isPhoneUsing=true, isHeadphoneAvailbale=false, isWatchAvailable=false, decision result=phone,record key=0|ch.protonvpn.android|6|null|10205
01-22 12:57:35.270  1679  1679 I NotificationListeners: notifyPostedLocked isDeviceUsing true remindDevice phone isSwingOwner true
01-22 12:57:35.272  1679  1679 I ActivityManager: setForegroundNotification enqueue time low: 390723081, 390723081
01-22 12:57:35.665  2351  9062 D HwCommBoosterService: reportBoosterPara enter
01-22 12:57:35.665  2351  9062 D HwCommBoosterManager: reportBoosterPara enter
01-22 12:57:35.666  2351  9062 D HwCommBoosterManager: pluginId: 2dataType:801
01-22 12:57:35.666  2351  2777 D HwCommBoosterManager: handleBoosterMessageSendModuleDataToPlugin enter
01-22 12:57:36.018  2351  2777 D BoosterUtil: convertSubIdToSlotId, subId invalid: -1
01-22 12:57:36.018  2351  2777 D BoosterUtil: getDefaultDataSlotId failed, invalid slotId:-1, subId:-1
01-22 12:57:36.018  2351  2777 D BoosterUtil: convertSubIdToSlotId, subId invalid: -1
01-22 12:57:36.018  2351  2777 D BoosterUtil: getDefaultDataSlotId failed, invalid slotId:-1, subId:-1
01-22 12:57:36.019  2351  2777 E Booster_BroadcastProxy: [isDebugModemEnabled]get package info fail.
01-22 12:57:36.019  2351  2777 E Booster_NetworkQoeChr: [chrBlerMonitorAndReport]modemQoeData is not present
01-22 12:57:36.273  1679  5395 I NotificationService: enqueueNotificationInternal: pkg=ch.protonvpn.android id=6 notification=Notification(channel=com.protonvpn.android shortcut=null contentView=null vibrate=null sound=null defaults=0x0 flags=0xa color=0x00000000 category=service actions=1 capsuleEnableStatus=-1 vis=PRIVATE), enqueue time: 390724093
01-22 12:57:36.276  1679  5395 I NotificationService: enqueueNotificationInternal Channel Info : pkg=ch.protonvpn.android id=6 importance =2, channelType=1, mapChannelType=1, notification=Notification(channel=com.protonvpn.android shortcut=null contentView=null vibrate=null sound=null defaults=0x0 flags=0x4a color=0x00000000 category=service actions=1 capsuleEnableStatus=-1 vis=PRIVATE)
01-22 12:57:36.277  1679  1679 I NotificationService: EnqueueNotificationRunnable.run for: 0|ch.protonvpn.android|6|null|10205
01-22 12:57:36.278  1679  1679 I HwNotificationDecisionCenter: getRemindDevice, isPhoneUsing=true, isHeadphoneAvailbale=false, isWatchAvailable=false, decision result=phone,record key=0|ch.protonvpn.android|6|null|10205
01-22 12:57:36.280  1679  1679 I NotificationListeners: notifyPostedLocked isDeviceUsing true remindDevice phone isSwingOwner true
01-22 12:57:36.283  1679  1679 I ActivityManager: setForegroundNotification enqueue time low: 390724093, 390724093
01-22 12:57:36.669  2351  9062 D HwCommBoosterService: reportBoosterPara enter
01-22 12:57:36.669  2351  9062 D HwCommBoosterManager: reportBoosterPara enter
01-22 12:57:36.670  2351  9062 D HwCommBoosterManager: pluginId: 2dataType:801
01-22 12:57:36.670  2351  2777 D HwCommBoosterManager: handleBoosterMessageSendModuleDataToPlugin enter
01-22 12:57:37.042  2351  2777 D BoosterUtil: convertSubIdToSlotId, subId invalid: -1
01-22 12:57:37.042  2351  2777 D BoosterUtil: getDefaultDataSlotId failed, invalid slotId:-1, subId:-1
01-22 12:57:37.042  2351  2777 D BoosterUtil: convertSubIdToSlotId, subId invalid: -1
01-22 12:57:37.042  2351  2777 D BoosterUtil: getDefaultDataSlotId failed, invalid slotId:-1, subId:-1
01-22 12:57:37.042  2351  2777 E Booster_BroadcastProxy: [isDebugModemEnabled]get package info fail.
01-22 12:57:37.042  2351  2777 E Booster_NetworkQoeChr: [chrBlerMonitorAndReport]modemQoeData is not present
01-22 12:57:37.284  1679  5395 I NotificationService: enqueueNotificationInternal: pkg=ch.protonvpn.android id=6 notification=Notification(channel=com.protonvpn.android shortcut=null contentView=null vibrate=null sound=null defaults=0x0 flags=0xa color=0x00000000 category=service actions=1 capsuleEnableStatus=-1 vis=PRIVATE), enqueue time: 390725103
01-22 12:57:37.286  1679  5395 I NotificationService: enqueueNotificationInternal Channel Info : pkg=ch.protonvpn.android id=6 importance =2, channelType=1, mapChannelType=1, notification=Notification(channel=com.protonvpn.android shortcut=null contentView=null vibrate=null sound=null defaults=0x0 flags=0x4a color=0x00000000 category=service actions=1 capsuleEnableStatus=-1 vis=PRIVATE)
01-22 12:57:37.287  1679  1679 I NotificationService: EnqueueNotificationRunnable.run for: 0|ch.protonvpn.android|6|null|10205
01-22 12:57:37.288  1679  1679 I HwNotificationDecisionCenter: getRemindDevice, isPhoneUsing=true, isHeadphoneAvailbale=false, isWatchAvailable=false, decision result=phone,record key=0|ch.protonvpn.android|6|null|10205
01-22 12:57:37.291  1679  1679 I NotificationListeners: notifyPostedLocked isDeviceUsing true remindDevice phone isSwingOwner true
01-22 12:57:37.293  1679  1679 I ActivityManager: setForegroundNotification enqueue time low: 390725103, 390725103
01-22 12:57:37.673  2351  9062 D HwCommBoosterService: reportBoosterPara enter
01-22 12:57:37.673  2351  9062 D HwCommBoosterManager: reportBoosterPara enter
01-22 12:57:37.674  2351  9062 D HwCommBoosterManager: pluginId: 2dataType:801
01-22 12:57:37.674  2351  2777 D HwCommBoosterManager: handleBoosterMessageSendModuleDataToPlugin enter
01-22 12:57:38.065  2351  2777 D BoosterUtil: convertSubIdToSlotId, subId invalid: -1
01-22 12:57:38.065  2351  2777 D BoosterUtil: getDefaultDataSlotId failed, invalid slotId:-1, subId:-1
01-22 12:57:38.065  2351  2777 D BoosterUtil: convertSubIdToSlotId, subId invalid: -1
01-22 12:57:38.065  2351  2777 D BoosterUtil: getDefaultDataSlotId failed, invalid slotId:-1, subId:-1
01-22 12:57:38.066  2351  2777 E Booster_BroadcastProxy: [isDebugModemEnabled]get package info fail.
01-22 12:57:38.066  2351  2777 E Booster_NetworkQoeChr: [chrBlerMonitorAndReport]modemQoeData is not present
01-22 12:57:38.297  1679  2471 I NotificationService: enqueueNotificationInternal: pkg=ch.protonvpn.android id=6 notification=Notification(channel=com.protonvpn.android shortcut=null contentView=null vibrate=null sound=null defaults=0x0 flags=0xa color=0x00000000 category=service actions=1 capsuleEnableStatus=-1 vis=PRIVATE), enqueue time: 390726117
01-22 12:57:38.300  1679  2471 I NotificationService: enqueueNotificationInternal Channel Info : pkg=ch.protonvpn.android id=6 importance =2, channelType=1, mapChannelType=1, notification=Notification(channel=com.protonvpn.android shortcut=null contentView=null vibrate=null sound=null defaults=0x0 flags=0x4a color=0x00000000 category=service actions=1 capsuleEnableStatus=-1 vis=PRIVATE)
01-22 12:57:38.301  1679  1679 I NotificationService: EnqueueNotificationRunnable.run for: 0|ch.protonvpn.android|6|null|10205
01-22 12:57:38.302  1679  1679 I HwNotificationDecisionCenter: getRemindDevice, isPhoneUsing=true, isHeadphoneAvailbale=false, isWatchAvailable=false, decision result=phone,record key=0|ch.protonvpn.android|6|null|10205
01-22 12:57:38.304  1679  1679 I NotificationListeners: notifyPostedLocked isDeviceUsing true remindDevice phone isSwingOwner true
01-22 12:57:38.307  1679  1679 I ActivityManager: setForegroundNotification enqueue time low: 390726117, 390726117
01-22 12:57:38.677  2351  9062 D HwCommBoosterService: reportBoosterPara enter
01-22 12:57:38.677  2351  9062 D HwCommBoosterManager: reportBoosterPara enter
01-22 12:57:38.677  2351  9062 D HwCommBoosterManager: pluginId: 2dataType:801
01-22 12:57:38.677  2351  2777 D HwCommBoosterManager: handleBoosterMessageSendModuleDataToPlugin enter
01-22 12:57:39.089  2351  2777 D BoosterUtil: convertSubIdToSlotId, subId invalid: -1
01-22 12:57:39.089  2351  2777 D BoosterUtil: getDefaultDataSlotId failed, invalid slotId:-1, subId:-1
01-22 12:57:39.089  2351  2777 D BoosterUtil: convertSubIdToSlotId, subId invalid: -1
01-22 12:57:39.089  2351  2777 D BoosterUtil: getDefaultDataSlotId failed, invalid slotId:-1, subId:-1
01-22 12:57:39.090  2351  2777 E Booster_BroadcastProxy: [isDebugModemEnabled]get package info fail.
01-22 12:57:39.090  2351  2777 E Booster_NetworkQoeChr: [chrBlerMonitorAndReport]modemQoeData is not present
01-22 12:57:39.309  1679  2475 I NotificationService: enqueueNotificationInternal: pkg=ch.protonvpn.android id=6 notification=Notification(channel=com.protonvpn.android shortcut=null contentView=null vibrate=null sound=null defaults=0x0 flags=0xa color=0x00000000 category=service actions=1 capsuleEnableStatus=-1 vis=PRIVATE), enqueue time: 390727129
01-22 12:57:39.312  1679  2475 I NotificationService: enqueueNotificationInternal Channel Info : pkg=ch.protonvpn.android id=6 importance =2, channelType=1, mapChannelType=1, notification=Notification(channel=com.protonvpn.android shortcut=null contentView=null vibrate=null sound=null defaults=0x0 flags=0x4a color=0x00000000 category=service actions=1 capsuleEnableStatus=-1 vis=PRIVATE)
01-22 12:57:39.313  1679  1679 I NotificationService: EnqueueNotificationRunnable.run for: 0|ch.protonvpn.android|6|null|10205
01-22 12:57:39.314  1679  1679 I HwNotificationDecisionCenter: getRemindDevice, isPhoneUsing=true, isHeadphoneAvailbale=false, isWatchAvailable=false, decision result=phone,record key=0|ch.protonvpn.android|6|null|10205
01-22 12:57:39.316  1679  1679 I NotificationListeners: notifyPostedLocked isDeviceUsing true remindDevice phone isSwingOwner true
01-22 12:57:39.319  1679  1679 I ActivityManager: setForegroundNotification enqueue time low: 390727129, 390727129
01-22 12:57:39.681  2351  9062 D HwCommBoosterService: reportBoosterPara enter
01-22 12:57:39.681  2351  9062 D HwCommBoosterManager: reportBoosterPara enter
01-22 12:57:39.681  2351  9062 D HwCommBoosterManager: pluginId: 2dataType:801
01-22 12:57:39.681  2351  2777 D HwCommBoosterManager: handleBoosterMessageSendModuleDataToPlugin enter
01-22 12:57:40.113  2351  2777 D BoosterUtil: convertSubIdToSlotId, subId invalid: -1
01-22 12:57:40.113  2351  2777 D BoosterUtil: getDefaultDataSlotId failed, invalid slotId:-1, subId:-1
01-22 12:57:40.113  2351  2777 D BoosterUtil: convertSubIdToSlotId, subId invalid: -1
01-22 12:57:40.113  2351  2777 D BoosterUtil: getDefaultDataSlotId failed, invalid slotId:-1, subId:-1
01-22 12:57:40.114  2351  2777 E Booster_BroadcastProxy: [isDebugModemEnabled]get package info fail.
01-22 12:57:40.114  2351  2777 E Booster_NetworkQoeChr: [chrBlerMonitorAndReport]modemQoeData is not present
01-22 12:57:40.328  1679  1807 I NotificationService: enqueueNotificationInternal: pkg=ch.protonvpn.android id=6 notification=Notification(channel=com.protonvpn.android shortcut=null contentView=null vibrate=null sound=null defaults=0x0 flags=0xa color=0x00000000 category=service actions=1 capsuleEnableStatus=-1 vis=PRIVATE), enqueue time: 390728148
01-22 12:57:40.330  1679  1807 I NotificationService: enqueueNotificationInternal Channel Info : pkg=ch.protonvpn.android id=6 importance =2, channelType=1, mapChannelType=1, notification=Notification(channel=com.protonvpn.android shortcut=null contentView=null vibrate=null sound=null defaults=0x0 flags=0x4a color=0x00000000 category=service actions=1 capsuleEnableStatus=-1 vis=PRIVATE)
01-22 12:57:40.331  1679  1679 I NotificationService: EnqueueNotificationRunnable.run for: 0|ch.protonvpn.android|6|null|10205
01-22 12:57:40.332  1679  1679 I HwNotificationDecisionCenter: getRemindDevice, isPhoneUsing=true, isHeadphoneAvailbale=false, isWatchAvailable=false, decision result=phone,record key=0|ch.protonvpn.android|6|null|10205
01-22 12:57:40.335  1679  1679 I NotificationListeners: notifyPostedLocked isDeviceUsing true remindDevice phone isSwingOwner true
01-22 12:57:40.338  1679  1679 I ActivityManager: setForegroundNotification enqueue time low: 390728148, 390728148
01-22 12:57:40.685  2351 11945 D HwCommBoosterService: reportBoosterPara enter
01-22 12:57:40.685  2351 11945 D HwCommBoosterManager: reportBoosterPara enter
01-22 12:57:40.685  2351 11945 D HwCommBoosterManager: pluginId: 2dataType:801
01-22 12:57:40.685  2351  2777 D HwCommBoosterManager: handleBoosterMessageSendModuleDataToPlugin enter
01-22 12:57:41.138  2351  2777 D BoosterUtil: convertSubIdToSlotId, subId invalid: -1
01-22 12:57:41.138  2351  2777 D BoosterUtil: getDefaultDataSlotId failed, invalid slotId:-1, subId:-1
01-22 12:57:41.138  2351  2777 D BoosterUtil: convertSubIdToSlotId, subId invalid: -1
01-22 12:57:41.138  2351  2777 D BoosterUtil: getDefaultDataSlotId failed, invalid slotId:-1, subId:-1
01-22 12:57:41.139  2351  2777 E Booster_BroadcastProxy: [isDebugModemEnabled]get package info fail.
01-22 12:57:41.139  2351  2777 E Booster_NetworkQoeChr: [chrBlerMonitorAndReport]modemQoeData is not present
01-22 12:57:41.341  1679  1807 I NotificationService: enqueueNotificationInternal: pkg=ch.protonvpn.android id=6 notification=Notification(channel=com.protonvpn.android shortcut=null contentView=null vibrate=null sound=null defaults=0x0 flags=0xa color=0x00000000 category=service actions=1 capsuleEnableStatus=-1 vis=PRIVATE), enqueue time: 390729160
01-22 12:57:41.344  1679  1807 I NotificationService: enqueueNotificationInternal Channel Info : pkg=ch.protonvpn.android id=6 importance =2, channelType=1, mapChannelType=1, notification=Notification(channel=com.protonvpn.android shortcut=null contentView=null vibrate=null sound=null defaults=0x0 flags=0x4a color=0x00000000 category=service actions=1 capsuleEnableStatus=-1 vis=PRIVATE)
01-22 12:57:41.345  1679  1679 I NotificationService: EnqueueNotificationRunnable.run for: 0|ch.protonvpn.android|6|null|10205
01-22 12:57:41.346  1679  1679 I HwNotificationDecisionCenter: getRemindDevice, isPhoneUsing=true, isHeadphoneAvailbale=false, isWatchAvailable=false, decision result=phone,record key=0|ch.protonvpn.android|6|null|10205
01-22 12:57:41.348  1679  1679 I NotificationListeners: notifyPostedLocked isDeviceUsing true remindDevice phone isSwingOwner true
01-22 12:57:41.350  1679  1679 I ActivityManager: setForegroundNotification enqueue time low: 390729160, 390729160
01-22 12:57:41.689  2351 11945 D HwCommBoosterService: reportBoosterPara enter
01-22 12:57:41.689  2351 11945 D HwCommBoosterManager: reportBoosterPara enter
01-22 12:57:41.689  2351 11945 D HwCommBoosterManager: pluginId: 2dataType:801
01-22 12:57:41.689  2351  2777 D HwCommBoosterManager: handleBoosterMessageSendModuleDataToPlugin enter
01-22 12:57:42.162  2351  2777 D BoosterUtil: convertSubIdToSlotId, subId invalid: -1
01-22 12:57:42.162  2351  2777 D BoosterUtil: getDefaultDataSlotId failed, invalid slotId:-1, subId:-1
01-22 12:57:42.162  2351  2777 D BoosterUtil: convertSubIdToSlotId, subId invalid: -1
01-22 12:57:42.162  2351  2777 D BoosterUtil: getDefaultDataSlotId failed, invalid slotId:-1, subId:-1
01-22 12:57:42.162  2351  2777 E Booster_BroadcastProxy: [isDebugModemEnabled]get package info fail.
01-22 12:57:42.162  2351  2777 E Booster_NetworkQoeChr: [chrBlerMonitorAndReport]modemQoeData is not present
01-22 12:57:42.353  1679  5395 I NotificationService: enqueueNotificationInternal: pkg=ch.protonvpn.android id=6 notification=Notification(channel=com.protonvpn.android shortcut=null contentView=null vibrate=null sound=null defaults=0x0 flags=0xa color=0x00000000 category=service actions=1 capsuleEnableStatus=-1 vis=PRIVATE), enqueue time: 390730172
01-22 12:57:42.355  1679  5395 I NotificationService: enqueueNotificationInternal Channel Info : pkg=ch.protonvpn.android id=6 importance =2, channelType=1, mapChannelType=1, notification=Notification(channel=com.protonvpn.android shortcut=null contentView=null vibrate=null sound=null defaults=0x0 flags=0x4a color=0x00000000 category=service actions=1 capsuleEnableStatus=-1 vis=PRIVATE)
01-22 12:57:42.356  1679  1679 I NotificationService: EnqueueNotificationRunnable.run for: 0|ch.protonvpn.android|6|null|10205
01-22 12:57:42.357  1679  1679 I HwNotificationDecisionCenter: getRemindDevice, isPhoneUsing=true, isHeadphoneAvailbale=false, isWatchAvailable=false, decision result=phone,record key=0|ch.protonvpn.android|6|null|10205
01-22 12:57:42.359  1679  1679 I NotificationListeners: notifyPostedLocked isDeviceUsing true remindDevice phone isSwingOwner true
01-22 12:57:42.361  1679  1679 I ActivityManager: setForegroundNotification enqueue time low: 390730172, 390730172
01-22 12:57:42.693  2351 11945 D HwCommBoosterService: reportBoosterPara enter
01-22 12:57:42.693  2351 11945 D HwCommBoosterManager: reportBoosterPara enter
01-22 12:57:42.693  2351 11945 D HwCommBoosterManager: pluginId: 2dataType:801
01-22 12:57:42.693  2351  2777 D HwCommBoosterManager: handleBoosterMessageSendModuleDataToPlugin enter
01-22 12:57:43.186  2351  2777 D BoosterUtil: convertSubIdToSlotId, subId invalid: -1
01-22 12:57:43.186  2351  2777 D BoosterUtil: getDefaultDataSlotId failed, invalid slotId:-1, subId:-1
01-22 12:57:43.186  2351  2777 D BoosterUtil: convertSubIdToSlotId, subId invalid: -1
01-22 12:57:43.186  2351  2777 D BoosterUtil: getDefaultDataSlotId failed, invalid slotId:-1, subId:-1
01-22 12:57:43.186  2351  2777 E Booster_BroadcastProxy: [isDebugModemEnabled]get package info fail.
01-22 12:57:43.186  2351  2777 E Booster_NetworkQoeChr: [chrBlerMonitorAndReport]modemQoeData is not present
01-22 12:57:43.363  1679  1807 I NotificationService: enqueueNotificationInternal: pkg=ch.protonvpn.android id=6 notification=Notification(channel=com.protonvpn.android shortcut=null contentView=null vibrate=null sound=null defaults=0x0 flags=0xa color=0x00000000 category=service actions=1 capsuleEnableStatus=-1 vis=PRIVATE), enqueue time: 390731183
01-22 12:57:43.366  1679  1807 I NotificationService: enqueueNotificationInternal Channel Info : pkg=ch.protonvpn.android id=6 importance =2, channelType=1, mapChannelType=1, notification=Notification(channel=com.protonvpn.android shortcut=null contentView=null vibrate=null sound=null defaults=0x0 flags=0x4a color=0x00000000 category=service actions=1 capsuleEnableStatus=-1 vis=PRIVATE)
01-22 12:57:43.367  1679  1679 I NotificationService: EnqueueNotificationRunnable.run for: 0|ch.protonvpn.android|6|null|10205
01-22 12:57:43.368  1679  1679 I HwNotificationDecisionCenter: getRemindDevice, isPhoneUsing=true, isHeadphoneAvailbale=false, isWatchAvailable=false, decision result=phone,record key=0|ch.protonvpn.android|6|null|10205
01-22 12:57:43.370  1679  1679 I NotificationListeners: notifyPostedLocked isDeviceUsing true remindDevice phone isSwingOwner true
01-22 12:57:43.372  1679  1679 I ActivityManager: setForegroundNotification enqueue time low: 390731183, 390731183
01-22 12:57:43.697  2351 11945 D HwCommBoosterService: reportBoosterPara enter
01-22 12:57:43.697  2351 11945 D HwCommBoosterManager: reportBoosterPara enter
01-22 12:57:43.697  2351 11945 D HwCommBoosterManager: pluginId: 2dataType:801
01-22 12:57:43.697  2351  2777 D HwCommBoosterManager: handleBoosterMessageSendModuleDataToPlugin enter
01-22 12:57:44.210  2351  2777 D BoosterUtil: convertSubIdToSlotId, subId invalid: -1
01-22 12:57:44.210  2351  2777 D BoosterUtil: getDefaultDataSlotId failed, invalid slotId:-1, subId:-1
01-22 12:57:44.210  2351  2777 D BoosterUtil: convertSubIdToSlotId, subId invalid: -1
01-22 12:57:44.210  2351  2777 D BoosterUtil: getDefaultDataSlotId failed, invalid slotId:-1, subId:-1
01-22 12:57:44.210  2351  2777 E Booster_BroadcastProxy: [isDebugModemEnabled]get package info fail.
01-22 12:57:44.211  2351  2777 E Booster_NetworkQoeChr: [chrBlerMonitorAndReport]modemQoeData is not present
01-22 12:57:44.373  1679  1807 I NotificationService: enqueueNotificationInternal: pkg=ch.protonvpn.android id=6 notification=Notification(channel=com.protonvpn.android shortcut=null contentView=null vibrate=null sound=null defaults=0x0 flags=0xa color=0x00000000 category=service actions=1 capsuleEnableStatus=-1 vis=PRIVATE), enqueue time: 390732193
01-22 12:57:44.375  1679  1807 I NotificationService: enqueueNotificationInternal Channel Info : pkg=ch.protonvpn.android id=6 importance =2, channelType=1, mapChannelType=1, notification=Notification(channel=com.protonvpn.android shortcut=null contentView=null vibrate=null sound=null defaults=0x0 flags=0x4a color=0x00000000 category=service actions=1 capsuleEnableStatus=-1 vis=PRIVATE)
01-22 12:57:44.376  1679  1679 I NotificationService: EnqueueNotificationRunnable.run for: 0|ch.protonvpn.android|6|null|10205
