01-22 12:58:08.789  1679  1982 I WiFi_PRO_WifiProStateMachine: resetWifiQoeBad
01-22 12:58:08.789  1679  1982 I WiFi_PRO_WifiProStateMachine: the fast decay result in WifiProStateMachine : 1
01-22 12:58:08.789  1679  1982 I WiFi_PRO_WifiProStateMachine: Non-corporate && open network, the fast decay result is : 1
01-22 12:58:08.789  1679  1982 I WiFi_PRO_WifiProStateMachine: ignore fastdecay and asymmetricLink, because of rssi > -65
01-22 12:58:08.797  2351 30665 D HwCommBoosterService: reportBoosterPara enter
01-22 12:58:08.797  2351 30665 D HwCommBoosterManager: reportBoosterPara enter
01-22 12:58:08.797  2351 30665 D HwCommBoosterManager: pluginId: 2dataType:801
01-22 12:58:08.797  2351  2777 D HwCommBoosterManager: handleBoosterMessageSendModuleDataToPlugin enter
01-22 12:58:08.988  1271  3588 I AwareLog: iawared: fg_hl_ctl check high load task, tid:24235, threadName:RxNewThreadSche, packageName:com.newskyer.draw:ai, percent:22 doCtrl=1 
01-22 12:58:08.988  1271  3588 I AwareLog: iawared: fg_hl_ctl tid:24235, qos:0, Thread:0, isExcludeThread=0, isFgTask:0 times=2 
01-22 12:58:09.252  1299  1499 E RUNTIME : ContextSetCurrentRef:54 ctx is nullptr!
01-22 12:58:09.252  1299  1499 E hiaiserver: DEVDRV : DevdrvOpenDeviceManager:61 open device manager fail, errno = 2
01-22 12:58:09.252  1299  1499 E hiaiserver: DEVDRV : reportStat:44 get file stat fail, errno = 2
01-22 12:58:09.252  1299  1499 E hiaiserver: DEVDRV : DrvDeviceGetCount:131 open device error
01-22 12:58:09.252  1299  1499 E RUNTIME : GetDeviceCount:72 Get device count fail, errorcode = 2
01-22 12:58:09.252  1299  1499 E RUNTIME : rtSetDevice:81 Get device count failed
01-22 12:58:09.252  1299  1499 E AI_NPUCL: npu_resilience.cc SetDevice(27)::"rtSetDevice fail"
01-22 12:58:09.300   591   591 E SELinux : avc:  denied  { find } for pid=10969 uid=5531 name=huawei.android.security.IAppBehaviorDataAnalyzer scontext=u:r:sle:s0:c155,c277,c512,c768 tcontext=u:object_r:hsm_aiprotection_analyzer_service:s0 tclass=service_manager permissive=0
01-22 12:58:09.300   591   591 E servicemanager: 'huawei.android.security.IAppBehaviorDataAnalyzer' is not accessible by 10969 (SELinux restricted)
01-22 12:58:09.676  1679  5938 I NotificationService: enqueueNotificationInternal: pkg=ch.protonvpn.android id=6 notification=Notification(channel=com.protonvpn.android shortcut=null contentView=null vibrate=null sound=null defaults=0x0 flags=0xa color=0x00000000 category=service actions=1 capsuleEnableStatus=-1 vis=PRIVATE), enqueue time: 390757495
01-22 12:58:09.676  1679  5938 W HwNotificationManagerServiceEx: isBanNotification control information formats is invalid !
01-22 12:58:09.677  1679  5938 E SEAPP_C_SeAppPolicyManagerImpl: getPolicyType: ResponseParcel{code=400, message='cannot find seapp policy for policyName=unobtrusive-notification', result={}}
01-22 12:58:09.677  1679  5938 E SEAPP_C_SeAppPolicyManagerImpl: getPolicyType: ResponseParcel{code=400, message='cannot find seapp policy for policyName=weird-custom-notification', result={}}
01-22 12:58:09.677  1679  5938 E SEAPP_C_SeAppPolicyManagerImpl: getStrategy: ResponseParcel{code=400, message='cannot find package strategy for policyName=weird-custom-notification, packageName=ch.protonvpn.android', result={}}
01-22 12:58:09.678  1679  5938 I HwNotificationService: notification data size : 4932
01-22 12:58:09.680  2351  2777 I OllieMsgCenter: publishEvt=2135097353
01-22 12:58:09.680  1679  5938 I NotificationService: enqueueNotificationInternal Channel Info : pkg=ch.protonvpn.android id=6 importance =2, channelType=1, mapChannelType=1, notification=Notification(channel=com.protonvpn.android shortcut=null contentView=null vibrate=null sound=null defaults=0x0 flags=0x4a color=0x00000000 category=service actions=1 capsuleEnableStatus=-1 vis=PRIVATE)
01-22 12:58:09.680  1679  5938 I HwNotificationService: shouldBlockByMediaController : pkgName =ch.protonvpn.android,isCustomNotification =false,isMediaNotification =false
01-22 12:58:09.681  1679  1679 I NotificationService: EnqueueNotificationRunnable.run for: 0|ch.protonvpn.android|6|null|10205
01-22 12:58:09.682  1679  1679 I HwNotificationDecisionCenter: getRemindDevice, isPhoneUsing=true, isHeadphoneAvailbale=false, isWatchAvailable=false, decision result=phone,record key=0|ch.protonvpn.android|6|null|10205
01-22 12:58:09.683  1679  1679 I HwNotificationService: sbn is from push: false
01-22 12:58:09.684  1679  1679 I HwNotificationService: specialType is:floating_window_notification ,topFullscreen is:false,isRequestSingleLine :false,HWMULTIWIN_ENABLED is:true
01-22 12:58:09.684  1679  1679 D HwNotificationService: mGameDndStatus is:false ,isGameDndSwitchOn is:false,isDeferLaunchActivity is:false
01-22 12:58:09.685  1679  1679 I NotificationListeners: enter notifyPostedLocked!!!
01-22 12:58:09.685  1679  1679 I NotificationListeners: notifyPostedLocked isDeviceUsing true remindDevice phone isSwingOwner true
01-22 12:58:09.688  2365  2647 I AppManager: app:ch.protonvpn.android Notification update time:390757508
01-22 12:58:09.688  2365  2647 I AppManager: app : ch.protonvpn.android add Notification persist:true now Ids:{6}
01-22 12:58:09.688  2124  3688 I NotificationListener: ntf delay because of screenOn
01-22 12:58:09.689  2365  2919 I ApplistMgr: health connected device info: [-1,-1]
01-22 12:58:09.690  1679  1679 I ActivityManager: setForegroundNotification enqueue time low: 390757495, 390757495
01-22 12:58:09.719  2124  2124 I NotificationListener: onNotificationPosted: StatusBarNotification(pkg=ch.protonvpn.android user=UserHandle{0} id=6 tag=null key=0|ch.protonvpn.android|6|null|10205 groupKey=0|ch.protonvpn.android|g:ranker_group6 overrideGroupKey=null: Notification(channel=com.protonvpn.android shortcut=null contentView=null vibrate=null sound=null defaults=0x0 flags=0x6a color=0x00000000 category=service groupKey=ranker_group6 actions=1 capsuleEnableStatus=-1 vis=PRIVATE)) important=2, post=1769083089679, when=1769021150022,showWhen=false, vis=0, userid=0, hasFullScreenIntent=false,style=null, liveType: 0, channelType: 0, isUseSmallIcon: false, isFSWithoutSmallIcon:false
01-22 12:58:09.721  2124  2124 D InterruptionStateProvider: No bubble up: not allowed to bubble: 0|ch.protonvpn.android|6|null|10205
01-22 12:58:09.722  2124  2124 D InterruptionStateProvider: No heads up: unimportant notification: 0|ch.protonvpn.android|6|null|10205
01-22 12:58:09.725  2351  7775 I fast_decay: HandleBeaconRssiInfo, fastDecayResult is : 1, wifiFastDecayTotalResult is : 1
01-22 12:58:09.725  2351  7775 I asymmetric_link: getPer, getPer: 0.000000, filterTxRate: 6845.707031, filterRxRate: 11917.083984
01-22 12:58:09.725  2351  7775 I asymmetric_link: IsAsymmetricLinkSuccess, return false. filterFlow is : 1.412746
01-22 12:58:09.725  2351  7775 I asymmetric_link: HandleAsymmetricLinkInfo, the txRssi: -83.741753, the activeNodeCnt: -1, the wifiAsymmetricLinkResult : 0
01-22 12:58:09.728  2124  2124 D HwColumnSystem: normal mode, mWidthPixel: 2800
01-22 12:58:09.728  2124  2124 I NotifSectionsManager: updateFirstAndLastViewsForAllSections, changed:false
01-22 12:58:09.731  2124  2124 I NPV     : LiveNotification is not showing, height = 279.0
01-22 12:58:09.732  2124  2124 D StackScrollAlgorithm: liveRowList is empty
01-22 12:58:09.733  2124  2124 E NotificationContentView: updateSingleLinePinnedState: new=false;old=false, entry:0|ch.protonvpn.android|6|null|10205
01-22 12:58:09.733  2124  2124 I NotifContentInflater: cancelContentViewFrees, key : 0|ch.protonvpn.android|6|null|10205, contentViews : 3
01-22 12:58:09.734  2124  4229 I HwNotificationEntry: loadLargeIcon: true
01-22 12:58:09.734  2124  4229 I HwNotificationEntry: loadAppIcon use cache
01-22 12:58:09.736  2124  4229 I Bitmap  : source bitmap colorspace: sRGB IEC61966-2.1
01-22 12:58:09.736  2124  4229 I HwNotificationEntry: loadAodIcon source:appIcon, key:0|ch.protonvpn.android|6|null|10205
01-22 12:58:09.736  2124  2124 D HwEntryBindHelper: setCustomBackground start.
01-22 12:58:09.736  2124  2124 D HwEntryBindHelper: setCustomBackground end.
01-22 12:58:09.736  2124  2124 I HwEntryBindHelper: key: 0|ch.protonvpn.android|6|null|10205; appName: Proton VPN; isExpanded: false; collapseContent: 45; expandContent: 45; bindType: 0; night mode: true; title: 20
01-22 12:58:09.739  2124  2124 D HwEntryBindHelper: setCustomBackground start.
01-22 12:58:09.739  2124  2124 D HwEntryBindHelper: setCustomBackground end.
01-22 12:58:09.739  2124  2124 I HwEntryBindHelper: key: 0|ch.protonvpn.android|6|null|10205; appName: Proton VPN; isExpanded: true; collapseContent: 45; expandContent: 45; bindType: 1; night mode: true; title: 20
01-22 12:58:09.741  2124  2124 I HwNotificationContentView: keyName0|ch.protonvpn.android|6|null|10205,isExpandable:true
01-22 12:58:09.741  2124  2124 I HwNotificationContentView: keyName0|ch.protonvpn.android|6|null|10205,isExpandable:true
01-22 12:58:09.741  2124  2124 I HwNotificationContentView: keyName0|ch.protonvpn.android|6|null|10205,isExpandable:false
01-22 12:58:09.741  2124  2124 I HwNotificationBaseLayout: shelfIconVisible:true
01-22 12:58:09.741  2124  2124 I HwNotificationBaseLayout: shelfIconVisible:true
01-22 12:58:09.742  2124  2124 W HwActivetableNotificationViewImpl: isHeadsup=false, headsupAndPanelshrink=false, 0|ch.protonvpn.android|6|null|10205, false
01-22 12:58:09.742  2124  2124 W HwActivetableNotificationViewImpl: not BLUR_FEATURE_ENABLED isScreenShotBlur: false
01-22 12:58:09.742  2124  2124 I HwNotificationContentInflater: startInflateViews entry inflate finish: 0|ch.protonvpn.android|6|null|10205, 3, false
01-22 12:58:09.742  2124  2124 D HwColumnSystem: normal mode, mWidthPixel: 2800
01-22 12:58:09.743  2124  2124 D HwNotificationContentView: layoutChild childType[3], child == null
01-22 12:58:09.743  2124  2124 D HwNotificationContentView: layoutChild childType[2], child == null
01-22 12:58:09.743  2124  2124 I NotifSectionsManager: updateFirstAndLastViewsForAllSections, changed:false
01-22 12:58:09.745  2124  2124 D StackScrollAlgorithm: liveRowList is empty
01-22 12:58:09.793  1679  1873 I TrafficMonitor: update:rxPkts:11,txPkts:9,rxBytes:4372,txBytes:1644
01-22 12:58:09.793  1679  1873 I TrafficMonitor: gettimer:interval=2000
01-22 12:58:09.801  2351 30665 D HwCommBoosterService: reportBoosterPara enter
01-22 12:58:09.801  2351 30665 D HwCommBoosterManager: reportBoosterPara enter
01-22 12:58:09.801  2351 30665 D HwCommBoosterManager: pluginId: 2dataType:801
01-22 12:58:09.801  2351  2777 D HwCommBoosterManager: handleBoosterMessageSendModuleDataToPlugin enter
01-22 12:58:09.809  2351  7775 I Booster_Qoe: Ada,index:8,NisPsSlow:0,NProba:285,rsrp(rssi):-61,rsrq(noise):-84,rtt(chload):20,BFH(uldelay):1,BFC(rtt):0 Real:0,0,0,0,0, dlBler:0, ulBler:0
01-22 12:58:09.809  2351  7775 I Booster_Qoe: Ada,index:2,NisPsSlow:0,NProba:285,rsrp(rssi):-61,rsrq(noise):-84,rtt(chload):20,BFH(uldelay):1,BFC(rtt):0 Real:0,0,0,0,0, dlBler:0, ulBler:0
01-22 12:58:09.809  2351  2777 E NetworkQoeProxy: invalid channelId = 0
01-22 12:58:09.809  2351  2777 E NetworkQoeProxy: invalid channelId = 1
01-22 12:58:09.810  2351  2777 D BoosterUtil: convertSubIdToSlotId, subId invalid: -1
01-22 12:58:09.810  2351  2777 D BoosterUtil: getDefaultDataSlotId failed, invalid slotId:-1, subId:-1
01-22 12:58:09.810  2351  2777 D BoosterUtil: convertSubIdToSlotId, subId invalid: -1
01-22 12:58:09.810  2351  2777 D BoosterUtil: getDefaultDataSlotId failed, invalid slotId:-1, subId:-1
01-22 12:58:09.810  2351  2777 E Booster_BroadcastProxy: [isDebugModemEnabled]get package info fail.
01-22 12:58:09.810  2351  2777 E Booster_NetworkQoeChr: [chrBlerMonitorAndReport]modemQoeData is not present
01-22 12:58:09.811  2351  3185 D Hicom_XEngineProc: isSupportLocalSocketKit packageNam: de.bennik2000.dhbwstudentapp isSupported: false
01-22 12:58:09.812  1679  1982 I WiFi_PRO_WifiProStateMachine: APP_SERVICE_QOE_NOTIFY Qoe info 10244,4,0,285,1,2,4,0,285,680600,864700,11,10,0,0,0,0 CID 2 mMasterWifiRssi -61 mMasterCardAmbr 1048576 mSlaveCardAmbr 1048576
01-22 12:58:09.813  1679  1982 I WifiService: getConnectionInfo uid=1000, callingPackage=android
01-22 12:58:09.813  1679  1982 V WifiPermissionsWrapper: getUidPermission(android.permission.LOCAL_MAC_ADDRESS, 1000): true
01-22 12:58:09.813  1679  1982 V WifiService: Clearing REDACT_FOR_LOCAL_MAC_ADDRESS for android(uid=1000)
01-22 12:58:09.813  1679  1982 V WifiPermissionsWrapper: getUidPermission(android.permission.NETWORK_SETTINGS, 1000): true
01-22 12:58:09.813  1679  1982 V WifiService: Clearing REDACT_FOR_NETWORK_SETTINGS for android(uid=1000)
01-22 12:58:09.813  1679  1982 V WifiService: Clearing REDACT_FOR_ACCESS_FINE_LOCATION for android(uid=1000)
01-22 12:58:09.813  1679  1982 V WifiPermissionsWrapper: getUidPermission(android.permission.NETWORK_SETTINGS, 1000): true
01-22 12:58:09.813  1679  1982 V HwWifiServiceFactory: get AllImpl object = com.android.server.wifi.HwWifiServiceFactoryImpl@8a1bb4b
01-22 12:58:09.813  1679  1982 I HwWifiProServiceProxy: ctrlHwWifiNetwork pkgName: WIFIPRO_SERVICE interfaceId: 9
01-22 12:58:09.813  1679  1982 I WiFi_PRO_WifiProStateMachine: isWifi2WifiProcess = false, mIsNeedIgnoreQoeUpdate = false, mIsAppInBlacklistFullScreen = false, mIsWiFiNoInternet false, screen on = true, full screen = false, isLandscapeMode = true, mNotifyWifiLinkPoorReason = -1, mIsAppInBlacklistQoe false, mIsAppInBlackListAll false
01-22 12:58:09.813  1679  1982 E WiFi_PROHumanFactorRecommend: isEconomicTrafficUser, invalid slotId=-1
01-22 12:58:09.813  1679  1982 I WiFi_PRO_WifiProStateMachine: , mAppQoeBadCnt = 0, mNetworkSlowReason = 0, isEconomicTrafficUser =false, mStrategy =0
01-22 12:58:09.813  1679  1982 I WifiService: getConnectionInfo uid=1000, callingPackage=android
01-22 12:58:09.813  1679  1982 V WifiPermissionsWrapper: getUidPermission(android.permission.LOCAL_MAC_ADDRESS, 1000): true
01-22 12:58:09.813  1679  1982 V WifiService: Clearing REDACT_FOR_LOCAL_MAC_ADDRESS for android(uid=1000)
01-22 12:58:09.813  1679  1982 V WifiPermissionsWrapper: getUidPermission(android.permission.NETWORK_SETTINGS, 1000): true
01-22 12:58:09.813  1679  1982 V WifiService: Clearing REDACT_FOR_NETWORK_SETTINGS for android(uid=1000)
01-22 12:58:09.813  1679  1982 V WifiService: Clearing REDACT_FOR_ACCESS_FINE_LOCATION for android(uid=1000)
01-22 12:58:09.813  1679  1982 V WifiPermissionsWrapper: getUidPermission(android.permission.NETWORK_SETTINGS, 1000): true
01-22 12:58:09.813  1679  1982 V HwWifiServiceFactory: get AllImpl object = com.android.server.wifi.HwWifiServiceFactoryImpl@8a1bb4b
01-22 12:58:09.814  1679  1982 I WiFi_PRO_WifiProStateMachine: getAppQoeInfoReason badReason:0
01-22 12:58:09.814  1679  1982 I WiFi_PRO_WifiProStateMachine: resetWifiQoeBad
01-22 12:58:09.814  1679  1982 I WiFi_PRO_WifiProStateMachine: the fast decay result in WifiProStateMachine : 1
01-22 12:58:09.814  1679  1982 I WiFi_PRO_WifiProStateMachine: Non-corporate && open network, the fast decay result is : 1
01-22 12:58:09.814  1679  1982 I WiFi_PRO_WifiProStateMachine: ignore fastdecay and asymmetricLink, because of rssi > -65
01-22 12:58:09.892 24061 24069 I bms_behavior: [WaitConditionStatus]: runState = 1, cvStatus = 1 
01-22 12:58:09.892 24061 24069 E bms_file: [BmsFileReadBuffer]: file /sys/class/hw_power/charger/direct_charger_sc4/direct_charge_succ is invalid
01-22 12:58:09.892 24061 24069 E bms_file: [BmsFileReadBuffer]: file /sys/class/hw_power/charger/direct_charger_sc4/direct_charge_succ is invalid
01-22 12:58:09.893 24061 24069 E bms_file: [BmsFileReadBuffer]: file /sys/class/hw_power/charger/direct_charger_sc4/direct_charge_succ is invalid
01-22 12:58:09.893 24061 24069 D bms_behavior: [GetChargeMaxPower]: mode:0, max_power:0
01-22 12:58:09.894 24061 24069 E bms_file: [BmsFileReadBuffer]: file /sys/class/hw_power/charger/direct_charger_sc4/direct_charge_succ is invalid
01-22 12:58:09.894 24061 24069 D bms_behavior: [GetCableType]: cable type:0
01-22 12:58:09.901 24061 24069 E bms_file: [BmsFileReadBuffer]: file /sys/class/hw_power/charger/direct_charger_sc4/direct_charge_succ is invalid
01-22 12:58:09.903 24061 24068 I bms_behavior: [WaitConditionStatus]: runState = 1, cvStatus = 1 
01-22 12:58:09.903 24061 24068 E bms_file: [BmsFileReadBuffer]: file /sys/class/hw_power/charger/direct_charger_sc4/direct_charge_succ is invalid
01-22 12:58:09.904 24061 24068 E bms_file: [BmsFileReadBuffer]: file /sys/class/hw_power/charger/direct_charger_sc4/direct_charge_succ is invalid
01-22 12:58:09.904 24061 24068 E bms_file: [BmsFileReadBuffer]: file /sys/class/hw_power/charger/direct_charger_sc4/direct_charge_succ is invalid
01-22 12:58:09.904  1271  8951 I CPU_STATS: iawared: query next cpu load with 2!
01-22 12:58:09.904 24061 24068 D bms_behavior: [GetChargeMaxPower]: mode:0, max_power:0
01-22 12:58:09.904  1271  8951 I CPU_STATS: total cost time 2012503750 ns
01-22 12:58:09.904  1271  8951 I CPU_STATS: iawared: current total load is 0.063581, capacity : 5166, pre load:  45314626936406, current load : 45315272464417
01-22 12:58:09.905 24061 24068 E bms_file: [BmsFileReadBuffer]: file /sys/class/hw_power/charger/direct_charger_sc4/direct_charge_succ is invalid
01-22 12:58:09.905 24061 24068 D bms_behavior: [GetCableType]: cable type:0
01-22 12:58:09.905  1271  8951 I CPU_STATS: read once cost time 1381 us
01-22 12:58:09.912 24061 24068 E bms_file: [BmsFileReadBuffer]: file /sys/class/hw_power/charger/direct_charger_sc4/direct_charge_succ is invalid
01-22 12:58:09.914 24061 24069 E bms_file: [BmsFileReadBuffer]: file /sys/class/hw_power/charger/direct_charger_sc4/direct_charge_succ is invalid
01-22 12:58:09.926 24061 24068 E bms_file: [BmsFileReadBuffer]: file /sys/class/hw_power/charger/direct_charger_sc4/direct_charge_succ is invalid
01-22 12:58:09.938 24061 24069 E bms_file: [BmsFileReadBuffer]: file /sys/class/hw_power/coul/coul_data/rbatt is invalid
01-22 12:58:09.938 24061 24069 E bms_file: [BmsFileReadBuffer]: file /sys/class/hw_power/bat_heating/heat_up is invalid
01-22 12:58:09.949 24061 24068 E bms_file: [BmsFileReadBuffer]: file /sys/class/hw_power/coul/coul_data/rbatt is invalid
01-22 12:58:09.950 24061 24068 E bms_file: [BmsFileReadBuffer]: file /sys/class/hw_power/bat_heating/heat_up is invalid
01-22 12:58:09.978 24061 24069 E bms_file: [BmsFileReadBuffer]: file /sys/class/hw_power/charger/direct_charger_sc4/direct_charge_succ is invalid
01-22 12:58:09.990 24061 24069 E bms_file: [BmsFileReadBuffer]: file /sys/class/hw_power/charger/direct_charger_sc4/direct_charge_succ is invalid
01-22 12:58:09.990  1253  2435 I dubaid  : [TemperatureData.cpp] ReportTemp# ThermalDaemon:[shell_back] tempNew: 25, tempOld:26.
01-22 12:58:09.990 24061 24069 E bms_file: [BmsFileReadBuffer]: file /sys/class/hw_power/charger/direct_charger_sc4/direct_charge_succ is invalid
01-22 12:58:09.993  2365  3013 W AwareLog: UniScheduleDMEPlugin: add load record in temp
01-22 12:58:09.993  2365  3013 W AwareLog: UniScheduleDMEPlugin: downgradeSwitch is not open.
01-22 12:58:09.994 24061 24069 I bms_behavior: [Monitor]: monitor interval count 1280, name: battery_gauge_aux
01-22 12:58:10.003 24061 24068 E bms_file: [BmsFileReadBuffer]: file /sys/class/hw_power/charger/direct_charger_sc4/direct_charge_succ is invalid
01-22 12:58:10.011 24061 24070 I bms_behavior: [WaitConditionStatus]: runState = 1, cvStatus = 1 
01-22 12:58:10.012 24061 24070 E bms_file: [BmsFileReadBuffer]: file /sys/class/hw_power/charger/direct_charger_sc4/direct_charge_succ is invalid
01-22 12:58:10.012 24061 24070 E bms_file: [BmsFileReadBuffer]: file /sys/class/hw_power/charger/direct_charger_sc4/direct_charge_succ is invalid
01-22 12:58:10.012 24061 24070 E bms_file: [BmsFileReadBuffer]: file /sys/class/hw_power/charger/direct_charger_sc4/direct_charge_succ is invalid
01-22 12:58:10.012 24061 24070 D bms_behavior: [GetChargeMaxPower]: mode:0, max_power:0
01-22 12:58:10.014 24061 24068 E bms_file: [BmsFileReadBuffer]: file /sys/class/hw_power/charger/direct_charger_sc4/direct_charge_succ is invalid
01-22 12:58:10.015 24061 24070 E bms_file: [BmsFileReadBuffer]: file /sys/class/hw_power/charger/direct_charger_sc4/direct_charge_succ is invalid
01-22 12:58:10.015 24061 24068 E bms_file: [BmsFileReadBuffer]: file /sys/class/hw_power/charger/direct_charger_sc4/direct_charge_succ is invalid
01-22 12:58:10.015 24061 24070 D bms_behavior: [GetCableType]: cable type:0
01-22 12:58:10.018 24061 24068 I bms_behavior: [Monitor]: monitor interval count 1280, name: battery_gauge
01-22 12:58:10.023 24061 24070 E bms_file: [BmsFileReadBuffer]: file /sys/class/hw_power/charger/direct_charger_sc4/direct_charge_succ is invalid
01-22 12:58:10.034 24061 24070 E bms_file: [BmsFileReadBuffer]: file /sys/class/hw_power/charger/direct_charger_sc4/direct_charge_succ is invalid
01-22 12:58:10.046 24061 24070 E bms_file: [BmsFileReadBuffer]: file /sys/class/hw_power/coul/coul_data/rbatt is invalid
01-22 12:58:10.046 24061 24070 E bms_file: [BmsFileReadBuffer]: file /sys/class/hw_power/bat_heating/heat_up is invalid
01-22 12:58:10.058 24061 24070 E bms_file: [BmsFileReadBuffer]: file /sys/class/hw_power/charger/direct_charger_sc4/direct_charge_succ is invalid
01-22 12:58:10.070 24061 24070 E bms_file: [BmsFileReadBuffer]: file /sys/class/hw_power/charger/direct_charger_sc4/direct_charge_succ is invalid
01-22 12:58:10.070 24061 24070 E bms_file: [BmsFileReadBuffer]: file /sys/class/hw_power/charger/direct_charger_sc4/direct_charge_succ is invalid
01-22 12:58:10.075 24061 24070 I bms_behavior: [Monitor]: monitor interval count 1292, name: Battery
01-22 12:58:10.256  1299  1499 E RUNTIME : ContextSetCurrentRef:54 ctx is nullptr!
01-22 12:58:10.256  1299  1499 E hiaiserver: DEVDRV : DevdrvOpenDeviceManager:61 open device manager fail, errno = 2
01-22 12:58:10.256  1299  1499 E hiaiserver: DEVDRV : reportStat:44 get file stat fail, errno = 2
01-22 12:58:10.256  1299  1499 E hiaiserver: DEVDRV : DrvDeviceGetCount:131 open device error
01-22 12:58:10.256  1299  1499 E RUNTIME : GetDeviceCount:72 Get device count fail, errorcode = 2
01-22 12:58:10.256  1299  1499 E RUNTIME : rtSetDevice:81 Get device count failed
01-22 12:58:10.256  1299  1499 E AI_NPUCL: npu_resilience.cc SetDevice(27)::"rtSetDevice fail"
01-22 12:58:10.442  1679  1873 I WifiNl80211Manager: Noise: -84, Snr: 34, Chload: 20, rssi: -61, txBitrate: 680, rxBitrate: 864, frequency: 5620, UlDelay: 1, currentTxBytes: 63275480, currentTxPackets: 372231, currentTxFailed: 0, currentRxBytes: 1363941812, currentRxPackets: 1072702, chloadSelf: 0, c0RssiDbm: -128, c1RssiDbm: -128
01-22 12:58:10.442  1679  1873 I WifiClientModeImpl[wlan0]: updateLinkLayerStatsRssiSpeedFrequencyCapabilities rssi=-61 TxLinkspeed=680 freq=5620 RxLinkSpeed=864
01-22 12:58:10.444  1679  1873 D WifiDataStall: tx tput in kbps: 608148
01-22 12:58:10.444  1679  1873 D WifiDataStall: rx tput in kbps: 1356566
01-22 12:58:10.444  1679  1873 I WifiConfigManager: Updating scan detail cache freq=5620 BSSID=82B093EC76 RSSI=-61 for "S85943330
01-22 12:58:10.444  1679  1873 D WifiDataStall:  ccaLevel = 15
01-22 12:58:10.445  1679  1873 D WifiDataStall: L2 txTputKbps: 640156, rxTputKbps: 813375, L3 txTputKbps: 7, rxTputKbps: 21, TxTrafficHigh: true, RxTrafficHigh: true, Throughput Sufficient: true
01-22 12:58:10.445  1679  1873 V HwWifiServiceFactory: get AllImpl object = com.android.server.wifi.HwWifiServiceFactoryImpl@8a1bb4b
01-22 12:58:10.446  1679  1873 D WifiScoreCard: BSSID update SIGNAL_POLL ID: 97296338 SSID: "Sparky", Security type: 2, Supplicant state: COMPLETED, Wi-Fi standard: 6, RSSI: -61, Link speed: 680Mbps, Tx Link speed: 680Mbps, Max Supported Tx Link speed: 2401Mbps, Rx Link speed: 864Mbps, Max Supported Rx Link speed: 2401Mbps, Frequency: 5620MHz, Net ID: 2, Metered hint: false, score: 60, CarrierMerged: false, SubscriptionId: -1, IsPrimary: 1
01-22 12:58:10.447  1679  1873 D WifiScoreCard: txRate: 3 txSpeed: 680
01-22 12:58:10.447  1679  1873 D WifiScoreCard: network update SIGNAL_POLL "Sparky" ID: 1893655062 RSSI -61 txSpeed -1
01-22 12:58:10.448  1679  1873 E UserInfoExt: setUserInfo: userInfo is null!
01-22 12:58:10.448  1679  1873 E UserInfoExt: isClonedProfile: mUserInfo is null!
01-22 12:58:10.448  1679  1873 E UserInfoExt: setUserInfo: userInfo is null!
01-22 12:58:10.449  1679  1679 I WifiService: getConnectionInfo uid=1000, callingPackage=android
01-22 12:58:10.449  2351  2777 I OllieMsgCenter: publishEvt=2130903260
01-22 12:58:10.450  1679  5936 I WifiService: getConnectionInfo uid=1000, callingPackage=com.huawei.systemserver
01-22 12:58:10.450  2124  2396 I NetworkController: WifiSignalController: handleBroadcast
01-22 12:58:10.450  1679  5936 V WifiPermissionsWrapper: getUidPermission(android.permission.LOCAL_MAC_ADDRESS, 1000): true
01-22 12:58:10.450  1679  1749 I WifiService: getConnectionInfo uid=1000, callingPackage=android
01-22 12:58:10.450  1679  1679 V WifiPermissionsWrapper: getUidPermission(android.permission.LOCAL_MAC_ADDRESS, 1000): true
01-22 12:58:10.450  1679  1679 V WifiService: Clearing REDACT_FOR_LOCAL_MAC_ADDRESS for android(uid=1000)
01-22 12:58:10.450  1679  1749 V WifiPermissionsWrapper: getUidPermission(android.permission.LOCAL_MAC_ADDRESS, 1000): true
01-22 12:58:10.450  1679  5936 V WifiService: Clearing REDACT_FOR_LOCAL_MAC_ADDRESS for com.huawei.systemserver(uid=1000)
01-22 12:58:10.450  1679  5936 V WifiPermissionsWrapper: getUidPermission(android.permission.NETWORK_SETTINGS, 1000): true
01-22 12:58:10.450  1679  5936 V WifiService: Clearing REDACT_FOR_NETWORK_SETTINGS for com.huawei.systemserver(uid=1000)
01-22 12:58:10.450  1679  5936 V WifiService: Clearing REDACT_FOR_ACCESS_FINE_LOCATION for com.huawei.systemserver(uid=1000)
01-22 12:58:10.450  1679  5936 V WifiPermissionsWrapper: getUidPermission(android.permission.NETWORK_SETTINGS, 1000): true
01-22 12:58:10.450  1679  5936 V HwWifiServiceFactory: get AllImpl object = com.android.server.wifi.HwWifiServiceFactoryImpl@8a1bb4b
01-22 12:58:10.450  2753  3156 I MonitorBroadcastReceiver: onReceive, action:android.net.wifi.RSSI_CHANGED
01-22 12:58:10.450  1679  5919 I WifiService: getConnectionInfo uid=10064, callingPackage=com.android.systemui
01-22 12:58:10.450  1679  1679 V WifiPermissionsWrapper: getUidPermission(android.permission.NETWORK_SETTINGS, 1000): true
01-22 12:58:10.450  1679  5919 V WifiPermissionsWrapper: getUidPermission(android.permission.LOCAL_MAC_ADDRESS, 10064): false
01-22 12:58:10.450  1679  5936 I WifiService: getConnectionInfo uid=1000, callingPackage=com.huawei.systemserver
01-22 12:58:10.450  2753  3156 I LooperFactory: buildLooper:MBcDeliver
01-22 12:58:10.450  1679  5936 V WifiPermissionsWrapper: getUidPermission(android.permission.LOCAL_MAC_ADDRESS, 1000): true
01-22 12:58:10.450  1679  1679 V WifiService: Clearing REDACT_FOR_NETWORK_SETTINGS for android(uid=1000)
01-22 12:58:10.450  1679  1679 V WifiService: Clearing REDACT_FOR_ACCESS_FINE_LOCATION for android(uid=1000)
01-22 12:58:10.450  1679  1679 V WifiPermissionsWrapper: getUidPermission(android.permission.NETWORK_SETTINGS, 1000): true
01-22 12:58:10.450  1679  1679 V HwWifiServiceFactory: get AllImpl object = com.android.server.wifi.HwWifiServiceFactoryImpl@8a1bb4b
01-22 12:58:10.450  2351  3185 I Hicom_Monitor: notifyWifiRssiChanged, pathId:2, newRssi:-61
01-22 12:58:10.451  1679  1749 V WifiService: Clearing REDACT_FOR_LOCAL_MAC_ADDRESS for android(uid=1000)
01-22 12:58:10.451  1679  1749 V WifiPermissionsWrapper: getUidPermission(android.permission.NETWORK_SETTINGS, 1000): true
01-22 12:58:10.451  1679  1749 V WifiService: Clearing REDACT_FOR_NETWORK_SETTINGS for android(uid=1000)
01-22 12:58:10.451  1679  1749 V WifiService: Clearing REDACT_FOR_ACCESS_FINE_LOCATION for android(uid=1000)
01-22 12:58:10.451  1679  1982 I WifiService: getConnectionInfo uid=1000, callingPackage=android
01-22 12:58:10.451  1679  5936 V WifiService: Clearing REDACT_FOR_LOCAL_MAC_ADDRESS for com.huawei.systemserver(uid=1000)
01-22 12:58:10.451  1679  5936 V WifiPermissionsWrapper: getUidPermission(android.permission.NETWORK_SETTINGS, 1000): true
01-22 12:58:10.451  1679  5936 V WifiService: Clearing REDACT_FOR_NETWORK_SETTINGS for com.huawei.systemserver(uid=1000)
01-22 12:58:10.451  1679  5919 V WifiPermissionsWrapper: getUidPermission(android.permission.NETWORK_SETTINGS, 10064): true
01-22 12:58:10.451  1679  1982 V WifiPermissionsWrapper: getUidPermission(android.permission.LOCAL_MAC_ADDRESS, 1000): true
01-22 12:58:10.451  1679  5938 I WifiService: getConnectionInfo uid=1000, callingPackage=com.huawei.hiview
01-22 12:58:10.451  1679  5936 V WifiService: Clearing REDACT_FOR_ACCESS_FINE_LOCATION for com.huawei.systemserver(uid=1000)
01-22 12:58:10.451  1679  5938 V WifiPermissionsWrapper: getUidPermission(android.permission.LOCAL_MAC_ADDRESS, 1000): true
01-22 12:58:10.451  1679  5938 V WifiService: Clearing REDACT_FOR_LOCAL_MAC_ADDRESS for com.huawei.hiview(uid=1000)
01-22 12:58:10.451  1679  5936 V WifiPermissionsWrapper: getUidPermission(android.permission.NETWORK_SETTINGS, 1000): true
01-22 12:58:10.451  1679  1679 I WifiService: getConnectionInfo uid=1000, callingPackage=android
01-22 12:58:10.451  1679  5395 I WifiService: getConnectionInfo uid=1000, callingPackage=com.huawei.hiview
01-22 12:58:10.451  1679  1679 V WifiPermissionsWrapper: getUidPermission(android.permission.LOCAL_MAC_ADDRESS, 1000): true
01-22 12:58:10.451  1679  5395 V WifiPermissionsWrapper: getUidPermission(android.permission.LOCAL_MAC_ADDRESS, 1000): true
01-22 12:58:10.451  1679  1749 V WifiPermissionsWrapper: getUidPermission(android.permission.NETWORK_SETTINGS, 1000): true
01-22 12:58:10.451  1679  5395 V WifiService: Clearing REDACT_FOR_LOCAL_MAC_ADDRESS for com.huawei.hiview(uid=1000)
01-22 12:58:10.451  1679  5395 V WifiPermissionsWrapper: getUidPermission(android.permission.NETWORK_SETTINGS, 1000): true
01-22 12:58:10.451  1679  5919 V WifiService: Clearing REDACT_FOR_NETWORK_SETTINGS for com.android.systemui(uid=10064)
01-22 12:58:10.451  1679  5936 V HwWifiServiceFactory: get AllImpl object = com.android.server.wifi.HwWifiServiceFactoryImpl@8a1bb4b
01-22 12:58:10.451  1679  1749 V HwWifiServiceFactory: get AllImpl object = com.android.server.wifi.HwWifiServiceFactoryImpl@8a1bb4b
01-22 12:58:10.451  1679  5919 V WifiService: Clearing REDACT_FOR_ACCESS_FINE_LOCATION for com.android.systemui(uid=10064)
01-22 12:58:10.451  1679  5395 V WifiService: Clearing REDACT_FOR_NETWORK_SETTINGS for com.huawei.hiview(uid=1000)
01-22 12:58:10.451  1679  5395 V WifiService: Clearing REDACT_FOR_ACCESS_FINE_LOCATION for com.huawei.hiview(uid=1000)
01-22 12:58:10.451  1679  5938 V WifiPermissionsWrapper: getUidPermission(android.permission.NETWORK_SETTINGS, 1000): true
01-22 12:58:10.452  1679  1982 V WifiService: Clearing REDACT_FOR_LOCAL_MAC_ADDRESS for android(uid=1000)
01-22 12:58:10.452  2753 15233 I Softbus : [EnvironmentManager]: onReceive --> [android.net.wifi.RSSI_CHANGED]
01-22 12:58:10.452  1679  1679 V WifiService: Clearing REDACT_FOR_LOCAL_MAC_ADDRESS for android(uid=1000)
01-22 12:58:10.452  1679  5395 V WifiPermissionsWrapper: getUidPermission(android.permission.NETWORK_SETTINGS, 1000): true
01-22 12:58:10.452  1679  5395 V HwWifiServiceFactory: get AllImpl object = com.android.server.wifi.HwWifiServiceFactoryImpl@8a1bb4b
01-22 12:58:10.452  1679  1982 V WifiPermissionsWrapper: getUidPermission(android.permission.NETWORK_SETTINGS, 1000): true
01-22 12:58:10.452  1679  1982 V WifiService: Clearing REDACT_FOR_NETWORK_SETTINGS for android(uid=1000)
01-22 12:58:10.452  1679  1982 V WifiService: Clearing REDACT_FOR_ACCESS_FINE_LOCATION for android(uid=1000)
01-22 12:58:10.452  1679  5919 V WifiPermissionsWrapper: getUidPermission(android.permission.NETWORK_SETTINGS, 10064): true
01-22 12:58:10.452  1679  1982 V WifiPermissionsWrapper: getUidPermission(android.permission.NETWORK_SETTINGS, 1000): true
01-22 12:58:10.452  1679  1982 V HwWifiServiceFactory: get AllImpl object = com.android.server.wifi.HwWifiServiceFactoryImpl@8a1bb4b
01-22 12:58:10.452  1679  5919 V HwWifiServiceFactory: get AllImpl object = com.android.server.wifi.HwWifiServiceFactoryImpl@8a1bb4b
01-22 12:58:10.452  1679  5935 I WifiService: getConnectionInfo uid=1000, callingPackage=com.huawei.systemserver
01-22 12:58:10.452  1679  5935 V WifiPermissionsWrapper: getUidPermission(android.permission.LOCAL_MAC_ADDRESS, 1000): true
01-22 12:58:10.452  1679  5935 V WifiService: Clearing REDACT_FOR_LOCAL_MAC_ADDRESS for com.huawei.systemserver(uid=1000)
01-22 12:58:10.452  1679  5935 V WifiPermissionsWrapper: getUidPermission(android.permission.NETWORK_SETTINGS, 1000): true
01-22 12:58:10.452  1679  2474 I WifiService: getConnectionInfo uid=1000, callingPackage=com.huawei.hiview
01-22 12:58:10.452  1679  2474 V WifiPermissionsWrapper: getUidPermission(android.permission.LOCAL_MAC_ADDRESS, 1000): true
01-22 12:58:10.452  1679  2474 V WifiService: Clearing REDACT_FOR_LOCAL_MAC_ADDRESS for com.huawei.hiview(uid=1000)
01-22 12:58:10.452  1679  2474 V WifiPermissionsWrapper: getUidPermission(android.permission.NETWORK_SETTINGS, 1000): true
01-22 12:58:10.452  1679  2474 V WifiService: Clearing REDACT_FOR_NETWORK_SETTINGS for com.huawei.hiview(uid=1000)
01-22 12:58:10.452  1679  2474 V WifiService: Clearing REDACT_FOR_ACCESS_FINE_LOCATION for com.huawei.hiview(uid=1000)
01-22 12:58:10.452  1679  1679 V WifiPermissionsWrapper: getUidPermission(android.permission.NETWORK_SETTINGS, 1000): true
01-22 12:58:10.453  1679  5938 V WifiService: Clearing REDACT_FOR_NETWORK_SETTINGS for com.huawei.hiview(uid=1000)
01-22 12:58:10.453  1679  1679 V WifiService: Clearing REDACT_FOR_NETWORK_SETTINGS for android(uid=1000)
01-22 12:58:10.453  1679  1679 V WifiService: Clearing REDACT_FOR_ACCESS_FINE_LOCATION for android(uid=1000)
01-22 12:58:10.453  1679  5938 V WifiService: Clearing REDACT_FOR_ACCESS_FINE_LOCATION for com.huawei.hiview(uid=1000)
01-22 12:58:10.453  1679  2474 V WifiPermissionsWrapper: getUidPermission(android.permission.NETWORK_SETTINGS, 1000): true
01-22 12:58:10.453  1679  1679 V WifiPermissionsWrapper: getUidPermission(android.permission.NETWORK_SETTINGS, 1000): true
01-22 12:58:10.453  1679  2474 V HwWifiServiceFactory: get AllImpl object = com.android.server.wifi.HwWifiServiceFactoryImpl@8a1bb4b
01-22 12:58:10.453  1679  1679 V HwWifiServiceFactory: get AllImpl object = com.android.server.wifi.HwWifiServiceFactoryImpl@8a1bb4b
01-22 12:58:10.453  1679  5935 V WifiService: Clearing REDACT_FOR_NETWORK_SETTINGS for com.huawei.systemserver(uid=1000)
01-22 12:58:10.453  1679  5935 V WifiService: Clearing REDACT_FOR_ACCESS_FINE_LOCATION for com.huawei.systemserver(uid=1000)
01-22 12:58:10.453  1679  5935 V WifiPermissionsWrapper: getUidPermission(android.permission.NETWORK_SETTINGS, 1000): true
01-22 12:58:10.453  1679  5938 V WifiPermissionsWrapper: getUidPermission(android.permission.NETWORK_SETTINGS, 1000): true
01-22 12:58:10.453  1679  5935 V HwWifiServiceFactory: get AllImpl object = com.android.server.wifi.HwWifiServiceFactoryImpl@8a1bb4b
01-22 12:58:10.453  2092  2119 I NcDft_WifiStatController: not need report or sync
01-22 12:58:10.453  1679  1999 I WifiService: getConnectionInfo uid=1000, callingPackage=android
01-22 12:58:10.453  1679  1999 V WifiPermissionsWrapper: getUidPermission(android.permission.LOCAL_MAC_ADDRESS, 1000): true
01-22 12:58:10.453  1679  1999 V WifiService: Clearing REDACT_FOR_LOCAL_MAC_ADDRESS for android(uid=1000)
01-22 12:58:10.453  1679  1999 V WifiPermissionsWrapper: getUidPermission(android.permission.NETWORK_SETTINGS, 1000): true
01-22 12:58:10.453  1679  1999 V WifiService: Clearing REDACT_FOR_NETWORK_SETTINGS for android(uid=1000)
01-22 12:58:10.453  1679  1999 V WifiService: Clearing REDACT_FOR_ACCESS_FINE_LOCATION for android(uid=1000)
01-22 12:58:10.453  1679  1982 I WifiService: getConnectionInfo uid=1000, callingPackage=android
01-22 12:58:10.453  1679  5938 V HwWifiServiceFactory: get AllImpl object = com.android.server.wifi.HwWifiServiceFactoryImpl@8a1bb4b
01-22 12:58:10.454  1679  5935 I WifiService: getConnectionInfo uid=1000, callingPackage=com.huawei.systemserver
01-22 12:58:10.454  1679  5935 V WifiPermissionsWrapper: getUidPermission(android.permission.LOCAL_MAC_ADDRESS, 1000): true
01-22 12:58:10.454  1679  1990 I QosMonitor: queryRtt: rttType = 3
01-22 12:58:10.454  1679  1990 I QosMonitor: call ctrlHwWifiNetwork
01-22 12:58:10.454  1679  1999 V WifiPermissionsWrapper: getUidPermission(android.permission.NETWORK_SETTINGS, 1000): true
01-22 12:58:10.454  1679  2474 I WifiService: getConnectionInfo uid=10064, callingPackage=com.android.systemui
01-22 12:58:10.454  1679  2474 V WifiPermissionsWrapper: getUidPermission(android.permission.LOCAL_MAC_ADDRESS, 10064): false
01-22 12:58:10.454  1679  1999 V HwWifiServiceFactory: get AllImpl object = com.android.server.wifi.HwWifiServiceFactoryImpl@8a1bb4b
01-22 12:58:10.454  1679  5935 V WifiService: Clearing REDACT_FOR_LOCAL_MAC_ADDRESS for com.huawei.systemserver(uid=1000)
01-22 12:58:10.454  1679  2474 V WifiPermissionsWrapper: getUidPermission(android.permission.NETWORK_SETTINGS, 10064): true
01-22 12:58:10.454  1679  2474 V WifiService: Clearing REDACT_FOR_NETWORK_SETTINGS for com.android.systemui(uid=10064)
01-22 12:58:10.454  1679  2474 V WifiService: Clearing REDACT_FOR_ACCESS_FINE_LOCATION for com.android.systemui(uid=10064)
01-22 12:58:10.454  1679  1982 V WifiPermissionsWrapper: getUidPermission(android.permission.LOCAL_MAC_ADDRESS, 1000): true
01-22 12:58:10.454  1679  2474 V WifiPermissionsWrapper: getUidPermission(android.permission.NETWORK_SETTINGS, 10064): true
01-22 12:58:10.454  1679  1982 V WifiService: Clearing REDACT_FOR_LOCAL_MAC_ADDRESS for android(uid=1000)
01-22 12:58:10.454  1679  2474 V HwWifiServiceFactory: get AllImpl object = com.android.server.wifi.HwWifiServiceFactoryImpl@8a1bb4b
01-22 12:58:10.454  1679  1982 V WifiPermissionsWrapper: getUidPermission(android.permission.NETWORK_SETTINGS, 1000): true
01-22 12:58:10.454  1679  1982 V WifiService: Clearing REDACT_FOR_NETWORK_SETTINGS for android(uid=1000)
01-22 12:58:10.454  1679  1982 V WifiService: Clearing REDACT_FOR_ACCESS_FINE_LOCATION for android(uid=1000)
01-22 12:58:10.454  1679  1990 I QosMonitor: postEventFromNative: msg=100,arg1=4,arg2=10
01-22 12:58:10.454  1679  1982 V WifiPermissionsWrapper: getUidPermission(android.permission.NETWORK_SETTINGS, 1000): true
01-22 12:58:10.454  1679  1982 V HwWifiServiceFactory: get AllImpl object = com.android.server.wifi.HwWifiServiceFactoryImpl@8a1bb4b
01-22 12:58:10.454  1679  1982 I WifiService: getConnectionInfo uid=1000, callingPackage=android
01-22 12:58:10.454  1679  1982 V WifiPermissionsWrapper: getUidPermission(android.permission.LOCAL_MAC_ADDRESS, 1000): true
01-22 12:58:10.454  1679  1982 V WifiService: Clearing REDACT_FOR_LOCAL_MAC_ADDRESS for android(uid=1000)
01-22 12:58:10.454  1679  1982 V WifiPermissionsWrapper: getUidPermission(android.permission.NETWORK_SETTINGS, 1000): true
01-22 12:58:10.454  1679  1982 V WifiService: Clearing REDACT_FOR_NETWORK_SETTINGS for android(uid=1000)
01-22 12:58:10.454  1679  5935 V WifiPermissionsWrapper: getUidPermission(android.permission.NETWORK_SETTINGS, 1000): true
01-22 12:58:10.455  1679  5935 V WifiService: Clearing REDACT_FOR_NETWORK_SETTINGS for com.huawei.systemserver(uid=1000)
01-22 12:58:10.455  1679  5935 V WifiService: Clearing REDACT_FOR_ACCESS_FINE_LOCATION for com.huawei.systemserver(uid=1000)
01-22 12:58:10.455  1679  5935 V WifiPermissionsWrapper: getUidPermission(android.permission.NETWORK_SETTINGS, 1000): true
01-22 12:58:10.455  1679  5935 V HwWifiServiceFactory: get AllImpl object = com.android.server.wifi.HwWifiServiceFactoryImpl@8a1bb4b
01-22 12:58:10.455  1679  1982 V WifiService: Clearing REDACT_FOR_ACCESS_FINE_LOCATION for android(uid=1000)
01-22 12:58:10.455  1679  1990 I QosMonitor: resetRtt: rttType = 3
01-22 12:58:10.455  1679  1990 I QosMonitor: call ctrlHwWifiNetwork
01-22 12:58:10.455  1679  1982 V WifiPermissionsWrapper: getUidPermission(android.permission.NETWORK_SETTINGS, 1000): true
01-22 12:58:10.455  1679  1982 V HwWifiServiceFactory: get AllImpl object = com.android.server.wifi.HwWifiServiceFactoryImpl@8a1bb4b
01-22 12:58:10.456  1679  5935 I WifiService: getConnectionInfo uid=1000, callingPackage=com.huawei.systemserver
01-22 12:58:10.456  1679  5935 V WifiPermissionsWrapper: getUidPermission(android.permission.LOCAL_MAC_ADDRESS, 1000): true
01-22 12:58:10.456  1679  5935 V WifiService: Clearing REDACT_FOR_LOCAL_MAC_ADDRESS for com.huawei.systemserver(uid=1000)
01-22 12:58:10.456  1679  5935 V WifiPermissionsWrapper: getUidPermission(android.permission.NETWORK_SETTINGS, 1000): true
01-22 12:58:10.456  1679  5935 V WifiService: Clearing REDACT_FOR_NETWORK_SETTINGS for com.huawei.systemserver(uid=1000)
01-22 12:58:10.456  1679  5935 V WifiService: Clearing REDACT_FOR_ACCESS_FINE_LOCATION for com.huawei.systemserver(uid=1000)
01-22 12:58:10.456  1679  1982 I HwWifiProServiceProxy: ctrlHwWifiNetwork pkgName: WIFIPRO_SERVICE interfaceId: 9
01-22 12:58:10.456  1679  5935 V WifiPermissionsWrapper: getUidPermission(android.permission.NETWORK_SETTINGS, 1000): true
01-22 12:58:10.456  1679  5935 V HwWifiServiceFactory: get AllImpl object = com.android.server.wifi.HwWifiServiceFactoryImpl@8a1bb4b
01-22 12:58:10.456  2124  2396 I HwNetworkControllerImpl: onReceive: action = android.net.wifi.RSSI_CHANGED
01-22 12:58:10.457  1679  1982 I WifiService: getConnectionInfo uid=1000, callingPackage=android
01-22 12:58:10.457  1679  1982 V WifiPermissionsWrapper: getUidPermission(android.permission.LOCAL_MAC_ADDRESS, 1000): true
01-22 12:58:10.457  1679  1982 V WifiService: Clearing REDACT_FOR_LOCAL_MAC_ADDRESS for android(uid=1000)
01-22 12:58:10.457  1679  1982 V WifiPermissionsWrapper: getUidPermission(android.permission.NETWORK_SETTINGS, 1000): true
01-22 12:58:10.457  1679  1982 V WifiService: Clearing REDACT_FOR_NETWORK_SETTINGS for android(uid=1000)
01-22 12:58:10.457  1679  1982 V WifiService: Clearing REDACT_FOR_ACCESS_FINE_LOCATION for android(uid=1000)
01-22 12:58:10.457  1679  1982 V WifiPermissionsWrapper: getUidPermission(android.permission.NETWORK_SETTINGS, 1000): true
01-22 12:58:10.457  1679  1982 V HwWifiServiceFactory: get AllImpl object = com.android.server.wifi.HwWifiServiceFactoryImpl@8a1bb4b
01-22 12:58:10.457  1679  1982 I WifiService: getConnectionInfo uid=1000, callingPackage=android
01-22 12:58:10.457  1679  1982 V WifiPermissionsWrapper: getUidPermission(android.permission.LOCAL_MAC_ADDRESS, 1000): true
01-22 12:58:10.457  1679  1982 V WifiService: Clearing REDACT_FOR_LOCAL_MAC_ADDRESS for android(uid=1000)
01-22 12:58:10.457  1679  1982 V WifiPermissionsWrapper: getUidPermission(android.permission.NETWORK_SETTINGS, 1000): true
01-22 12:58:10.457  1679  1982 V WifiService: Clearing REDACT_FOR_NETWORK_SETTINGS for android(uid=1000)
01-22 12:58:10.457  1679  1982 V WifiService: Clearing REDACT_FOR_ACCESS_FINE_LOCATION for android(uid=1000)
01-22 12:58:10.457  1679  1982 V WifiPermissionsWrapper: getUidPermission(android.permission.NETWORK_SETTINGS, 1000): true
01-22 12:58:10.457  1679  1982 V HwWifiServiceFactory: get AllImpl object = com.android.server.wifi.HwWifiServiceFactoryImpl@8a1bb4b
01-22 12:58:10.457  1679  1982 I WifiService: getConnectionInfo uid=1000, callingPackage=android
01-22 12:58:10.457  1679  1982 V WifiPermissionsWrapper: getUidPermission(android.permission.LOCAL_MAC_ADDRESS, 1000): true
01-22 12:58:10.457  1679  1982 V WifiService: Clearing REDACT_FOR_LOCAL_MAC_ADDRESS for android(uid=1000)
01-22 12:58:10.457  1679  1982 V WifiPermissionsWrapper: getUidPermission(android.permission.NETWORK_SETTINGS, 1000): true
01-22 12:58:10.457  1679  1982 V WifiService: Clearing REDACT_FOR_NETWORK_SETTINGS for android(uid=1000)
01-22 12:58:10.457  1679  1982 V WifiService: Clearing REDACT_FOR_ACCESS_FINE_LOCATION for android(uid=1000)
01-22 12:58:10.457  1679  1982 V WifiPermissionsWrapper: getUidPermission(android.permission.NETWORK_SETTINGS, 1000): true
01-22 12:58:10.457  1679  1982 V HwWifiServiceFactory: get AllImpl object = com.android.server.wifi.HwWifiServiceFactoryImpl@8a1bb4b
01-22 12:58:10.458  1679  1982 I WiFi_PRO_WifiProStateMachine: isReachWifiScanThreshold, rssiLevel:4
01-22 12:58:10.458  1679  1982 I WiFi_PRO_WifiProStateMachine: isReachWifiScanThreshold, ap is strong
01-22 12:58:10.677   966  1216 E aptouch_daemon: TsaFrame::CheckAfeStatus[1995]afe[185 180 0x201] [ctrl:0X100400a0 ftr:0Xa90140] dif[19 -21] raw[32921 32359] [exp:0X0 aN:0 lo:0]
01-22 12:58:10.688  1679  2474 I NotificationService: enqueueNotificationInternal: pkg=ch.protonvpn.android id=6 notification=Notification(channel=com.protonvpn.android shortcut=null contentView=null vibrate=null sound=null defaults=0x0 flags=0xa color=0x00000000 category=service actions=1 capsuleEnableStatus=-1 vis=PRIVATE), enqueue time: 390758507
01-22 12:58:10.688  1679  2474 W HwNotificationManagerServiceEx: isBanNotification control information formats is invalid !
01-22 12:58:10.688  1679  2474 E SEAPP_C_SeAppPolicyManagerImpl: getPolicyType: ResponseParcel{code=400, message='cannot find seapp policy for policyName=unobtrusive-notification', result={}}
01-22 12:58:10.689  1679  2474 E SEAPP_C_SeAppPolicyManagerImpl: getPolicyType: ResponseParcel{code=400, message='cannot find seapp policy for policyName=weird-custom-notification', result={}}
01-22 12:58:10.689  1679  2474 E SEAPP_C_SeAppPolicyManagerImpl: getStrategy: ResponseParcel{code=400, message='cannot find package strategy for policyName=weird-custom-notification, packageName=ch.protonvpn.android', result={}}
01-22 12:58:10.689  1679  2474 I HwNotificationService: notification data size : 4932
01-22 12:58:10.690  1679  2474 I NotificationService: enqueueNotificationInternal Channel Info : pkg=ch.protonvpn.android id=6 importance =2, channelType=1, mapChannelType=1, notification=Notification(channel=com.protonvpn.android shortcut=null contentView=null vibrate=null sound=null defaults=0x0 flags=0x4a color=0x00000000 category=service actions=1 capsuleEnableStatus=-1 vis=PRIVATE)
01-22 12:58:10.690  1679  2474 I HwNotificationService: shouldBlockByMediaController : pkgName =ch.protonvpn.android,isCustomNotification =false,isMediaNotification =false
01-22 12:58:10.691  1679  1679 I NotificationService: EnqueueNotificationRunnable.run for: 0|ch.protonvpn.android|6|null|10205
01-22 12:58:10.692  1679  1679 I HwNotificationDecisionCenter: getRemindDevice, isPhoneUsing=true, isHeadphoneAvailbale=false, isWatchAvailable=false, decision result=phone,record key=0|ch.protonvpn.android|6|null|10205
01-22 12:58:10.693  1679  1679 I HwNotificationService: sbn is from push: false
01-22 12:58:10.694  1679  1679 I HwNotificationService: specialType is:floating_window_notification ,topFullscreen is:false,isRequestSingleLine :false,HWMULTIWIN_ENABLED is:true
01-22 12:58:10.694  1679  1679 D HwNotificationService: mGameDndStatus is:false ,isGameDndSwitchOn is:false,isDeferLaunchActivity is:false
01-22 12:58:10.694  1679  1679 I NotificationListeners: enter notifyPostedLocked!!!
01-22 12:58:10.695  1679  1679 I NotificationListeners: notifyPostedLocked isDeviceUsing true remindDevice phone isSwingOwner true
01-22 12:58:10.697  1679  1679 I ActivityManager: setForegroundNotification enqueue time low: 390758507, 390758507
01-22 12:58:10.697  2124  3688 I NotificationListener: ntf delay because of screenOn
01-22 12:58:10.728  2124  2124 I NotificationListener: onNotificationPosted: StatusBarNotification(pkg=ch.protonvpn.android user=UserHandle{0} id=6 tag=null key=0|ch.protonvpn.android|6|null|10205 groupKey=0|ch.protonvpn.android|g:ranker_group6 overrideGroupKey=null: Notification(channel=com.protonvpn.android shortcut=null contentView=null vibrate=null sound=null defaults=0x0 flags=0x6a color=0x00000000 category=service groupKey=ranker_group6 actions=1 capsuleEnableStatus=-1 vis=PRIVATE)) important=2, post=1769083090690, when=1769021150022,showWhen=false, vis=0, userid=0, hasFullScreenIntent=false,style=null, liveType: 0, channelType: 0, isUseSmallIcon: false, isFSWithoutSmallIcon:false
01-22 12:58:10.730  2124  2124 D InterruptionStateProvider: No bubble up: not allowed to bubble: 0|ch.protonvpn.android|6|null|10205
01-22 12:58:10.730  2124  2124 D InterruptionStateProvider: No heads up: unimportant notification: 0|ch.protonvpn.android|6|null|10205
01-22 12:58:10.742  2124  2124 D HwColumnSystem: normal mode, mWidthPixel: 2800
01-22 12:58:10.743  2124  2124 I NotifSectionsManager: updateFirstAndLastViewsForAllSections, changed:false
01-22 12:58:10.745  2124  2124 I NPV     : LiveNotification is not showing, height = 279.0
01-22 12:58:10.746  2124  2124 D StackScrollAlgorithm: liveRowList is empty
01-22 12:58:10.748  2124  2124 E NotificationContentView: updateSingleLinePinnedState: new=false;old=false, entry:0|ch.protonvpn.android|6|null|10205
01-22 12:58:10.748  2124  2124 I NotifContentInflater: cancelContentViewFrees, key : 0|ch.protonvpn.android|6|null|10205, contentViews : 3
01-22 12:58:10.748  2124  4229 I HwNotificationEntry: loadLargeIcon: true
01-22 12:58:10.748  2124  4229 I HwNotificationEntry: loadAppIcon use cache
01-22 12:58:10.749  2351  7775 I fast_decay: HandleBeaconRssiInfo, fastDecayResult is : 1, wifiFastDecayTotalResult is : 1
01-22 12:58:10.749  2351  7775 I asymmetric_link: getPer, getPer: 0.000000, filterTxRate: 6840.743652, filterRxRate: 10459.698242
01-22 12:58:10.749  2351  7775 I asymmetric_link: IsAsymmetricLinkSuccess, return false. filterFlow is : 1.115059
01-22 12:58:10.749  2351  7775 I asymmetric_link: HandleAsymmetricLinkInfo, the txRssi: -79.580887, the activeNodeCnt: -1, the wifiAsymmetricLinkResult : 0
01-22 12:58:10.749  2124  4229 I Bitmap  : source bitmap colorspace: sRGB IEC61966-2.1
