01-22 12:58:04.608  1679  5919 I NotificationService: enqueueNotificationInternal: pkg=ch.protonvpn.android id=6 notification=Notification(channel=com.protonvpn.android shortcut=null contentView=null vibrate=null sound=null defaults=0x0 flags=0xa color=0x00000000 category=service actions=1 capsuleEnableStatus=-1 vis=PRIVATE), enqueue time: 390752428
01-22 12:58:04.609  1679  5919 W HwNotificationManagerServiceEx: isBanNotification control information formats is invalid !
01-22 12:58:04.609  1679  5919 E SEAPP_C_SeAppPolicyManagerImpl: getPolicyType: ResponseParcel{code=400, message='cannot find seapp policy for policyName=unobtrusive-notification', result={}}
01-22 12:58:04.609  1679  5919 E SEAPP_C_SeAppPolicyManagerImpl: getPolicyType: ResponseParcel{code=400, message='cannot find seapp policy for policyName=weird-custom-notification', result={}}
01-22 12:58:04.609  1679  5919 E SEAPP_C_SeAppPolicyManagerImpl: getStrategy: ResponseParcel{code=400, message='cannot find package strategy for policyName=weird-custom-notification, packageName=ch.protonvpn.android', result={}}
01-22 12:58:04.610  1679  5919 I HwNotificationService: notification data size : 4932
01-22 12:58:04.610  1679  5919 I NotificationService: enqueueNotificationInternal Channel Info : pkg=ch.protonvpn.android id=6 importance =2, channelType=1, mapChannelType=1, notification=Notification(channel=com.protonvpn.android shortcut=null contentView=null vibrate=null sound=null defaults=0x0 flags=0x4a color=0x00000000 category=service actions=1 capsuleEnableStatus=-1 vis=PRIVATE)
01-22 12:58:04.610  1679  5919 I HwNotificationService: shouldBlockByMediaController : pkgName =ch.protonvpn.android,isCustomNotification =false,isMediaNotification =false
01-22 12:58:04.611  1679  1679 I NotificationService: EnqueueNotificationRunnable.run for: 0|ch.protonvpn.android|6|null|10205
01-22 12:58:04.613  1679  1679 I HwNotificationDecisionCenter: getRemindDevice, isPhoneUsing=true, isHeadphoneAvailbale=false, isWatchAvailable=false, decision result=phone,record key=0|ch.protonvpn.android|6|null|10205
01-22 12:58:04.613  1679  1679 I HwNotificationService: sbn is from push: false
01-22 12:58:04.615  1679  1679 I HwNotificationService: specialType is:floating_window_notification ,topFullscreen is:false,isRequestSingleLine :false,HWMULTIWIN_ENABLED is:true
01-22 12:58:04.615  1679  1679 D HwNotificationService: mGameDndStatus is:false ,isGameDndSwitchOn is:false,isDeferLaunchActivity is:false
01-22 12:58:04.615  1679  1679 I NotificationListeners: enter notifyPostedLocked!!!
01-22 12:58:04.615  1679  1679 I NotificationListeners: notifyPostedLocked isDeviceUsing true remindDevice phone isSwingOwner true
01-22 12:58:04.617  2124  3688 I NotificationListener: ntf delay because of screenOn
01-22 12:58:04.618  1679  1679 I ActivityManager: setForegroundNotification enqueue time low: 390752428, 390752428
01-22 12:58:04.648  2124  2124 I NotificationListener: onNotificationPosted: StatusBarNotification(pkg=ch.protonvpn.android user=UserHandle{0} id=6 tag=null key=0|ch.protonvpn.android|6|null|10205 groupKey=0|ch.protonvpn.android|g:ranker_group6 overrideGroupKey=null: Notification(channel=com.protonvpn.android shortcut=null contentView=null vibrate=null sound=null defaults=0x0 flags=0x6a color=0x00000000 category=service groupKey=ranker_group6 actions=1 capsuleEnableStatus=-1 vis=PRIVATE)) important=2, post=1769083084610, when=1769021150022,showWhen=false, vis=0, userid=0, hasFullScreenIntent=false,style=null, liveType: 0, channelType: 0, isUseSmallIcon: false, isFSWithoutSmallIcon:false
01-22 12:58:04.650  2124  2124 D InterruptionStateProvider: No bubble up: not allowed to bubble: 0|ch.protonvpn.android|6|null|10205
01-22 12:58:04.650  2124  2124 D InterruptionStateProvider: No heads up: unimportant notification: 0|ch.protonvpn.android|6|null|10205
01-22 12:58:04.659  2124  2124 D HwColumnSystem: normal mode, mWidthPixel: 2800
01-22 12:58:04.660  2124  2124 I NotifSectionsManager: updateFirstAndLastViewsForAllSections, changed:false
01-22 12:58:04.662  2124  2124 I NPV     : LiveNotification is not showing, height = 279.0
01-22 12:58:04.663  2124  2124 D StackScrollAlgorithm: liveRowList is empty
01-22 12:58:04.665  2124  2124 E NotificationContentView: updateSingleLinePinnedState: new=false;old=false, entry:0|ch.protonvpn.android|6|null|10205
01-22 12:58:04.665  2124  2124 I NotifContentInflater: cancelContentViewFrees, key : 0|ch.protonvpn.android|6|null|10205, contentViews : 3
01-22 12:58:04.665  2124  4229 I HwNotificationEntry: loadLargeIcon: true
01-22 12:58:04.665  2124  4229 I HwNotificationEntry: loadAppIcon use cache
01-22 12:58:04.666  2124  4229 I Bitmap  : source bitmap colorspace: sRGB IEC61966-2.1
01-22 12:58:04.666  2124  4229 I HwNotificationEntry: loadAodIcon source:appIcon, key:0|ch.protonvpn.android|6|null|10205
01-22 12:58:04.666  2124  2124 D HwEntryBindHelper: setCustomBackground start.
01-22 12:58:04.666  2124  2124 D HwEntryBindHelper: setCustomBackground end.
01-22 12:58:04.666  2124  2124 I HwEntryBindHelper: key: 0|ch.protonvpn.android|6|null|10205; appName: Proton VPN; isExpanded: false; collapseContent: 45; expandContent: 45; bindType: 0; night mode: true; title: 20
01-22 12:58:04.669  2124  2124 D HwEntryBindHelper: setCustomBackground start.
01-22 12:58:04.669  2124  2124 D HwEntryBindHelper: setCustomBackground end.
01-22 12:58:04.669  2124  2124 I HwEntryBindHelper: key: 0|ch.protonvpn.android|6|null|10205; appName: Proton VPN; isExpanded: true; collapseContent: 45; expandContent: 45; bindType: 1; night mode: true; title: 20
01-22 12:58:04.670  2124  2124 I HwNotificationContentView: keyName0|ch.protonvpn.android|6|null|10205,isExpandable:true
01-22 12:58:04.670  2124  2124 I HwNotificationContentView: keyName0|ch.protonvpn.android|6|null|10205,isExpandable:true
01-22 12:58:04.670  2124  2124 I HwNotificationContentView: keyName0|ch.protonvpn.android|6|null|10205,isExpandable:false
01-22 12:58:04.670  2124  2124 I HwNotificationBaseLayout: shelfIconVisible:true
01-22 12:58:04.670  2124  2124 I HwNotificationBaseLayout: shelfIconVisible:true
01-22 12:58:04.670  2124  2124 W HwActivetableNotificationViewImpl: isHeadsup=false, headsupAndPanelshrink=false, 0|ch.protonvpn.android|6|null|10205, false
01-22 12:58:04.670  2124  2124 W HwActivetableNotificationViewImpl: not BLUR_FEATURE_ENABLED isScreenShotBlur: false
01-22 12:58:04.670  2124  2124 I HwNotificationContentInflater: startInflateViews entry inflate finish: 0|ch.protonvpn.android|6|null|10205, 3, false
01-22 12:58:04.676  2124  2124 D HwColumnSystem: normal mode, mWidthPixel: 2800
01-22 12:58:04.677  2124  2124 D HwNotificationContentView: layoutChild childType[3], child == null
01-22 12:58:04.677  2124  2124 D HwNotificationContentView: layoutChild childType[2], child == null
01-22 12:58:04.677  2124  2124 I NotifSectionsManager: updateFirstAndLastViewsForAllSections, changed:false
01-22 12:58:04.681  2124  2124 D StackScrollAlgorithm: liveRowList is empty
01-22 12:58:04.689  2351  7775 I Booster_Qoe: Ada,index:8,NisPsSlow:0,NProba:285,rsrp(rssi):-61,rsrq(noise):-84,rtt(chload):20,BFH(uldelay):4,BFC(rtt):0 Real:0,0,0,0,0, dlBler:0, ulBler:0
01-22 12:58:04.689  2351  7775 I Booster_Qoe: Ada,index:2,NisPsSlow:0,NProba:285,rsrp(rssi):-61,rsrq(noise):-84,rtt(chload):20,BFH(uldelay):4,BFC(rtt):0 Real:0,0,0,0,0, dlBler:0, ulBler:0
01-22 12:58:04.689  2351  2777 E NetworkQoeProxy: invalid channelId = 0
01-22 12:58:04.689  2351  2777 E NetworkQoeProxy: invalid channelId = 1
01-22 12:58:04.690  2351  2777 D BoosterUtil: convertSubIdToSlotId, subId invalid: -1
01-22 12:58:04.690  2351  2777 D BoosterUtil: getDefaultDataSlotId failed, invalid slotId:-1, subId:-1
01-22 12:58:04.690  2351  2777 D BoosterUtil: convertSubIdToSlotId, subId invalid: -1
01-22 12:58:04.690  2351  2777 D BoosterUtil: getDefaultDataSlotId failed, invalid slotId:-1, subId:-1
01-22 12:58:04.691  2351  2777 E Booster_BroadcastProxy: [isDebugModemEnabled]get package info fail.
01-22 12:58:04.691  2351  2777 E Booster_NetworkQoeChr: [chrBlerMonitorAndReport]modemQoeData is not present
01-22 12:58:04.692  1679  1982 I WiFi_PRO_WifiProStateMachine: APP_SERVICE_QOE_NOTIFY Qoe info 10244,4,0,285,1,2,4,0,285,680600,1297100,14,10,0,0,1,0 CID 2 mMasterWifiRssi -61 mMasterCardAmbr 1048576 mSlaveCardAmbr 1048576
01-22 12:58:04.692  2351  3185 D Hicom_XEngineProc: isSupportLocalSocketKit packageNam: de.bennik2000.dhbwstudentapp isSupported: false
01-22 12:58:04.692  1679  1982 I WifiService: getConnectionInfo uid=1000, callingPackage=android
01-22 12:58:04.692  1679  1982 V WifiPermissionsWrapper: getUidPermission(android.permission.LOCAL_MAC_ADDRESS, 1000): true
01-22 12:58:04.692  1679  1982 V WifiService: Clearing REDACT_FOR_LOCAL_MAC_ADDRESS for android(uid=1000)
01-22 12:58:04.692  1679  1982 V WifiPermissionsWrapper: getUidPermission(android.permission.NETWORK_SETTINGS, 1000): true
01-22 12:58:04.692  1679  1982 V WifiService: Clearing REDACT_FOR_NETWORK_SETTINGS for android(uid=1000)
01-22 12:58:04.692  1679  1982 V WifiService: Clearing REDACT_FOR_ACCESS_FINE_LOCATION for android(uid=1000)
01-22 12:58:04.692  1679  1982 V WifiPermissionsWrapper: getUidPermission(android.permission.NETWORK_SETTINGS, 1000): true
01-22 12:58:04.692  1679  1982 V HwWifiServiceFactory: get AllImpl object = com.android.server.wifi.HwWifiServiceFactoryImpl@8a1bb4b
01-22 12:58:04.693  1679  1982 I HwWifiProServiceProxy: ctrlHwWifiNetwork pkgName: WIFIPRO_SERVICE interfaceId: 9
01-22 12:58:04.693  1679  1982 I WiFi_PRO_WifiProStateMachine: isWifi2WifiProcess = false, mIsNeedIgnoreQoeUpdate = false, mIsAppInBlacklistFullScreen = false, mIsWiFiNoInternet false, screen on = true, full screen = false, isLandscapeMode = true, mNotifyWifiLinkPoorReason = -1, mIsAppInBlacklistQoe false, mIsAppInBlackListAll false
01-22 12:58:04.693  1679  1982 E WiFi_PROHumanFactorRecommend: isEconomicTrafficUser, invalid slotId=-1
01-22 12:58:04.693  1679  1982 I WiFi_PRO_WifiProStateMachine: , mAppQoeBadCnt = 0, mNetworkSlowReason = 0, isEconomicTrafficUser =false, mStrategy =0
01-22 12:58:04.693  1679  1982 I WifiService: getConnectionInfo uid=1000, callingPackage=android
01-22 12:58:04.693  1679  1982 V WifiPermissionsWrapper: getUidPermission(android.permission.LOCAL_MAC_ADDRESS, 1000): true
01-22 12:58:04.693  1679  1982 V WifiService: Clearing REDACT_FOR_LOCAL_MAC_ADDRESS for android(uid=1000)
01-22 12:58:04.693  1679  1982 V WifiPermissionsWrapper: getUidPermission(android.permission.NETWORK_SETTINGS, 1000): true
01-22 12:58:04.693  1679  1982 V WifiService: Clearing REDACT_FOR_NETWORK_SETTINGS for android(uid=1000)
01-22 12:58:04.693  1679  1982 V WifiService: Clearing REDACT_FOR_ACCESS_FINE_LOCATION for android(uid=1000)
01-22 12:58:04.693  1679  1982 V WifiPermissionsWrapper: getUidPermission(android.permission.NETWORK_SETTINGS, 1000): true
01-22 12:58:04.693  1679  1982 V HwWifiServiceFactory: get AllImpl object = com.android.server.wifi.HwWifiServiceFactoryImpl@8a1bb4b
01-22 12:58:04.693  1679  1982 I WiFi_PRO_WifiProStateMachine: getAppQoeInfoReason badReason:0
01-22 12:58:04.693  1679  1982 I WiFi_PRO_WifiProStateMachine: resetWifiQoeBad
01-22 12:58:04.693  1679  1982 I WiFi_PRO_WifiProStateMachine: the fast decay result in WifiProStateMachine : 1
01-22 12:58:04.693  1679  1982 I WiFi_PRO_WifiProStateMachine: Non-corporate && open network, the fast decay result is : 1
01-22 12:58:04.693  1679  1982 I WiFi_PRO_WifiProStateMachine: ignore fastdecay and asymmetricLink, because of rssi > -65
01-22 12:58:04.695 24061 24069 I bms_behavior: [WaitConditionStatus]: runState = 1, cvStatus = 1 
01-22 12:58:04.696 24061 24069 E bms_file: [BmsFileReadBuffer]: file /sys/class/hw_power/charger/direct_charger_sc4/direct_charge_succ is invalid
01-22 12:58:04.696 24061 24069 E bms_file: [BmsFileReadBuffer]: file /sys/class/hw_power/charger/direct_charger_sc4/direct_charge_succ is invalid
01-22 12:58:04.696 24061 24069 E bms_file: [BmsFileReadBuffer]: file /sys/class/hw_power/charger/direct_charger_sc4/direct_charge_succ is invalid
01-22 12:58:04.696 24061 24069 D bms_behavior: [GetChargeMaxPower]: mode:0, max_power:0
01-22 12:58:04.704 24061 24069 E bms_file: [BmsFileReadBuffer]: file /sys/class/hw_power/charger/direct_charger_sc4/direct_charge_succ is invalid
01-22 12:58:04.704 24061 24069 D bms_behavior: [GetCableType]: cable type:0
01-22 12:58:04.711 24061 24068 I bms_behavior: [WaitConditionStatus]: runState = 1, cvStatus = 1 
01-22 12:58:04.711 24061 24068 E bms_file: [BmsFileReadBuffer]: file /sys/class/hw_power/charger/direct_charger_sc4/direct_charge_succ is invalid
01-22 12:58:04.712 24061 24068 E bms_file: [BmsFileReadBuffer]: file /sys/class/hw_power/charger/direct_charger_sc4/direct_charge_succ is invalid
01-22 12:58:04.712 24061 24068 E bms_file: [BmsFileReadBuffer]: file /sys/class/hw_power/charger/direct_charger_sc4/direct_charge_succ is invalid
01-22 12:58:04.712 24061 24068 D bms_behavior: [GetChargeMaxPower]: mode:0, max_power:0
01-22 12:58:04.716 24061 24068 E bms_file: [BmsFileReadBuffer]: file /sys/class/hw_power/charger/direct_charger_sc4/direct_charge_succ is invalid
01-22 12:58:04.716 24061 24068 D bms_behavior: [GetCableType]: cable type:0
01-22 12:58:04.746 24061 24069 E bms_file: [BmsFileReadBuffer]: file /sys/class/hw_power/charger/direct_charger_sc4/direct_charge_succ is invalid
01-22 12:58:04.751 24061 24068 E bms_file: [BmsFileReadBuffer]: file /sys/class/hw_power/charger/direct_charger_sc4/direct_charge_succ is invalid
01-22 12:58:04.762 24061 24069 E bms_file: [BmsFileReadBuffer]: file /sys/class/hw_power/charger/direct_charger_sc4/direct_charge_succ is invalid
01-22 12:58:04.774 24061 24068 E bms_file: [BmsFileReadBuffer]: file /sys/class/hw_power/charger/direct_charger_sc4/direct_charge_succ is invalid
01-22 12:58:04.781  2351  9062 D HwCommBoosterService: reportBoosterPara enter
01-22 12:58:04.781  2351  9062 D HwCommBoosterManager: reportBoosterPara enter
01-22 12:58:04.781  2351  9062 D HwCommBoosterManager: pluginId: 2dataType:801
01-22 12:58:04.782  2351  2777 D HwCommBoosterManager: handleBoosterMessageSendModuleDataToPlugin enter
01-22 12:58:04.802 24061 24069 E bms_file: [BmsFileReadBuffer]: file /sys/class/hw_power/coul/coul_data/rbatt is invalid
01-22 12:58:04.802 24061 24069 E bms_file: [BmsFileReadBuffer]: file /sys/class/hw_power/bat_heating/heat_up is invalid
01-22 12:58:04.813 24061 24068 E bms_file: [BmsFileReadBuffer]: file /sys/class/hw_power/coul/coul_data/rbatt is invalid
01-22 12:58:04.814 24061 24068 E bms_file: [BmsFileReadBuffer]: file /sys/class/hw_power/bat_heating/heat_up is invalid
01-22 12:58:04.849 24061 24069 E bms_file: [BmsFileReadBuffer]: file /sys/class/hw_power/charger/direct_charger_sc4/direct_charge_succ is invalid
01-22 12:58:04.858 24061 24069 E bms_file: [BmsFileReadBuffer]: file /sys/class/hw_power/charger/direct_charger_sc4/direct_charge_succ is invalid
01-22 12:58:04.858 24061 24069 E bms_file: [BmsFileReadBuffer]: file /sys/class/hw_power/charger/direct_charger_sc4/direct_charge_succ is invalid
01-22 12:58:04.873 24061 24069 I bms_behavior: [Monitor]: monitor interval count 1279, name: battery_gauge_aux
01-22 12:58:04.875 24061 24070 I bms_behavior: [WaitConditionStatus]: runState = 1, cvStatus = 1 
01-22 12:58:04.876 24061 24070 E bms_file: [BmsFileReadBuffer]: file /sys/class/hw_power/charger/direct_charger_sc4/direct_charge_succ is invalid
01-22 12:58:04.876 24061 24070 E bms_file: [BmsFileReadBuffer]: file /sys/class/hw_power/charger/direct_charger_sc4/direct_charge_succ is invalid
01-22 12:58:04.876 24061 24070 E bms_file: [BmsFileReadBuffer]: file /sys/class/hw_power/charger/direct_charger_sc4/direct_charge_succ is invalid
01-22 12:58:04.876 24061 24070 D bms_behavior: [GetChargeMaxPower]: mode:0, max_power:0
01-22 12:58:04.888 24061 24068 E bms_file: [BmsFileReadBuffer]: file /sys/class/hw_power/charger/direct_charger_sc4/direct_charge_succ is invalid
01-22 12:58:04.893 24061 24070 E bms_file: [BmsFileReadBuffer]: file /sys/class/hw_power/charger/direct_charger_sc4/direct_charge_succ is invalid
01-22 12:58:04.894 24061 24070 D bms_behavior: [GetCableType]: cable type:0
01-22 12:58:04.898 24061 24068 E bms_file: [BmsFileReadBuffer]: file /sys/class/hw_power/charger/direct_charger_sc4/direct_charge_succ is invalid
01-22 12:58:04.898 24061 24068 E bms_file: [BmsFileReadBuffer]: file /sys/class/hw_power/charger/direct_charger_sc4/direct_charge_succ is invalid
01-22 12:58:04.903 24061 24068 I bms_behavior: [Monitor]: monitor interval count 1279, name: battery_gauge
01-22 12:58:04.922 24061 24070 E bms_file: [BmsFileReadBuffer]: file /sys/class/hw_power/charger/direct_charger_sc4/direct_charge_succ is invalid
01-22 12:58:04.934 24061 24070 E bms_file: [BmsFileReadBuffer]: file /sys/class/hw_power/charger/direct_charger_sc4/direct_charge_succ is invalid
01-22 12:58:04.959 24061 24070 E bms_file: [BmsFileReadBuffer]: file /sys/class/hw_power/coul/coul_data/rbatt is invalid
01-22 12:58:04.959 24061 24070 E bms_file: [BmsFileReadBuffer]: file /sys/class/hw_power/bat_heating/heat_up is invalid
01-22 12:58:04.967  2365  3013 W AwareLog: UniScheduleDMEPlugin: add load record in temp
01-22 12:58:04.967  2365  3013 W AwareLog: UniScheduleDMEPlugin: downgradeSwitch is not open.
01-22 12:58:04.970 24061 24070 E bms_file: [BmsFileReadBuffer]: file /sys/class/hw_power/charger/direct_charger_sc4/direct_charge_succ is invalid
01-22 12:58:05.006 24061 24070 E bms_file: [BmsFileReadBuffer]: file /sys/class/hw_power/charger/direct_charger_sc4/direct_charge_succ is invalid
01-22 12:58:05.006 24061 24070 E bms_file: [BmsFileReadBuffer]: file /sys/class/hw_power/charger/direct_charger_sc4/direct_charge_succ is invalid
01-22 12:58:05.010 24061 24070 I bms_behavior: [Monitor]: monitor interval count 1291, name: Battery
01-22 12:58:05.240  1299  1499 E RUNTIME : ContextSetCurrentRef:54 ctx is nullptr!
01-22 12:58:05.240  1299  1499 E hiaiserver: DEVDRV : DevdrvOpenDeviceManager:61 open device manager fail, errno = 2
01-22 12:58:05.240  1299  1499 E hiaiserver: DEVDRV : reportStat:44 get file stat fail, errno = 2
01-22 12:58:05.240  1299  1499 E hiaiserver: DEVDRV : DrvDeviceGetCount:131 open device error
01-22 12:58:05.240  1299  1499 E RUNTIME : GetDeviceCount:72 Get device count fail, errorcode = 2
01-22 12:58:05.240  1299  1499 E RUNTIME : rtSetDevice:81 Get device count failed
01-22 12:58:05.240  1299  1499 E AI_NPUCL: npu_resilience.cc SetDevice(27)::"rtSetDevice fail"
01-22 12:58:05.437  2753 15231 I LooperFactory: releaseLooper:MBcDeliver, other:[]
01-22 12:58:05.617  1679  5938 I NotificationService: enqueueNotificationInternal: pkg=ch.protonvpn.android id=6 notification=Notification(channel=com.protonvpn.android shortcut=null contentView=null vibrate=null sound=null defaults=0x0 flags=0xa color=0x00000000 category=service actions=1 capsuleEnableStatus=-1 vis=PRIVATE), enqueue time: 390753437
01-22 12:58:05.617  1679  5938 W HwNotificationManagerServiceEx: isBanNotification control information formats is invalid !
01-22 12:58:05.618  1679  5938 E SEAPP_C_SeAppPolicyManagerImpl: getPolicyType: ResponseParcel{code=400, message='cannot find seapp policy for policyName=unobtrusive-notification', result={}}
01-22 12:58:05.618  1679  5938 E SEAPP_C_SeAppPolicyManagerImpl: getPolicyType: ResponseParcel{code=400, message='cannot find seapp policy for policyName=weird-custom-notification', result={}}
01-22 12:58:05.618  1679  5938 E SEAPP_C_SeAppPolicyManagerImpl: getStrategy: ResponseParcel{code=400, message='cannot find package strategy for policyName=weird-custom-notification, packageName=ch.protonvpn.android', result={}}
01-22 12:58:05.619  1679  5938 I HwNotificationService: notification data size : 4936
01-22 12:58:05.620  1679  5938 I NotificationService: enqueueNotificationInternal Channel Info : pkg=ch.protonvpn.android id=6 importance =2, channelType=1, mapChannelType=1, notification=Notification(channel=com.protonvpn.android shortcut=null contentView=null vibrate=null sound=null defaults=0x0 flags=0x4a color=0x00000000 category=service actions=1 capsuleEnableStatus=-1 vis=PRIVATE)
01-22 12:58:05.620  1679  5938 I HwNotificationService: shouldBlockByMediaController : pkgName =ch.protonvpn.android,isCustomNotification =false,isMediaNotification =false
01-22 12:58:05.621  1679  1679 I NotificationService: EnqueueNotificationRunnable.run for: 0|ch.protonvpn.android|6|null|10205
01-22 12:58:05.622  1679  1679 I HwNotificationDecisionCenter: getRemindDevice, isPhoneUsing=true, isHeadphoneAvailbale=false, isWatchAvailable=false, decision result=phone,record key=0|ch.protonvpn.android|6|null|10205
01-22 12:58:05.622  1679  1679 I HwNotificationService: sbn is from push: false
01-22 12:58:05.624  1679  1679 I HwNotificationService: specialType is:floating_window_notification ,topFullscreen is:false,isRequestSingleLine :false,HWMULTIWIN_ENABLED is:true
01-22 12:58:05.624  1679  1679 D HwNotificationService: mGameDndStatus is:false ,isGameDndSwitchOn is:false,isDeferLaunchActivity is:false
01-22 12:58:05.624  1679  1679 I NotificationListeners: enter notifyPostedLocked!!!
01-22 12:58:05.624  1679  1679 I NotificationListeners: notifyPostedLocked isDeviceUsing true remindDevice phone isSwingOwner true
01-22 12:58:05.628  2124  3688 I NotificationListener: ntf delay because of screenOn
01-22 12:58:05.628  2351  7775 I fast_decay: HandleBeaconRssiInfo, fastDecayResult is : 1, wifiFastDecayTotalResult is : 1
01-22 12:58:05.628  2351  7775 I asymmetric_link: getPer, getPer: 0.000000, filterTxRate: 6873.738770, filterRxRate: 12460.823242
01-22 12:58:05.628  2351  7775 I asymmetric_link: IsAsymmetricLinkSuccess, return false. filterFlow is : 0.232579
01-22 12:58:05.628  2351  7775 I asymmetric_link: HandleAsymmetricLinkInfo, the txRssi: -83.200569, the activeNodeCnt: -1, the wifiAsymmetricLinkResult : 0
01-22 12:58:05.628  1679  1679 I ActivityManager: setForegroundNotification enqueue time low: 390753437, 390753437
01-22 12:58:05.659  2124  2124 I NotificationListener: onNotificationPosted: StatusBarNotification(pkg=ch.protonvpn.android user=UserHandle{0} id=6 tag=null key=0|ch.protonvpn.android|6|null|10205 groupKey=0|ch.protonvpn.android|g:ranker_group6 overrideGroupKey=null: Notification(channel=com.protonvpn.android shortcut=null contentView=null vibrate=null sound=null defaults=0x0 flags=0x6a color=0x00000000 category=service groupKey=ranker_group6 actions=1 capsuleEnableStatus=-1 vis=PRIVATE)) important=2, post=1769083085619, when=1769021150022,showWhen=false, vis=0, userid=0, hasFullScreenIntent=false,style=null, liveType: 0, channelType: 0, isUseSmallIcon: false, isFSWithoutSmallIcon:false
01-22 12:58:05.661  2124  2124 D InterruptionStateProvider: No bubble up: not allowed to bubble: 0|ch.protonvpn.android|6|null|10205
01-22 12:58:05.661  2124  2124 D InterruptionStateProvider: No heads up: unimportant notification: 0|ch.protonvpn.android|6|null|10205
01-22 12:58:05.672  2351  2777 I OllieMsgCenter: publishEvt=2135097353
01-22 12:58:05.676  2124  2124 D HwColumnSystem: normal mode, mWidthPixel: 2800
01-22 12:58:05.676  2124  2124 I NotifSectionsManager: updateFirstAndLastViewsForAllSections, changed:false
01-22 12:58:05.679  2124  2124 I NPV     : LiveNotification is not showing, height = 279.0
01-22 12:58:05.681  2124  2124 D StackScrollAlgorithm: liveRowList is empty
01-22 12:58:05.682  2124  2124 E NotificationContentView: updateSingleLinePinnedState: new=false;old=false, entry:0|ch.protonvpn.android|6|null|10205
01-22 12:58:05.682  2124  2124 I NotifContentInflater: cancelContentViewFrees, key : 0|ch.protonvpn.android|6|null|10205, contentViews : 3
01-22 12:58:05.682  2124  4229 I HwNotificationEntry: loadLargeIcon: true
01-22 12:58:05.682  2124  4229 I HwNotificationEntry: loadAppIcon use cache
01-22 12:58:05.683  2124  4229 I Bitmap  : source bitmap colorspace: sRGB IEC61966-2.1
01-22 12:58:05.683  2124  4229 I HwNotificationEntry: loadAodIcon source:appIcon, key:0|ch.protonvpn.android|6|null|10205
01-22 12:58:05.683  2124  2124 D HwEntryBindHelper: setCustomBackground start.
01-22 12:58:05.684  2124  2124 D HwEntryBindHelper: setCustomBackground end.
01-22 12:58:05.684  2124  2124 I HwEntryBindHelper: key: 0|ch.protonvpn.android|6|null|10205; appName: Proton VPN; isExpanded: false; collapseContent: 47; expandContent: 47; bindType: 0; night mode: true; title: 20
01-22 12:58:05.686  2124  2124 D HwEntryBindHelper: setCustomBackground start.
01-22 12:58:05.686  2124  2124 D HwEntryBindHelper: setCustomBackground end.
01-22 12:58:05.686  2124  2124 I HwEntryBindHelper: key: 0|ch.protonvpn.android|6|null|10205; appName: Proton VPN; isExpanded: true; collapseContent: 47; expandContent: 47; bindType: 1; night mode: true; title: 20
01-22 12:58:05.688  2124  2124 I HwNotificationContentView: keyName0|ch.protonvpn.android|6|null|10205,isExpandable:true
01-22 12:58:05.688  2124  2124 I HwNotificationContentView: keyName0|ch.protonvpn.android|6|null|10205,isExpandable:true
01-22 12:58:05.688  2124  2124 I HwNotificationContentView: keyName0|ch.protonvpn.android|6|null|10205,isExpandable:false
01-22 12:58:05.688  2124  2124 I HwNotificationBaseLayout: shelfIconVisible:true
01-22 12:58:05.688  2124  2124 I HwNotificationBaseLayout: shelfIconVisible:true
01-22 12:58:05.688  2124  2124 W HwActivetableNotificationViewImpl: isHeadsup=false, headsupAndPanelshrink=false, 0|ch.protonvpn.android|6|null|10205, false
01-22 12:58:05.688  2124  2124 W HwActivetableNotificationViewImpl: not BLUR_FEATURE_ENABLED isScreenShotBlur: false
01-22 12:58:05.688  2124  2124 I HwNotificationContentInflater: startInflateViews entry inflate finish: 0|ch.protonvpn.android|6|null|10205, 3, false
01-22 12:58:05.692  2124  2124 D HwColumnSystem: normal mode, mWidthPixel: 2800
01-22 12:58:05.693  2124  2124 D HwNotificationContentView: layoutChild childType[3], child == null
01-22 12:58:05.693  2124  2124 D HwNotificationContentView: layoutChild childType[2], child == null
01-22 12:58:05.694  2124  2124 I NotifSectionsManager: updateFirstAndLastViewsForAllSections, changed:false
01-22 12:58:05.697  2124  2124 D StackScrollAlgorithm: liveRowList is empty
01-22 12:58:05.713  2351  7775 I Booster_Qoe: Ada,index:8,NisPsSlow:0,NProba:285,rsrp(rssi):-60,rsrq(noise):-84,rtt(chload):20,BFH(uldelay):1,BFC(rtt):0 Real:0,0,0,0,0, dlBler:0, ulBler:0
01-22 12:58:05.713  2351  7775 I Booster_Qoe: Ada,index:2,NisPsSlow:0,NProba:285,rsrp(rssi):-60,rsrq(noise):-84,rtt(chload):20,BFH(uldelay):1,BFC(rtt):0 Real:0,0,0,0,0, dlBler:0, ulBler:0
01-22 12:58:05.713  2351  2777 E NetworkQoeProxy: invalid channelId = 0
01-22 12:58:05.713  2351  2777 E NetworkQoeProxy: invalid channelId = 1
01-22 12:58:05.714  2351  2777 D BoosterUtil: convertSubIdToSlotId, subId invalid: -1
01-22 12:58:05.714  2351  2777 D BoosterUtil: getDefaultDataSlotId failed, invalid slotId:-1, subId:-1
01-22 12:58:05.714  2351  2777 D BoosterUtil: convertSubIdToSlotId, subId invalid: -1
01-22 12:58:05.714  2351  2777 D BoosterUtil: getDefaultDataSlotId failed, invalid slotId:-1, subId:-1
01-22 12:58:05.714  2351  2777 E Booster_BroadcastProxy: [isDebugModemEnabled]get package info fail.
01-22 12:58:05.715  2351  2777 E Booster_NetworkQoeChr: [chrBlerMonitorAndReport]modemQoeData is not present
01-22 12:58:05.715  2351  3185 D Hicom_XEngineProc: isSupportLocalSocketKit packageNam: de.bennik2000.dhbwstudentapp isSupported: false
01-22 12:58:05.716  1679  1982 I WiFi_PRO_WifiProStateMachine: APP_SERVICE_QOE_NOTIFY Qoe info 10244,4,0,285,1,2,4,0,285,680600,1441200,11,10,0,0,0,0 CID 2 mMasterWifiRssi -60 mMasterCardAmbr 1048576 mSlaveCardAmbr 1048576
01-22 12:58:05.716  1679  1982 I WifiService: getConnectionInfo uid=1000, callingPackage=android
01-22 12:58:05.717  1679  1982 V WifiPermissionsWrapper: getUidPermission(android.permission.LOCAL_MAC_ADDRESS, 1000): true
01-22 12:58:05.717  1679  1982 V WifiService: Clearing REDACT_FOR_LOCAL_MAC_ADDRESS for android(uid=1000)
01-22 12:58:05.717  1679  1982 V WifiPermissionsWrapper: getUidPermission(android.permission.NETWORK_SETTINGS, 1000): true
01-22 12:58:05.717  1679  1982 V WifiService: Clearing REDACT_FOR_NETWORK_SETTINGS for android(uid=1000)
01-22 12:58:05.717  1679  1982 V WifiService: Clearing REDACT_FOR_ACCESS_FINE_LOCATION for android(uid=1000)
01-22 12:58:05.717  1679  1982 V WifiPermissionsWrapper: getUidPermission(android.permission.NETWORK_SETTINGS, 1000): true
01-22 12:58:05.717  1679  1982 V HwWifiServiceFactory: get AllImpl object = com.android.server.wifi.HwWifiServiceFactoryImpl@8a1bb4b
01-22 12:58:05.717  1679  1982 I HwWifiProServiceProxy: ctrlHwWifiNetwork pkgName: WIFIPRO_SERVICE interfaceId: 9
01-22 12:58:05.717  1679  1982 I WiFi_PRO_WifiProStateMachine: isWifi2WifiProcess = false, mIsNeedIgnoreQoeUpdate = false, mIsAppInBlacklistFullScreen = false, mIsWiFiNoInternet false, screen on = true, full screen = false, isLandscapeMode = true, mNotifyWifiLinkPoorReason = -1, mIsAppInBlacklistQoe false, mIsAppInBlackListAll false
01-22 12:58:05.717  1679  1982 E WiFi_PROHumanFactorRecommend: isEconomicTrafficUser, invalid slotId=-1
01-22 12:58:05.717  1679  1982 I WiFi_PRO_WifiProStateMachine: , mAppQoeBadCnt = 0, mNetworkSlowReason = 0, isEconomicTrafficUser =false, mStrategy =0
01-22 12:58:05.717  1679  1982 I WifiService: getConnectionInfo uid=1000, callingPackage=android
01-22 12:58:05.717  1679  1982 V WifiPermissionsWrapper: getUidPermission(android.permission.LOCAL_MAC_ADDRESS, 1000): true
01-22 12:58:05.717  1679  1982 V WifiService: Clearing REDACT_FOR_LOCAL_MAC_ADDRESS for android(uid=1000)
01-22 12:58:05.717  1679  1982 V WifiPermissionsWrapper: getUidPermission(android.permission.NETWORK_SETTINGS, 1000): true
01-22 12:58:05.717  1679  1982 V WifiService: Clearing REDACT_FOR_NETWORK_SETTINGS for android(uid=1000)
01-22 12:58:05.717  1679  1982 V WifiService: Clearing REDACT_FOR_ACCESS_FINE_LOCATION for android(uid=1000)
01-22 12:58:05.717  1679  1982 V WifiPermissionsWrapper: getUidPermission(android.permission.NETWORK_SETTINGS, 1000): true
01-22 12:58:05.717  1679  1982 V HwWifiServiceFactory: get AllImpl object = com.android.server.wifi.HwWifiServiceFactoryImpl@8a1bb4b
01-22 12:58:05.717  1679  1982 I WiFi_PRO_WifiProStateMachine: getAppQoeInfoReason badReason:0
01-22 12:58:05.717  1679  1982 I WiFi_PRO_WifiProStateMachine: resetWifiQoeBad
01-22 12:58:05.717  1679  1982 I WiFi_PRO_WifiProStateMachine: the fast decay result in WifiProStateMachine : 1
01-22 12:58:05.717  1679  1982 I WiFi_PRO_WifiProStateMachine: Non-corporate && open network, the fast decay result is : 1
01-22 12:58:05.717  1679  1982 I WiFi_PRO_WifiProStateMachine: ignore fastdecay and asymmetricLink, because of rssi > -65
01-22 12:58:05.745  1679  1873 I TrafficMonitor: update:rxPkts:1,txPkts:1,rxBytes:52,txBytes:52
01-22 12:58:05.745  1679  1873 I TrafficMonitor: gettimer:interval=2000
01-22 12:58:05.786  2351  9062 D HwCommBoosterService: reportBoosterPara enter
01-22 12:58:05.786  2351  9062 D HwCommBoosterManager: reportBoosterPara enter
01-22 12:58:05.786  2351  9062 D HwCommBoosterManager: pluginId: 2dataType:801
01-22 12:58:05.786  2351  2777 D HwCommBoosterManager: handleBoosterMessageSendModuleDataToPlugin enter
01-22 12:58:05.827  1271  8951 I CPU_STATS: iawared: query next cpu load with 2!
01-22 12:58:05.828  1271  8951 I CPU_STATS: total cost time 2003958437 ns
01-22 12:58:05.828  1271  8951 I CPU_STATS: iawared: current total load is 0.068145, capacity : 5166, pre load:  45313502715781, current load : 45314191654035
01-22 12:58:05.829  1271  8951 I CPU_STATS: read once cost time 1534 us
01-22 12:58:06.243  1299  1499 E RUNTIME : ContextSetCurrentRef:54 ctx is nullptr!
01-22 12:58:06.243  1299  1499 E hiaiserver: DEVDRV : DevdrvOpenDeviceManager:61 open device manager fail, errno = 2
01-22 12:58:06.244  1299  1499 E hiaiserver: DEVDRV : reportStat:44 get file stat fail, errno = 2
01-22 12:58:06.244  1299  1499 E hiaiserver: DEVDRV : DrvDeviceGetCount:131 open device error
01-22 12:58:06.244  1299  1499 E RUNTIME : GetDeviceCount:72 Get device count fail, errorcode = 2
01-22 12:58:06.244  1299  1499 E RUNTIME : rtSetDevice:81 Get device count failed
01-22 12:58:06.244  1299  1499 E AI_NPUCL: npu_resilience.cc SetDevice(27)::"rtSetDevice fail"
01-22 12:58:06.301 30165 24235 I Predictor: [stat] Inference Time: 114945.0 ;Box Size 45, imageSize: 724, 1024, detLongSize:1331
01-22 12:58:06.301 30165 24235 D paint   : ocr time: 115189
01-22 12:58:06.311 30165 24235 D paint   : end pdf ocr : 115282
01-22 12:58:06.313 30165 24235 D paint   : model: 1
01-22 12:58:06.342  2753  3100 I CommonThreadPool: checkTaskOverRun begin: futureMap size = 0
01-22 12:58:06.342  2753  3100 I CommonThreadPool: checkTaskOverRun end: futureMap size = 0
01-22 12:58:06.633  1679  5938 I NotificationService: enqueueNotificationInternal: pkg=ch.protonvpn.android id=6 notification=Notification(channel=com.protonvpn.android shortcut=null contentView=null vibrate=null sound=null defaults=0x0 flags=0xa color=0x00000000 category=service actions=1 capsuleEnableStatus=-1 vis=PRIVATE), enqueue time: 390754452
01-22 12:58:06.634  1679  5938 W HwNotificationManagerServiceEx: isBanNotification control information formats is invalid !
01-22 12:58:06.636  1679  5938 E SEAPP_C_SeAppPolicyManagerImpl: getPolicyType: ResponseParcel{code=400, message='cannot find seapp policy for policyName=unobtrusive-notification', result={}}
01-22 12:58:06.638  1679  5938 E SEAPP_C_SeAppPolicyManagerImpl: getPolicyType: ResponseParcel{code=400, message='cannot find seapp policy for policyName=weird-custom-notification', result={}}
01-22 12:58:06.639  1679  5938 E SEAPP_C_SeAppPolicyManagerImpl: getStrategy: ResponseParcel{code=400, message='cannot find package strategy for policyName=weird-custom-notification, packageName=ch.protonvpn.android', result={}}
01-22 12:58:06.640  1679  5938 I HwNotificationService: notification data size : 4932
01-22 12:58:06.641  1679  5938 I NotificationService: enqueueNotificationInternal Channel Info : pkg=ch.protonvpn.android id=6 importance =2, channelType=1, mapChannelType=1, notification=Notification(channel=com.protonvpn.android shortcut=null contentView=null vibrate=null sound=null defaults=0x0 flags=0x4a color=0x00000000 category=service actions=1 capsuleEnableStatus=-1 vis=PRIVATE)
01-22 12:58:06.641  1679  5938 I HwNotificationService: shouldBlockByMediaController : pkgName =ch.protonvpn.android,isCustomNotification =false,isMediaNotification =false
01-22 12:58:06.643  1679  1679 I NotificationService: EnqueueNotificationRunnable.run for: 0|ch.protonvpn.android|6|null|10205
01-22 12:58:06.645  1679  1679 I HwNotificationDecisionCenter: getRemindDevice, isPhoneUsing=true, isHeadphoneAvailbale=false, isWatchAvailable=false, decision result=phone,record key=0|ch.protonvpn.android|6|null|10205
01-22 12:58:06.646  1679  1679 I HwNotificationService: sbn is from push: false
01-22 12:58:06.649  1679  1679 I HwNotificationService: specialType is:floating_window_notification ,topFullscreen is:false,isRequestSingleLine :false,HWMULTIWIN_ENABLED is:true
01-22 12:58:06.649  1679  1679 D HwNotificationService: mGameDndStatus is:false ,isGameDndSwitchOn is:false,isDeferLaunchActivity is:false
01-22 12:58:06.649  1679  1679 I NotificationListeners: enter notifyPostedLocked!!!
01-22 12:58:06.649  1679  1679 I NotificationListeners: notifyPostedLocked isDeviceUsing true remindDevice phone isSwingOwner true
01-22 12:58:06.654  2351  7775 I fast_decay: HandleBeaconRssiInfo, fastDecayResult is : 1, wifiFastDecayTotalResult is : 1
01-22 12:58:06.655  2351  7775 I asymmetric_link: getPer, getPer: 0.000000, filterTxRate: 6865.271484, filterRxRate: 12704.720703
01-22 12:58:06.655  2351  7775 I asymmetric_link: IsAsymmetricLinkSuccess, return false. filterFlow is : 0.234434
01-22 12:58:06.655  2351  7775 I asymmetric_link: HandleAsymmetricLinkInfo, the txRssi: -84.660233, the activeNodeCnt: -1, the wifiAsymmetricLinkResult : 0
01-22 12:58:06.656  1679  1679 I ActivityManager: setForegroundNotification enqueue time low: 390754452, 390754452
01-22 12:58:06.656  2124  3688 I NotificationListener: ntf delay because of screenOn
01-22 12:58:06.687  2124  2124 I NotificationListener: onNotificationPosted: StatusBarNotification(pkg=ch.protonvpn.android user=UserHandle{0} id=6 tag=null key=0|ch.protonvpn.android|6|null|10205 groupKey=0|ch.protonvpn.android|g:ranker_group6 overrideGroupKey=null: Notification(channel=com.protonvpn.android shortcut=null contentView=null vibrate=null sound=null defaults=0x0 flags=0x6a color=0x00000000 category=service groupKey=ranker_group6 actions=1 capsuleEnableStatus=-1 vis=PRIVATE)) important=2, post=1769083086641, when=1769021150022,showWhen=false, vis=0, userid=0, hasFullScreenIntent=false,style=null, liveType: 0, channelType: 0, isUseSmallIcon: false, isFSWithoutSmallIcon:false
01-22 12:58:06.689  2124  2124 D InterruptionStateProvider: No bubble up: not allowed to bubble: 0|ch.protonvpn.android|6|null|10205
01-22 12:58:06.690  2124  2124 D InterruptionStateProvider: No heads up: unimportant notification: 0|ch.protonvpn.android|6|null|10205
01-22 12:58:06.709  2124  2124 D HwColumnSystem: normal mode, mWidthPixel: 2800
01-22 12:58:06.710  2124  2124 I NotifSectionsManager: updateFirstAndLastViewsForAllSections, changed:false
01-22 12:58:06.713  2124  2124 I NPV     : LiveNotification is not showing, height = 279.0
01-22 12:58:06.715  2124  2124 D StackScrollAlgorithm: liveRowList is empty
01-22 12:58:06.716  2124  2124 E NotificationContentView: updateSingleLinePinnedState: new=false;old=false, entry:0|ch.protonvpn.android|6|null|10205
01-22 12:58:06.716  2124  2124 I NotifContentInflater: cancelContentViewFrees, key : 0|ch.protonvpn.android|6|null|10205, contentViews : 3
01-22 12:58:06.717  2124  4229 I HwNotificationEntry: loadLargeIcon: true
01-22 12:58:06.717  2124  4229 I HwNotificationEntry: loadAppIcon use cache
01-22 12:58:06.718  2124  4229 I Bitmap  : source bitmap colorspace: sRGB IEC61966-2.1
01-22 12:58:06.718  2124  4229 I HwNotificationEntry: loadAodIcon source:appIcon, key:0|ch.protonvpn.android|6|null|10205
01-22 12:58:06.719  2124  2124 D HwEntryBindHelper: setCustomBackground start.
01-22 12:58:06.719  2124  2124 D HwEntryBindHelper: setCustomBackground end.
01-22 12:58:06.719  2124  2124 I HwEntryBindHelper: key: 0|ch.protonvpn.android|6|null|10205; appName: Proton VPN; isExpanded: false; collapseContent: 45; expandContent: 45; bindType: 0; night mode: true; title: 20
01-22 12:58:06.721  2124  2124 D HwEntryBindHelper: setCustomBackground start.
01-22 12:58:06.721  2124  2124 D HwEntryBindHelper: setCustomBackground end.
01-22 12:58:06.721  2124  2124 I HwEntryBindHelper: key: 0|ch.protonvpn.android|6|null|10205; appName: Proton VPN; isExpanded: true; collapseContent: 45; expandContent: 45; bindType: 1; night mode: true; title: 20
01-22 12:58:06.723  2124  2124 I HwNotificationContentView: keyName0|ch.protonvpn.android|6|null|10205,isExpandable:true
01-22 12:58:06.723  2124  2124 I HwNotificationContentView: keyName0|ch.protonvpn.android|6|null|10205,isExpandable:true
01-22 12:58:06.723  2124  2124 I HwNotificationContentView: keyName0|ch.protonvpn.android|6|null|10205,isExpandable:false
01-22 12:58:06.723  2124  2124 I HwNotificationBaseLayout: shelfIconVisible:true
01-22 12:58:06.723  2124  2124 I HwNotificationBaseLayout: shelfIconVisible:true
01-22 12:58:06.723  2124  2124 W HwActivetableNotificationViewImpl: isHeadsup=false, headsupAndPanelshrink=false, 0|ch.protonvpn.android|6|null|10205, false
01-22 12:58:06.723  2124  2124 W HwActivetableNotificationViewImpl: not BLUR_FEATURE_ENABLED isScreenShotBlur: false
01-22 12:58:06.723  2124  2124 I HwNotificationContentInflater: startInflateViews entry inflate finish: 0|ch.protonvpn.android|6|null|10205, 3, false
01-22 12:58:06.726  2124  2124 D HwColumnSystem: normal mode, mWidthPixel: 2800
01-22 12:58:06.727  2124  2124 D HwNotificationContentView: layoutChild childType[3], child == null
01-22 12:58:06.727  2124  2124 D HwNotificationContentView: layoutChild childType[2], child == null
01-22 12:58:06.727  2124  2124 I NotifSectionsManager: updateFirstAndLastViewsForAllSections, changed:false
01-22 12:58:06.732  2124  2124 D StackScrollAlgorithm: liveRowList is empty
01-22 12:58:06.737  2351  7775 I Booster_Qoe: Ada,index:8,NisPsSlow:0,NProba:285,rsrp(rssi):-61,rsrq(noise):-84,rtt(chload):20,BFH(uldelay):1,BFC(rtt):0 Real:0,0,0,0,0, dlBler:0, ulBler:0
01-22 12:58:06.738  2351  7775 I Booster_Qoe: Ada,index:2,NisPsSlow:0,NProba:285,rsrp(rssi):-61,rsrq(noise):-84,rtt(chload):20,BFH(uldelay):1,BFC(rtt):0 Real:0,0,0,0,0, dlBler:0, ulBler:0
01-22 12:58:06.738  2351  2777 E NetworkQoeProxy: invalid channelId = 0
01-22 12:58:06.738  2351  2777 E NetworkQoeProxy: invalid channelId = 1
01-22 12:58:06.738  2351  2777 D BoosterUtil: convertSubIdToSlotId, subId invalid: -1
01-22 12:58:06.738  2351  2777 D BoosterUtil: getDefaultDataSlotId failed, invalid slotId:-1, subId:-1
01-22 12:58:06.738  2351  2777 D BoosterUtil: convertSubIdToSlotId, subId invalid: -1
01-22 12:58:06.738  2351  2777 D BoosterUtil: getDefaultDataSlotId failed, invalid slotId:-1, subId:-1
01-22 12:58:06.739  2351  2777 E Booster_BroadcastProxy: [isDebugModemEnabled]get package info fail.
01-22 12:58:06.739  2351  2777 E Booster_NetworkQoeChr: [chrBlerMonitorAndReport]modemQoeData is not present
01-22 12:58:06.740  1679  1873 I TrafficMonitor: expired arrive. level:-1
01-22 12:58:06.740  1679  1873 I TrafficMonitor: during_ms:2004,period_ms:2000
01-22 12:58:06.740  1679  1873 I TrafficMonitor: count:452,rx_sum:1,tx_sum:1,rxBytes:52,during_ms:2004,rx_speed:25.948103792415168,tx_speed:25.948103792415168,rto:1.0
01-22 12:58:06.740  1679  1873 I HuaweiWifiWatchdogStateMachine: Get speed information rx_speed = 25 ,tx_speed = 25 ,isSpeedOk = false ,mBestSpeedInPeriod = 7850
01-22 12:58:06.740  2351  3185 D Hicom_XEngineProc: isSupportLocalSocketKit packageNam: de.bennik2000.dhbwstudentapp isSupported: false
01-22 12:58:06.741  1679  1982 I WiFi_PRO_WifiProStateMachine: APP_SERVICE_QOE_NOTIFY Qoe info 10244,4,0,285,1,2,4,0,285,680600,1441200,11,10,0,0,1,0 CID 2 mMasterWifiRssi -61 mMasterCardAmbr 1048576 mSlaveCardAmbr 1048576
01-22 12:58:06.741  1679  1982 I WifiService: getConnectionInfo uid=1000, callingPackage=android
01-22 12:58:06.742  1679  1982 V WifiPermissionsWrapper: getUidPermission(android.permission.LOCAL_MAC_ADDRESS, 1000): true
01-22 12:58:06.742  1679  1982 V WifiService: Clearing REDACT_FOR_LOCAL_MAC_ADDRESS for android(uid=1000)
01-22 12:58:06.742  1679  1982 V WifiPermissionsWrapper: getUidPermission(android.permission.NETWORK_SETTINGS, 1000): true
01-22 12:58:06.742  1679  1982 V WifiService: Clearing REDACT_FOR_NETWORK_SETTINGS for android(uid=1000)
01-22 12:58:06.742  1679  1982 V WifiService: Clearing REDACT_FOR_ACCESS_FINE_LOCATION for android(uid=1000)
01-22 12:58:06.742  1679  1982 V WifiPermissionsWrapper: getUidPermission(android.permission.NETWORK_SETTINGS, 1000): true
01-22 12:58:06.742  1679  1982 V HwWifiServiceFactory: get AllImpl object = com.android.server.wifi.HwWifiServiceFactoryImpl@8a1bb4b
01-22 12:58:06.742  1679  1982 I HwWifiProServiceProxy: ctrlHwWifiNetwork pkgName: WIFIPRO_SERVICE interfaceId: 9
01-22 12:58:06.742  1679  1982 I WiFi_PRO_WifiProStateMachine: isWifi2WifiProcess = false, mIsNeedIgnoreQoeUpdate = false, mIsAppInBlacklistFullScreen = false, mIsWiFiNoInternet false, screen on = true, full screen = false, isLandscapeMode = true, mNotifyWifiLinkPoorReason = -1, mIsAppInBlacklistQoe false, mIsAppInBlackListAll false
01-22 12:58:06.742  1679  1982 E WiFi_PROHumanFactorRecommend: isEconomicTrafficUser, invalid slotId=-1
01-22 12:58:06.742  1679  1982 I WiFi_PRO_WifiProStateMachine: , mAppQoeBadCnt = 0, mNetworkSlowReason = 0, isEconomicTrafficUser =false, mStrategy =0
01-22 12:58:06.742  1679  1982 I WifiService: getConnectionInfo uid=1000, callingPackage=android
01-22 12:58:06.742  1679  1982 V WifiPermissionsWrapper: getUidPermission(android.permission.LOCAL_MAC_ADDRESS, 1000): true
01-22 12:58:06.742  1679  1982 V WifiService: Clearing REDACT_FOR_LOCAL_MAC_ADDRESS for android(uid=1000)
01-22 12:58:06.742  1679  1982 V WifiPermissionsWrapper: getUidPermission(android.permission.NETWORK_SETTINGS, 1000): true
01-22 12:58:06.742  1679  1982 V WifiService: Clearing REDACT_FOR_NETWORK_SETTINGS for android(uid=1000)
01-22 12:58:06.742  1679  1982 V WifiService: Clearing REDACT_FOR_ACCESS_FINE_LOCATION for android(uid=1000)
01-22 12:58:06.742  1679  1982 V WifiPermissionsWrapper: getUidPermission(android.permission.NETWORK_SETTINGS, 1000): true
01-22 12:58:06.742  1679  1982 V HwWifiServiceFactory: get AllImpl object = com.android.server.wifi.HwWifiServiceFactoryImpl@8a1bb4b
01-22 12:58:06.742  1679  1982 I WiFi_PRO_WifiProStateMachine: getAppQoeInfoReason badReason:0
01-22 12:58:06.742  1679  1982 I WiFi_PRO_WifiProStateMachine: resetWifiQoeBad
01-22 12:58:06.742  1679  1982 I WiFi_PRO_WifiProStateMachine: the fast decay result in WifiProStateMachine : 1
01-22 12:58:06.742  1679  1982 I WiFi_PRO_WifiProStateMachine: Non-corporate && open network, the fast decay result is : 1
01-22 12:58:06.742  1679  1982 I WiFi_PRO_WifiProStateMachine: ignore fastdecay and asymmetricLink, because of rssi > -65
01-22 12:58:06.789  2351  9062 D HwCommBoosterService: reportBoosterPara enter
01-22 12:58:06.789  2351  9062 D HwCommBoosterManager: reportBoosterPara enter
01-22 12:58:06.789  2351  9062 D HwCommBoosterManager: pluginId: 2dataType:801
01-22 12:58:06.790  2351  2777 D HwCommBoosterManager: handleBoosterMessageSendModuleDataToPlugin enter
01-22 12:58:06.891  1679  1991 I WifiNl80211Manager: Noise: -84, Snr: 29, Chload: 20, rssi: -61, txBitrate: 680, rxBitrate: 1441, frequency: 5620, UlDelay: 1, currentTxBytes: 63273432, currentTxPackets: 372220, currentTxFailed: 0, currentRxBytes: 1363936778, currentRxPackets: 1072683, chloadSelf: 0, c0RssiDbm: -128, c1RssiDbm: -128
01-22 12:58:06.892  1679  1991 D HuaweiWifiWatchdogStateMachine: nothing to do
01-22 12:58:06.893  1679  1990 I WiFi_PRO: MSG_RETURN_AP_CURRY_RSSI rssi = -61
01-22 12:58:06.893  1679  1990 I QosMonitor: queryRtt: rttType = 3
01-22 12:58:06.893  1679  1990 I QosMonitor: call ctrlHwWifiNetwork
01-22 12:58:06.894  1679  1991 I HuaweiWifiWatchdogStateMachine: high data flow: protection_counter = 0,  not_detect_counter = 687
01-22 12:58:06.894  1679  1991 I HuaweiWifiWatchdogStateMachine: high data flow scenario: 0 --> 0 rx rate =0KB/s
01-22 12:58:06.894  1679  1991 I HuaweiWifiWatchdogStateMachine: POta txb txg rxg:0, 222, 0. Lr =0% Totpkt=222
01-22 12:58:06.894  1679  1990 I QosMonitor: postEventFromNative: msg=100,arg1=4,arg2=10
01-22 12:58:06.894  1679  1990 I QosMonitor: call ctrlHwWifiNetwork
01-22 12:58:06.895  1679  1990 I QosMonitor: postEventFromNative: msg=100,arg1=0,arg2=10
01-22 12:58:06.895  1679  1990 I MQoS    : rtt=236,tcpTxPkts=193349,tcpRxPkts=211086
01-22 12:58:06.895  1679  7305 I HwConnectivityServiceEx: set 1000, metered: false, value: false
01-22 12:58:06.897  1679  1991 I HuaweiWifiWatchdogStateMachine: PTcp RTT:0, rtt pkt=0, tcp_rx=0, tcp_tx=0, tcp_reTran=0, rtRate=0
01-22 12:58:06.897  1679  1991 I HwWifiProServiceProxy: ctrlHwWifiNetwork pkgName: WIFIPRO_SERVICE interfaceId: 101
01-22 12:58:06.898  1679  1991 I HuaweiWifiWatchdogStateMachine: rssi bad, mrssi=-61 < TargetRssi=-56
01-22 12:58:06.898  1679  1991 I HuaweiWifiWatchdogStateMachine: start computeQosLevel tcpRtt = 0 ,rssi = -61 ,mBestSpeedInPeriod = 7850
01-22 12:58:06.898  1679  1991 I HuaweiWifiWatchdogStateMachine: smoothConsecutiveQosResults, currentQosLevel = 3
01-22 12:58:06.899  1679  1990 I QosMonitor: resetRtt: rttType = 3
01-22 12:58:06.900  1679  1990 I QosMonitor: call ctrlHwWifiNetwork
01-22 12:58:07.246  1299  1499 E RUNTIME : ContextSetCurrentRef:54 ctx is nullptr!
01-22 12:58:07.247  1299  1499 E hiaiserver: DEVDRV : DevdrvOpenDeviceManager:61 open device manager fail, errno = 2
01-22 12:58:07.247  1299  1499 E hiaiserver: DEVDRV : reportStat:44 get file stat fail, errno = 2
01-22 12:58:07.247  1299  1499 E hiaiserver: DEVDRV : DrvDeviceGetCount:131 open device error
01-22 12:58:07.247  1299  1499 E RUNTIME : GetDeviceCount:72 Get device count fail, errorcode = 2
01-22 12:58:07.247  1299  1499 E RUNTIME : rtSetDevice:81 Get device count failed
01-22 12:58:07.247  1299  1499 E AI_NPUCL: npu_resilience.cc SetDevice(27)::"rtSetDevice fail"
01-22 12:58:07.325 30165 24235 D AiService: ai sendMessage: ocr-checkCancel, , 0
01-22 12:58:07.376 30165 24235 D paint   : start=52, end=53(52), [0]
01-22 12:58:07.376 30165 24235 D paint   : start page: 52
01-22 12:58:07.376 30165 24235 D paint   : open 52 @ true
01-22 12:58:07.401 30165 24235 D paint   : size: 724, 1024, 1.2175981
01-22 12:58:07.433  1679  1873 I WifiNl80211Manager: Noise: -84, Snr: 29, Chload: 20, rssi: -61, txBitrate: 680, rxBitrate: 1441, frequency: 5620, UlDelay: 1, currentTxBytes: 63273432, currentTxPackets: 372220, currentTxFailed: 0, currentRxBytes: 1363936778, currentRxPackets: 1072683, chloadSelf: 0, c0RssiDbm: -128, c1RssiDbm: -128
01-22 12:58:07.433  1679  1873 I WifiClientModeImpl[wlan0]: updateLinkLayerStatsRssiSpeedFrequencyCapabilities rssi=-61 TxLinkspeed=680 freq=5620 RxLinkSpeed=1441
01-22 12:58:07.435  1679  1873 D WifiDataStall: tx tput in kbps: 608148
01-22 12:58:07.435  1679  1873 D WifiDataStall: rx tput in kbps: 1221003
01-22 12:58:07.435  1679  1873 I WifiConfigManager: Updating scan detail cache freq=5620 BSSID=82B093EC76 RSSI=-61 for "S85943330
01-22 12:58:07.436  1679  1873 D WifiDataStall:  ccaLevel = 15
01-22 12:58:07.437  1679  1873 D WifiDataStall: L2 txTputKbps: 608148, rxTputKbps: 1356566, L3 txTputKbps: 2, rxTputKbps: 1, TxTrafficHigh: false, RxTrafficHigh: true, Throughput Sufficient: true
