01-22 12:57:44.377  1679  1679 I HwNotificationDecisionCenter: getRemindDevice, isPhoneUsing=true, isHeadphoneAvailbale=false, isWatchAvailable=false, decision result=phone,record key=0|ch.protonvpn.android|6|null|10205
01-22 12:57:44.380  1679  1679 I NotificationListeners: notifyPostedLocked isDeviceUsing true remindDevice phone isSwingOwner true
01-22 12:57:44.382  1679  1679 I ActivityManager: setForegroundNotification enqueue time low: 390732193, 390732193
01-22 12:57:44.701  2351 11945 D HwCommBoosterService: reportBoosterPara enter
01-22 12:57:44.701  2351 11945 D HwCommBoosterManager: reportBoosterPara enter
01-22 12:57:44.701  2351 11945 D HwCommBoosterManager: pluginId: 2dataType:801
01-22 12:57:44.701  2351  2777 D HwCommBoosterManager: handleBoosterMessageSendModuleDataToPlugin enter
01-22 12:57:45.234  2351  2777 D BoosterUtil: convertSubIdToSlotId, subId invalid: -1
01-22 12:57:45.234  2351  2777 D BoosterUtil: getDefaultDataSlotId failed, invalid slotId:-1, subId:-1
01-22 12:57:45.234  2351  2777 D BoosterUtil: convertSubIdToSlotId, subId invalid: -1
01-22 12:57:45.234  2351  2777 D BoosterUtil: getDefaultDataSlotId failed, invalid slotId:-1, subId:-1
01-22 12:57:45.234  2351  2777 E Booster_BroadcastProxy: [isDebugModemEnabled]get package info fail.
01-22 12:57:45.235  2351  2777 E Booster_NetworkQoeChr: [chrBlerMonitorAndReport]modemQoeData is not present
01-22 12:57:45.396  1679  5035 I NotificationService: enqueueNotificationInternal: pkg=ch.protonvpn.android id=6 notification=Notification(channel=com.protonvpn.android shortcut=null contentView=null vibrate=null sound=null defaults=0x0 flags=0xa color=0x00000000 category=service actions=1 capsuleEnableStatus=-1 vis=PRIVATE), enqueue time: 390733216
01-22 12:57:45.399  1679  5035 I NotificationService: enqueueNotificationInternal Channel Info : pkg=ch.protonvpn.android id=6 importance =2, channelType=1, mapChannelType=1, notification=Notification(channel=com.protonvpn.android shortcut=null contentView=null vibrate=null sound=null defaults=0x0 flags=0x4a color=0x00000000 category=service actions=1 capsuleEnableStatus=-1 vis=PRIVATE)
01-22 12:57:45.400  1679  1679 I NotificationService: EnqueueNotificationRunnable.run for: 0|ch.protonvpn.android|6|null|10205
01-22 12:57:45.401  1679  1679 I HwNotificationDecisionCenter: getRemindDevice, isPhoneUsing=true, isHeadphoneAvailbale=false, isWatchAvailable=false, decision result=phone,record key=0|ch.protonvpn.android|6|null|10205
01-22 12:57:45.403  1679  1679 I NotificationListeners: notifyPostedLocked isDeviceUsing true remindDevice phone isSwingOwner true
01-22 12:57:45.404  1679  1679 I ActivityManager: setForegroundNotification enqueue time low: 390733216, 390733216
01-22 12:57:45.705  2351 11945 D HwCommBoosterService: reportBoosterPara enter
01-22 12:57:45.705  2351 11945 D HwCommBoosterManager: reportBoosterPara enter
01-22 12:57:45.705  2351 11945 D HwCommBoosterManager: pluginId: 2dataType:801
01-22 12:57:45.705  2351  2777 D HwCommBoosterManager: handleBoosterMessageSendModuleDataToPlugin enter
01-22 12:57:46.258  2351  2777 D BoosterUtil: convertSubIdToSlotId, subId invalid: -1
01-22 12:57:46.258  2351  2777 D BoosterUtil: getDefaultDataSlotId failed, invalid slotId:-1, subId:-1
01-22 12:57:46.258  2351  2777 D BoosterUtil: convertSubIdToSlotId, subId invalid: -1
01-22 12:57:46.258  2351  2777 D BoosterUtil: getDefaultDataSlotId failed, invalid slotId:-1, subId:-1
01-22 12:57:46.258  2351  2777 E Booster_BroadcastProxy: [isDebugModemEnabled]get package info fail.
01-22 12:57:46.258  2351  2777 E Booster_NetworkQoeChr: [chrBlerMonitorAndReport]modemQoeData is not present
01-22 12:57:46.408  1679  5035 I NotificationService: enqueueNotificationInternal: pkg=ch.protonvpn.android id=6 notification=Notification(channel=com.protonvpn.android shortcut=null contentView=null vibrate=null sound=null defaults=0x0 flags=0xa color=0x00000000 category=service actions=1 capsuleEnableStatus=-1 vis=PRIVATE), enqueue time: 390734227
01-22 12:57:46.410  1679  5035 I NotificationService: enqueueNotificationInternal Channel Info : pkg=ch.protonvpn.android id=6 importance =2, channelType=1, mapChannelType=1, notification=Notification(channel=com.protonvpn.android shortcut=null contentView=null vibrate=null sound=null defaults=0x0 flags=0x4a color=0x00000000 category=service actions=1 capsuleEnableStatus=-1 vis=PRIVATE)
01-22 12:57:46.412  1679  1679 I NotificationService: EnqueueNotificationRunnable.run for: 0|ch.protonvpn.android|6|null|10205
01-22 12:57:46.412  1679  1679 I HwNotificationDecisionCenter: getRemindDevice, isPhoneUsing=true, isHeadphoneAvailbale=false, isWatchAvailable=false, decision result=phone,record key=0|ch.protonvpn.android|6|null|10205
01-22 12:57:46.414  1679  1679 I NotificationListeners: notifyPostedLocked isDeviceUsing true remindDevice phone isSwingOwner true
01-22 12:57:46.416  1679  1679 I ActivityManager: setForegroundNotification enqueue time low: 390734227, 390734227
01-22 12:57:46.709  2351 11945 D HwCommBoosterService: reportBoosterPara enter
01-22 12:57:46.709  2351 11945 D HwCommBoosterManager: reportBoosterPara enter
01-22 12:57:46.709  2351 11945 D HwCommBoosterManager: pluginId: 2dataType:801
01-22 12:57:46.709  2351  2777 D HwCommBoosterManager: handleBoosterMessageSendModuleDataToPlugin enter
01-22 12:57:47.282  2351  2777 D BoosterUtil: convertSubIdToSlotId, subId invalid: -1
01-22 12:57:47.282  2351  2777 D BoosterUtil: getDefaultDataSlotId failed, invalid slotId:-1, subId:-1
01-22 12:57:47.282  2351  2777 D BoosterUtil: convertSubIdToSlotId, subId invalid: -1
01-22 12:57:47.282  2351  2777 D BoosterUtil: getDefaultDataSlotId failed, invalid slotId:-1, subId:-1
01-22 12:57:47.282  2351  2777 E Booster_BroadcastProxy: [isDebugModemEnabled]get package info fail.
01-22 12:57:47.282  2351  2777 E Booster_NetworkQoeChr: [chrBlerMonitorAndReport]modemQoeData is not present
01-22 12:57:47.420  1679  5395 I NotificationService: enqueueNotificationInternal: pkg=ch.protonvpn.android id=6 notification=Notification(channel=com.protonvpn.android shortcut=null contentView=null vibrate=null sound=null defaults=0x0 flags=0xa color=0x00000000 category=service actions=1 capsuleEnableStatus=-1 vis=PRIVATE), enqueue time: 390735239
01-22 12:57:47.423  1679  5395 I NotificationService: enqueueNotificationInternal Channel Info : pkg=ch.protonvpn.android id=6 importance =2, channelType=1, mapChannelType=1, notification=Notification(channel=com.protonvpn.android shortcut=null contentView=null vibrate=null sound=null defaults=0x0 flags=0x4a color=0x00000000 category=service actions=1 capsuleEnableStatus=-1 vis=PRIVATE)
01-22 12:57:47.424  1679  1679 I NotificationService: EnqueueNotificationRunnable.run for: 0|ch.protonvpn.android|6|null|10205
01-22 12:57:47.425  1679  1679 I HwNotificationDecisionCenter: getRemindDevice, isPhoneUsing=true, isHeadphoneAvailbale=false, isWatchAvailable=false, decision result=phone,record key=0|ch.protonvpn.android|6|null|10205
01-22 12:57:47.428  1679  1679 I NotificationListeners: notifyPostedLocked isDeviceUsing true remindDevice phone isSwingOwner true
01-22 12:57:47.430  1679  1679 I ActivityManager: setForegroundNotification enqueue time low: 390735239, 390735239
01-22 12:57:47.713  2351 11945 D HwCommBoosterService: reportBoosterPara enter
01-22 12:57:47.713  2351 11945 D HwCommBoosterManager: reportBoosterPara enter
01-22 12:57:47.713  2351 11945 D HwCommBoosterManager: pluginId: 2dataType:801
01-22 12:57:47.713  2351  2777 D HwCommBoosterManager: handleBoosterMessageSendModuleDataToPlugin enter
01-22 12:57:48.306  2351  2777 D BoosterUtil: convertSubIdToSlotId, subId invalid: -1
01-22 12:57:48.306  2351  2777 D BoosterUtil: getDefaultDataSlotId failed, invalid slotId:-1, subId:-1
01-22 12:57:48.306  2351  2777 D BoosterUtil: convertSubIdToSlotId, subId invalid: -1
01-22 12:57:48.306  2351  2777 D BoosterUtil: getDefaultDataSlotId failed, invalid slotId:-1, subId:-1
01-22 12:57:48.306  2351  2777 E Booster_BroadcastProxy: [isDebugModemEnabled]get package info fail.
01-22 12:57:48.306  2351  2777 E Booster_NetworkQoeChr: [chrBlerMonitorAndReport]modemQoeData is not present
01-22 12:57:48.431  1679  2475 I NotificationService: enqueueNotificationInternal: pkg=ch.protonvpn.android id=6 notification=Notification(channel=com.protonvpn.android shortcut=null contentView=null vibrate=null sound=null defaults=0x0 flags=0xa color=0x00000000 category=service actions=1 capsuleEnableStatus=-1 vis=PRIVATE), enqueue time: 390736251
01-22 12:57:48.433  1679  2475 I NotificationService: enqueueNotificationInternal Channel Info : pkg=ch.protonvpn.android id=6 importance =2, channelType=1, mapChannelType=1, notification=Notification(channel=com.protonvpn.android shortcut=null contentView=null vibrate=null sound=null defaults=0x0 flags=0x4a color=0x00000000 category=service actions=1 capsuleEnableStatus=-1 vis=PRIVATE)
01-22 12:57:48.434  1679  1679 I NotificationService: EnqueueNotificationRunnable.run for: 0|ch.protonvpn.android|6|null|10205
01-22 12:57:48.436  1679  1679 I HwNotificationDecisionCenter: getRemindDevice, isPhoneUsing=true, isHeadphoneAvailbale=false, isWatchAvailable=false, decision result=phone,record key=0|ch.protonvpn.android|6|null|10205
01-22 12:57:48.438  1679  1679 I NotificationListeners: notifyPostedLocked isDeviceUsing true remindDevice phone isSwingOwner true
01-22 12:57:48.440  1679  1679 I ActivityManager: setForegroundNotification enqueue time low: 390736251, 390736251
01-22 12:57:48.717  2351 11945 D HwCommBoosterService: reportBoosterPara enter
01-22 12:57:48.717  2351 11945 D HwCommBoosterManager: reportBoosterPara enter
01-22 12:57:48.717  2351 11945 D HwCommBoosterManager: pluginId: 2dataType:801
01-22 12:57:48.717  2351  2777 D HwCommBoosterManager: handleBoosterMessageSendModuleDataToPlugin enter
01-22 12:57:49.330  2351  2777 D BoosterUtil: convertSubIdToSlotId, subId invalid: -1
01-22 12:57:49.330  2351  2777 D BoosterUtil: getDefaultDataSlotId failed, invalid slotId:-1, subId:-1
01-22 12:57:49.330  2351  2777 D BoosterUtil: convertSubIdToSlotId, subId invalid: -1
01-22 12:57:49.330  2351  2777 D BoosterUtil: getDefaultDataSlotId failed, invalid slotId:-1, subId:-1
01-22 12:57:49.330  2351  2777 E Booster_BroadcastProxy: [isDebugModemEnabled]get package info fail.
01-22 12:57:49.331  2351  2777 E Booster_NetworkQoeChr: [chrBlerMonitorAndReport]modemQoeData is not present
01-22 12:57:49.441  1679  5395 I NotificationService: enqueueNotificationInternal: pkg=ch.protonvpn.android id=6 notification=Notification(channel=com.protonvpn.android shortcut=null contentView=null vibrate=null sound=null defaults=0x0 flags=0xa color=0x00000000 category=service actions=1 capsuleEnableStatus=-1 vis=PRIVATE), enqueue time: 390737261
01-22 12:57:49.444  1679  5395 I NotificationService: enqueueNotificationInternal Channel Info : pkg=ch.protonvpn.android id=6 importance =2, channelType=1, mapChannelType=1, notification=Notification(channel=com.protonvpn.android shortcut=null contentView=null vibrate=null sound=null defaults=0x0 flags=0x4a color=0x00000000 category=service actions=1 capsuleEnableStatus=-1 vis=PRIVATE)
01-22 12:57:49.446  1679  1679 I NotificationService: EnqueueNotificationRunnable.run for: 0|ch.protonvpn.android|6|null|10205
01-22 12:57:49.446  1679  1679 I HwNotificationDecisionCenter: getRemindDevice, isPhoneUsing=true, isHeadphoneAvailbale=false, isWatchAvailable=false, decision result=phone,record key=0|ch.protonvpn.android|6|null|10205
01-22 12:57:49.449  1679  1679 I NotificationListeners: notifyPostedLocked isDeviceUsing true remindDevice phone isSwingOwner true
01-22 12:57:49.451  1679  1679 I ActivityManager: setForegroundNotification enqueue time low: 390737261, 390737261
01-22 12:57:49.721  2351  9062 D HwCommBoosterService: reportBoosterPara enter
01-22 12:57:49.721  2351  9062 D HwCommBoosterManager: reportBoosterPara enter
01-22 12:57:49.721  2351  9062 D HwCommBoosterManager: pluginId: 2dataType:801
01-22 12:57:49.721  2351  2777 D HwCommBoosterManager: handleBoosterMessageSendModuleDataToPlugin enter
01-22 12:57:50.130  1679  5035 I ActivityManager: Killing 9799:com.gbox.android:vlapp04/u0a223 (adj 999): empty for 1808s
01-22 12:57:50.130  1679  5035 W ProcessStats: Tracking association SourceState{a13793b system/1000 BTopFgs #180943} whose proc state 2 is better than process ProcessState{7dcc858 ch.protonvpn.android/10205 pkg=ch.protonvpn.android} proc state 3 (6 skipped)
01-22 12:57:50.167  1679  2475 I ActivityManager: appDiedLocked: pid=9799, app=ProcessRecord{7559397 9799:com.gbox.android:vlapp04/u0a223}, fromBinderDied=true, reason=null
01-22 12:57:50.168  1679  2475 D ActivityManager: cleanUpApplicationRecord app: 9799:com.gbox.android:vlapp04/u0a223, bad: false, restarting: false, allowRestart: true
01-22 12:57:50.168  1679  1908 W HwAudioServiceEx: SoundEffectState bundle get reserved is invalid
01-22 12:57:50.168  1679  1742 I HwPowerManagerService: appdie release wakelock, pid = 9799, uid = 10223
01-22 12:57:50.168  1679  1742 I HwActivityTaskManagerServiceEx:  NOTIFY_CALL packageName:com.gbox.android processName: com.gbox.android:vlapp04 reason: appDie
01-22 12:57:50.168  1679  1727 I SWAP_Scene: Entering notifySceneData notifySceneData. EventType:PROCESS_DIED pkg:com.gbox.android uid:10223 pid:9799 proc: activity:null
01-22 12:57:50.169  1679  1742 I HwActivityTaskManagerServiceEx:  NOTIFY_CALL packageName:com.gbox.android processName: com.gbox.android:vlapp04 reason: appDie
01-22 12:57:50.169  1679  2475 I HwActivityTaskManagerServiceEx:  notifyActivityDied: ProcessRecord{7559397 0:com.gbox.android:vlapp04/u0a223}
01-22 12:57:50.354  2351  2777 D BoosterUtil: convertSubIdToSlotId, subId invalid: -1
01-22 12:57:50.354  2351  2777 D BoosterUtil: getDefaultDataSlotId failed, invalid slotId:-1, subId:-1
01-22 12:57:50.354  2351  2777 D BoosterUtil: convertSubIdToSlotId, subId invalid: -1
01-22 12:57:50.354  2351  2777 D BoosterUtil: getDefaultDataSlotId failed, invalid slotId:-1, subId:-1
01-22 12:57:50.354  2351  2777 E Booster_BroadcastProxy: [isDebugModemEnabled]get package info fail.
01-22 12:57:50.354  2351  2777 E Booster_NetworkQoeChr: [chrBlerMonitorAndReport]modemQoeData is not present
01-22 12:57:50.452  1679  2475 I NotificationService: enqueueNotificationInternal: pkg=ch.protonvpn.android id=6 notification=Notification(channel=com.protonvpn.android shortcut=null contentView=null vibrate=null sound=null defaults=0x0 flags=0xa color=0x00000000 category=service actions=1 capsuleEnableStatus=-1 vis=PRIVATE), enqueue time: 390738271
01-22 12:57:50.454  1679  2475 I NotificationService: enqueueNotificationInternal Channel Info : pkg=ch.protonvpn.android id=6 importance =2, channelType=1, mapChannelType=1, notification=Notification(channel=com.protonvpn.android shortcut=null contentView=null vibrate=null sound=null defaults=0x0 flags=0x4a color=0x00000000 category=service actions=1 capsuleEnableStatus=-1 vis=PRIVATE)
01-22 12:57:50.456  1679  1679 I NotificationService: EnqueueNotificationRunnable.run for: 0|ch.protonvpn.android|6|null|10205
01-22 12:57:50.457  1679  1679 I HwNotificationDecisionCenter: getRemindDevice, isPhoneUsing=true, isHeadphoneAvailbale=false, isWatchAvailable=false, decision result=phone,record key=0|ch.protonvpn.android|6|null|10205
01-22 12:57:50.459  1679  1679 I NotificationListeners: notifyPostedLocked isDeviceUsing true remindDevice phone isSwingOwner true
01-22 12:57:50.462  1679  1679 I ActivityManager: setForegroundNotification enqueue time low: 390738271, 390738271
01-22 12:57:50.725  2351  9062 D HwCommBoosterService: reportBoosterPara enter
01-22 12:57:50.725  2351  9062 D HwCommBoosterManager: reportBoosterPara enter
01-22 12:57:50.726  2351  9062 D HwCommBoosterManager: pluginId: 2dataType:801
01-22 12:57:50.726  2351  2777 D HwCommBoosterManager: handleBoosterMessageSendModuleDataToPlugin enter
01-22 12:57:50.820  1679  1839 I ActivityManager: sendIntentSender target:PendingIntentRecord{ff3ebf2 android broadcastIntent}, intent:flg=0x4 hwFlg=0x810
01-22 12:57:50.821  1679  1839 I ActivityManager: SendInner finish:PendingIntentRecord{ff3ebf2 android broadcastIntent} finalIntent:Intent { act=com.huawei.push.alarm.HEARTBEAT hwFlg=0x100 pkg=android (has extras) } type:1 callinguid:1000 reslut:0
01-22 12:57:50.825  1679  5035 D ActivityManager: beginTime 250975701 endTime 250975705 freezeTime 0
01-22 12:57:50.825  1679  5035 V BroadcastQueue: Finished with ordered broadcast BroadcastRecord{5e00deb u0 com.huawei.push.alarm.HEARTBEAT}
01-22 12:57:50.825  1679  5035 I BroadcastQueue: Finished with ordered [background] broadcast BroadcastRecord{5e00deb u0 com.huawei.push.alarm.HEARTBEAT} cost time 4,receiversNum 1,max receiver BroadcastFilter{bdc6ffc 1000/u-1 ReceiverList{19dd974 3920 com.huawei.android.pushagent.PushService/1000/u-1 remote:32fed47}} cost time 3
01-22 12:57:50.829  1679  5035 I AlarmManager: set(PendingIntent{9d729e1: PendingIntentRecord{5982f42 android broadcastIntent}}) : type=0 triggerAtTime=1769083080828 win=0 tElapsed=390748648 maxElapsed=390748648 interval=0 flags=0x9 at=9999ms uid=1000 count=4 callingClass=<bottom of call stack> 
01-22 12:57:50.829  1679  5035 I HwAlarmManagerService: hwSetRtcAlarm start
01-22 12:57:50.829  1679  5035 D AlarmManager: set to kernel
01-22 12:57:51.043  1679  5936 I AlarmManager: remove Alarm{1c2fff4 type 0 origWhen 1769083080828 whenElapsed 390748648 PendingIntent{9d729e1: PendingIntentRecord{5982f42 android broadcastIntent}} android procName com.huawei.android.pushagent.PushService} according to PendingIntent: eaf9dc7 by reason: 1
01-22 12:57:51.045  1679  5936 I AlarmManager: set(PendingIntent{4bb831d: PendingIntentRecord{ff3ebf2 android broadcastIntent}}) : type=0 triggerAtTime=1769083251044 win=0 tElapsed=390918864 maxElapsed=390918864 interval=0 flags=0x9 at=179999ms uid=1000 count=4 callingClass=<bottom of call stack> 
01-22 12:57:51.046  1679  5936 I HwAlarmManagerService: hwSetRtcAlarm start
01-22 12:57:51.046  1679  5936 D AlarmManager: set to kernel
01-22 12:57:51.378  2351  2777 D BoosterUtil: convertSubIdToSlotId, subId invalid: -1
01-22 12:57:51.378  2351  2777 D BoosterUtil: getDefaultDataSlotId failed, invalid slotId:-1, subId:-1
01-22 12:57:51.378  2351  2777 D BoosterUtil: convertSubIdToSlotId, subId invalid: -1
01-22 12:57:51.378  2351  2777 D BoosterUtil: getDefaultDataSlotId failed, invalid slotId:-1, subId:-1
01-22 12:57:51.379  2351  2777 E Booster_BroadcastProxy: [isDebugModemEnabled]get package info fail.
01-22 12:57:51.379  2351  2777 E Booster_NetworkQoeChr: [chrBlerMonitorAndReport]modemQoeData is not present
01-22 12:57:51.464  1679  5919 I NotificationService: enqueueNotificationInternal: pkg=ch.protonvpn.android id=6 notification=Notification(channel=com.protonvpn.android shortcut=null contentView=null vibrate=null sound=null defaults=0x0 flags=0xa color=0x00000000 category=service actions=1 capsuleEnableStatus=-1 vis=PRIVATE), enqueue time: 390739283
01-22 12:57:51.466  1679  5919 I NotificationService: enqueueNotificationInternal Channel Info : pkg=ch.protonvpn.android id=6 importance =2, channelType=1, mapChannelType=1, notification=Notification(channel=com.protonvpn.android shortcut=null contentView=null vibrate=null sound=null defaults=0x0 flags=0x4a color=0x00000000 category=service actions=1 capsuleEnableStatus=-1 vis=PRIVATE)
01-22 12:57:51.467  1679  1679 I NotificationService: EnqueueNotificationRunnable.run for: 0|ch.protonvpn.android|6|null|10205
01-22 12:57:51.468  1679  1679 I HwNotificationDecisionCenter: getRemindDevice, isPhoneUsing=true, isHeadphoneAvailbale=false, isWatchAvailable=false, decision result=phone,record key=0|ch.protonvpn.android|6|null|10205
01-22 12:57:51.471  1679  1679 I NotificationListeners: notifyPostedLocked isDeviceUsing true remindDevice phone isSwingOwner true
01-22 12:57:51.472  1679  1679 I ActivityManager: setForegroundNotification enqueue time low: 390739283, 390739283
01-22 12:57:51.729  2351  9062 D HwCommBoosterService: reportBoosterPara enter
01-22 12:57:51.729  2351  9062 D HwCommBoosterManager: reportBoosterPara enter
01-22 12:57:51.730  2351  9062 D HwCommBoosterManager: pluginId: 2dataType:801
01-22 12:57:51.730  2351  2777 D HwCommBoosterManager: handleBoosterMessageSendModuleDataToPlugin enter
01-22 12:57:52.411  2351  2777 D BoosterUtil: convertSubIdToSlotId, subId invalid: -1
01-22 12:57:52.411  2351  2777 D BoosterUtil: getDefaultDataSlotId failed, invalid slotId:-1, subId:-1
01-22 12:57:52.411  2351  2777 D BoosterUtil: convertSubIdToSlotId, subId invalid: -1
01-22 12:57:52.411  2351  2777 D BoosterUtil: getDefaultDataSlotId failed, invalid slotId:-1, subId:-1
01-22 12:57:52.411  2351  2777 E Booster_BroadcastProxy: [isDebugModemEnabled]get package info fail.
01-22 12:57:52.411  2351  2777 E Booster_NetworkQoeChr: [chrBlerMonitorAndReport]modemQoeData is not present
01-22 12:57:52.476  1679  5919 I NotificationService: enqueueNotificationInternal: pkg=ch.protonvpn.android id=6 notification=Notification(channel=com.protonvpn.android shortcut=null contentView=null vibrate=null sound=null defaults=0x0 flags=0xa color=0x00000000 category=service actions=1 capsuleEnableStatus=-1 vis=PRIVATE), enqueue time: 390740296
01-22 12:57:52.478  1679  5919 I NotificationService: enqueueNotificationInternal Channel Info : pkg=ch.protonvpn.android id=6 importance =2, channelType=1, mapChannelType=1, notification=Notification(channel=com.protonvpn.android shortcut=null contentView=null vibrate=null sound=null defaults=0x0 flags=0x4a color=0x00000000 category=service actions=1 capsuleEnableStatus=-1 vis=PRIVATE)
01-22 12:57:52.480  1679  1679 I NotificationService: EnqueueNotificationRunnable.run for: 0|ch.protonvpn.android|6|null|10205
01-22 12:57:52.480  1679  1679 I HwNotificationDecisionCenter: getRemindDevice, isPhoneUsing=true, isHeadphoneAvailbale=false, isWatchAvailable=false, decision result=phone,record key=0|ch.protonvpn.android|6|null|10205
01-22 12:57:52.483  1679  1679 I NotificationListeners: notifyPostedLocked isDeviceUsing true remindDevice phone isSwingOwner true
01-22 12:57:52.487  1679  1679 I ActivityManager: setForegroundNotification enqueue time low: 390740296, 390740296
01-22 12:57:52.733  2351 30665 D HwCommBoosterService: reportBoosterPara enter
01-22 12:57:52.733  2351 30665 D HwCommBoosterManager: reportBoosterPara enter
01-22 12:57:52.733  2351 30665 D HwCommBoosterManager: pluginId: 2dataType:801
01-22 12:57:52.734  2351  2777 D HwCommBoosterManager: handleBoosterMessageSendModuleDataToPlugin enter
01-22 12:57:53.425  2351  2777 D BoosterUtil: convertSubIdToSlotId, subId invalid: -1
01-22 12:57:53.425  2351  2777 D BoosterUtil: getDefaultDataSlotId failed, invalid slotId:-1, subId:-1
01-22 12:57:53.426  2351  2777 D BoosterUtil: convertSubIdToSlotId, subId invalid: -1
01-22 12:57:53.426  2351  2777 D BoosterUtil: getDefaultDataSlotId failed, invalid slotId:-1, subId:-1
01-22 12:57:53.426  2351  2777 E Booster_BroadcastProxy: [isDebugModemEnabled]get package info fail.
01-22 12:57:53.426  2351  2777 E Booster_NetworkQoeChr: [chrBlerMonitorAndReport]modemQoeData is not present
01-22 12:57:53.488  1679  5938 I NotificationService: enqueueNotificationInternal: pkg=ch.protonvpn.android id=6 notification=Notification(channel=com.protonvpn.android shortcut=null contentView=null vibrate=null sound=null defaults=0x0 flags=0xa color=0x00000000 category=service actions=1 capsuleEnableStatus=-1 vis=PRIVATE), enqueue time: 390741307
01-22 12:57:53.490  1679  5938 I NotificationService: enqueueNotificationInternal Channel Info : pkg=ch.protonvpn.android id=6 importance =2, channelType=1, mapChannelType=1, notification=Notification(channel=com.protonvpn.android shortcut=null contentView=null vibrate=null sound=null defaults=0x0 flags=0x4a color=0x00000000 category=service actions=1 capsuleEnableStatus=-1 vis=PRIVATE)
01-22 12:57:53.492  1679  1679 I NotificationService: EnqueueNotificationRunnable.run for: 0|ch.protonvpn.android|6|null|10205
01-22 12:57:53.493  1679  1679 I HwNotificationDecisionCenter: getRemindDevice, isPhoneUsing=true, isHeadphoneAvailbale=false, isWatchAvailable=false, decision result=phone,record key=0|ch.protonvpn.android|6|null|10205
01-22 12:57:53.495  1679  1679 I NotificationListeners: notifyPostedLocked isDeviceUsing true remindDevice phone isSwingOwner true
01-22 12:57:53.497  1679  1679 I ActivityManager: setForegroundNotification enqueue time low: 390741307, 390741307
01-22 12:57:53.737  2351 30665 D HwCommBoosterService: reportBoosterPara enter
01-22 12:57:53.737  2351 30665 D HwCommBoosterManager: reportBoosterPara enter
01-22 12:57:53.738  2351 30665 D HwCommBoosterManager: pluginId: 2dataType:801
01-22 12:57:53.738  2351  2777 D HwCommBoosterManager: handleBoosterMessageSendModuleDataToPlugin enter
01-22 12:57:54.449  2351  2777 D BoosterUtil: convertSubIdToSlotId, subId invalid: -1
01-22 12:57:54.449  2351  2777 D BoosterUtil: getDefaultDataSlotId failed, invalid slotId:-1, subId:-1
01-22 12:57:54.449  2351  2777 D BoosterUtil: convertSubIdToSlotId, subId invalid: -1
01-22 12:57:54.449  2351  2777 D BoosterUtil: getDefaultDataSlotId failed, invalid slotId:-1, subId:-1
01-22 12:57:54.450  2351  2777 E Booster_BroadcastProxy: [isDebugModemEnabled]get package info fail.
01-22 12:57:54.450  2351  2777 E Booster_NetworkQoeChr: [chrBlerMonitorAndReport]modemQoeData is not present
01-22 12:57:54.501  1679  5919 I NotificationService: enqueueNotificationInternal: pkg=ch.protonvpn.android id=6 notification=Notification(channel=com.protonvpn.android shortcut=null contentView=null vibrate=null sound=null defaults=0x0 flags=0xa color=0x00000000 category=service actions=1 capsuleEnableStatus=-1 vis=PRIVATE), enqueue time: 390742321
01-22 12:57:54.503  1679  5919 I NotificationService: enqueueNotificationInternal Channel Info : pkg=ch.protonvpn.android id=6 importance =2, channelType=1, mapChannelType=1, notification=Notification(channel=com.protonvpn.android shortcut=null contentView=null vibrate=null sound=null defaults=0x0 flags=0x4a color=0x00000000 category=service actions=1 capsuleEnableStatus=-1 vis=PRIVATE)
01-22 12:57:54.504  1679  1679 I NotificationService: EnqueueNotificationRunnable.run for: 0|ch.protonvpn.android|6|null|10205
01-22 12:57:54.505  1679  1679 I HwNotificationDecisionCenter: getRemindDevice, isPhoneUsing=true, isHeadphoneAvailbale=false, isWatchAvailable=false, decision result=phone,record key=0|ch.protonvpn.android|6|null|10205
01-22 12:57:54.507  1679  1679 I NotificationListeners: notifyPostedLocked isDeviceUsing true remindDevice phone isSwingOwner true
01-22 12:57:54.511  1679  1679 I ActivityManager: setForegroundNotification enqueue time low: 390742321, 390742321
01-22 12:57:54.741  2351 30665 D HwCommBoosterService: reportBoosterPara enter
01-22 12:57:54.741  2351 30665 D HwCommBoosterManager: reportBoosterPara enter
01-22 12:57:54.741  2351 30665 D HwCommBoosterManager: pluginId: 2dataType:801
01-22 12:57:54.741  2351  2777 D HwCommBoosterManager: handleBoosterMessageSendModuleDataToPlugin enter
01-22 12:57:55.472  2351  2777 D BoosterUtil: convertSubIdToSlotId, subId invalid: -1
01-22 12:57:55.472  2351  2777 D BoosterUtil: getDefaultDataSlotId failed, invalid slotId:-1, subId:-1
01-22 12:57:55.472  2351  2777 D BoosterUtil: convertSubIdToSlotId, subId invalid: -1
01-22 12:57:55.472  2351  2777 D BoosterUtil: getDefaultDataSlotId failed, invalid slotId:-1, subId:-1
01-22 12:57:55.473  2351  2777 E Booster_BroadcastProxy: [isDebugModemEnabled]get package info fail.
01-22 12:57:55.473  2351  2777 E Booster_NetworkQoeChr: [chrBlerMonitorAndReport]modemQoeData is not present
01-22 12:57:55.509  1679  5936 I NotificationService: enqueueNotificationInternal: pkg=ch.protonvpn.android id=6 notification=Notification(channel=com.protonvpn.android shortcut=null contentView=null vibrate=null sound=null defaults=0x0 flags=0xa color=0x00000000 category=service actions=1 capsuleEnableStatus=-1 vis=PRIVATE), enqueue time: 390743328
01-22 12:57:55.511  1679  5936 I NotificationService: enqueueNotificationInternal Channel Info : pkg=ch.protonvpn.android id=6 importance =2, channelType=1, mapChannelType=1, notification=Notification(channel=com.protonvpn.android shortcut=null contentView=null vibrate=null sound=null defaults=0x0 flags=0x4a color=0x00000000 category=service actions=1 capsuleEnableStatus=-1 vis=PRIVATE)
01-22 12:57:55.512  1679  1679 I NotificationService: EnqueueNotificationRunnable.run for: 0|ch.protonvpn.android|6|null|10205
01-22 12:57:55.513  1679  1679 I HwNotificationDecisionCenter: getRemindDevice, isPhoneUsing=true, isHeadphoneAvailbale=false, isWatchAvailable=false, decision result=phone,record key=0|ch.protonvpn.android|6|null|10205
01-22 12:57:55.515  1679  1679 I NotificationListeners: notifyPostedLocked isDeviceUsing true remindDevice phone isSwingOwner true
01-22 12:57:55.517  1679  1679 I ActivityManager: setForegroundNotification enqueue time low: 390743328, 390743328
01-22 12:57:55.745  2351  9062 D HwCommBoosterService: reportBoosterPara enter
01-22 12:57:55.745  2351  9062 D HwCommBoosterManager: reportBoosterPara enter
01-22 12:57:55.745  2351  9062 D HwCommBoosterManager: pluginId: 2dataType:801
01-22 12:57:55.745  2351  2777 D HwCommBoosterManager: handleBoosterMessageSendModuleDataToPlugin enter
01-22 12:57:56.498  2351  2777 D BoosterUtil: convertSubIdToSlotId, subId invalid: -1
01-22 12:57:56.498  2351  2777 D BoosterUtil: getDefaultDataSlotId failed, invalid slotId:-1, subId:-1
01-22 12:57:56.498  2351  2777 D BoosterUtil: convertSubIdToSlotId, subId invalid: -1
01-22 12:57:56.498  2351  2777 D BoosterUtil: getDefaultDataSlotId failed, invalid slotId:-1, subId:-1
01-22 12:57:56.498  2351  2777 E Booster_BroadcastProxy: [isDebugModemEnabled]get package info fail.
01-22 12:57:56.499  2351  2777 E Booster_NetworkQoeChr: [chrBlerMonitorAndReport]modemQoeData is not present
01-22 12:57:56.520  1679  5395 I NotificationService: enqueueNotificationInternal: pkg=ch.protonvpn.android id=6 notification=Notification(channel=com.protonvpn.android shortcut=null contentView=null vibrate=null sound=null defaults=0x0 flags=0xa color=0x00000000 category=service actions=1 capsuleEnableStatus=-1 vis=PRIVATE), enqueue time: 390744339
01-22 12:57:56.522  1679  5395 I NotificationService: enqueueNotificationInternal Channel Info : pkg=ch.protonvpn.android id=6 importance =2, channelType=1, mapChannelType=1, notification=Notification(channel=com.protonvpn.android shortcut=null contentView=null vibrate=null sound=null defaults=0x0 flags=0x4a color=0x00000000 category=service actions=1 capsuleEnableStatus=-1 vis=PRIVATE)
01-22 12:57:56.524  1679  1679 I NotificationService: EnqueueNotificationRunnable.run for: 0|ch.protonvpn.android|6|null|10205
01-22 12:57:56.525  1679  1679 I HwNotificationDecisionCenter: getRemindDevice, isPhoneUsing=true, isHeadphoneAvailbale=false, isWatchAvailable=false, decision result=phone,record key=0|ch.protonvpn.android|6|null|10205
01-22 12:57:56.527  1679  1679 I NotificationListeners: notifyPostedLocked isDeviceUsing true remindDevice phone isSwingOwner true
01-22 12:57:56.531  1679  1679 I ActivityManager: setForegroundNotification enqueue time low: 390744339, 390744339
01-22 12:57:56.749  2351  9062 D HwCommBoosterService: reportBoosterPara enter
01-22 12:57:56.749  2351  9062 D HwCommBoosterManager: reportBoosterPara enter
01-22 12:57:56.749  2351  9062 D HwCommBoosterManager: pluginId: 2dataType:801
01-22 12:57:56.749  2351  2777 D HwCommBoosterManager: handleBoosterMessageSendModuleDataToPlugin enter
01-22 12:57:57.173  1679  5395 I PowerManagerService: getPowerHidlValue scene: vbat
01-22 12:57:57.178  1679  5395 I PowerManagerService: nativeRtGetPowerHidlValue: 3983000
01-22 12:57:57.522  2351  2777 D BoosterUtil: convertSubIdToSlotId, subId invalid: -1
01-22 12:57:57.522  2351  2777 D BoosterUtil: getDefaultDataSlotId failed, invalid slotId:-1, subId:-1
01-22 12:57:57.522  2351  2777 D BoosterUtil: convertSubIdToSlotId, subId invalid: -1
01-22 12:57:57.522  2351  2777 D BoosterUtil: getDefaultDataSlotId failed, invalid slotId:-1, subId:-1
01-22 12:57:57.522  2351  2777 E Booster_BroadcastProxy: [isDebugModemEnabled]get package info fail.
01-22 12:57:57.522  2351  2777 E Booster_NetworkQoeChr: [chrBlerMonitorAndReport]modemQoeData is not present
01-22 12:57:57.532  1679  5919 I NotificationService: enqueueNotificationInternal: pkg=ch.protonvpn.android id=6 notification=Notification(channel=com.protonvpn.android shortcut=null contentView=null vibrate=null sound=null defaults=0x0 flags=0xa color=0x00000000 category=service actions=1 capsuleEnableStatus=-1 vis=PRIVATE), enqueue time: 390745351
01-22 12:57:57.534  1679  5919 I NotificationService: enqueueNotificationInternal Channel Info : pkg=ch.protonvpn.android id=6 importance =2, channelType=1, mapChannelType=1, notification=Notification(channel=com.protonvpn.android shortcut=null contentView=null vibrate=null sound=null defaults=0x0 flags=0x4a color=0x00000000 category=service actions=1 capsuleEnableStatus=-1 vis=PRIVATE)
01-22 12:57:57.535  1679  1679 I NotificationService: EnqueueNotificationRunnable.run for: 0|ch.protonvpn.android|6|null|10205
01-22 12:57:57.536  1679  1679 I HwNotificationDecisionCenter: getRemindDevice, isPhoneUsing=true, isHeadphoneAvailbale=false, isWatchAvailable=false, decision result=phone,record key=0|ch.protonvpn.android|6|null|10205
01-22 12:57:57.538  1679  1679 I NotificationListeners: notifyPostedLocked isDeviceUsing true remindDevice phone isSwingOwner true
01-22 12:57:57.540  1679  1679 I ActivityManager: setForegroundNotification enqueue time low: 390745351, 390745351
01-22 12:57:57.753  2351  9062 D HwCommBoosterService: reportBoosterPara enter
01-22 12:57:57.753  2351  9062 D HwCommBoosterManager: reportBoosterPara enter
01-22 12:57:57.754  2351  9062 D HwCommBoosterManager: pluginId: 2dataType:801
01-22 12:57:57.754  2351  2777 D HwCommBoosterManager: handleBoosterMessageSendModuleDataToPlugin enter
01-22 12:57:58.310  1679  1854 I BatteryService: Processing new values: info={.chargerAcOnline = false, .chargerUsbOnline = true, .chargerWirelessOnline = false, .maxChargingCurrent = 500000, .maxChargingVoltage = 4715000, .batteryStatus = CHARGING, .batteryHealth = GOOD, .batteryPresent = true, .batteryLevel = 61, .batteryVoltage = 3982, .batteryTemperature = 230, .batteryCurrent = -138, .batteryCycleCount = 36, .batteryFullCharge = 10044, .batteryChargeCounter = 2955, .batteryTechnology = Li-poly}, mBatteryLevelCritical=false, mPlugType=2, batteryStatus=2
01-22 12:57:58.311  1679  1854 E BatteryService: no autopoweroff in settings
01-22 12:57:58.545  2351  2777 D BoosterUtil: convertSubIdToSlotId, subId invalid: -1
01-22 12:57:58.545  2351  2777 D BoosterUtil: getDefaultDataSlotId failed, invalid slotId:-1, subId:-1
01-22 12:57:58.545  2351  2777 D BoosterUtil: convertSubIdToSlotId, subId invalid: -1
01-22 12:57:58.545  2351  2777 D BoosterUtil: getDefaultDataSlotId failed, invalid slotId:-1, subId:-1
01-22 12:57:58.545  2351  2777 E Booster_BroadcastProxy: [isDebugModemEnabled]get package info fail.
01-22 12:57:58.545  1679  5919 I NotificationService: enqueueNotificationInternal: pkg=ch.protonvpn.android id=6 notification=Notification(channel=com.protonvpn.android shortcut=null contentView=null vibrate=null sound=null defaults=0x0 flags=0xa color=0x00000000 category=service actions=1 capsuleEnableStatus=-1 vis=PRIVATE), enqueue time: 390746365
01-22 12:57:58.546  2351  2777 E Booster_NetworkQoeChr: [chrBlerMonitorAndReport]modemQoeData is not present
01-22 12:57:58.548  1679  5919 I NotificationService: enqueueNotificationInternal Channel Info : pkg=ch.protonvpn.android id=6 importance =2, channelType=1, mapChannelType=1, notification=Notification(channel=com.protonvpn.android shortcut=null contentView=null vibrate=null sound=null defaults=0x0 flags=0x4a color=0x00000000 category=service actions=1 capsuleEnableStatus=-1 vis=PRIVATE)
01-22 12:57:58.549  1679  1679 I NotificationService: EnqueueNotificationRunnable.run for: 0|ch.protonvpn.android|6|null|10205
01-22 12:57:58.550  1679  1679 I HwNotificationDecisionCenter: getRemindDevice, isPhoneUsing=true, isHeadphoneAvailbale=false, isWatchAvailable=false, decision result=phone,record key=0|ch.protonvpn.android|6|null|10205
01-22 12:57:58.552  1679  1679 I NotificationListeners: notifyPostedLocked isDeviceUsing true remindDevice phone isSwingOwner true
01-22 12:57:58.556  1679  1679 I ActivityManager: setForegroundNotification enqueue time low: 390746365, 390746365
01-22 12:57:58.756  2351 30665 D HwCommBoosterService: reportBoosterPara enter
01-22 12:57:58.756  2351 30665 D HwCommBoosterManager: reportBoosterPara enter
01-22 12:57:58.757  2351 30665 D HwCommBoosterManager: pluginId: 2dataType:801
01-22 12:57:58.757  2351  2777 D HwCommBoosterManager: handleBoosterMessageSendModuleDataToPlugin enter
01-22 12:57:59.557  1679  5936 I NotificationService: enqueueNotificationInternal: pkg=ch.protonvpn.android id=6 notification=Notification(channel=com.protonvpn.android shortcut=null contentView=null vibrate=null sound=null defaults=0x0 flags=0xa color=0x00000000 category=service actions=1 capsuleEnableStatus=-1 vis=PRIVATE), enqueue time: 390747377
01-22 12:57:59.560  1679  5936 I NotificationService: enqueueNotificationInternal Channel Info : pkg=ch.protonvpn.android id=6 importance =2, channelType=1, mapChannelType=1, notification=Notification(channel=com.protonvpn.android shortcut=null contentView=null vibrate=null sound=null defaults=0x0 flags=0x4a color=0x00000000 category=service actions=1 capsuleEnableStatus=-1 vis=PRIVATE)
01-22 12:57:59.562  1679  1679 I NotificationService: EnqueueNotificationRunnable.run for: 0|ch.protonvpn.android|6|null|10205
01-22 12:57:59.563  1679  1679 I HwNotificationDecisionCenter: getRemindDevice, isPhoneUsing=true, isHeadphoneAvailbale=false, isWatchAvailable=false, decision result=phone,record key=0|ch.protonvpn.android|6|null|10205
01-22 12:57:59.564  1679  1679 I NotificationListeners: notifyPostedLocked isDeviceUsing true remindDevice phone isSwingOwner true
01-22 12:57:59.567  1679  1679 I ActivityManager: setForegroundNotification enqueue time low: 390747377, 390747377
01-22 12:57:59.569  2351  2777 D BoosterUtil: convertSubIdToSlotId, subId invalid: -1
01-22 12:57:59.569  2351  2777 D BoosterUtil: getDefaultDataSlotId failed, invalid slotId:-1, subId:-1
01-22 12:57:59.569  2351  2777 D BoosterUtil: convertSubIdToSlotId, subId invalid: -1
01-22 12:57:59.569  2351  2777 D BoosterUtil: getDefaultDataSlotId failed, invalid slotId:-1, subId:-1
01-22 12:57:59.570  2351  2777 E Booster_BroadcastProxy: [isDebugModemEnabled]get package info fail.
01-22 12:57:59.570  2351  2777 E Booster_NetworkQoeChr: [chrBlerMonitorAndReport]modemQoeData is not present
01-22 12:57:59.761  2351 30665 D HwCommBoosterService: reportBoosterPara enter
01-22 12:57:59.761  2351 30665 D HwCommBoosterManager: reportBoosterPara enter
01-22 12:57:59.761  2351 30665 D HwCommBoosterManager: pluginId: 2dataType:801
01-22 12:57:59.761  2351  2777 D HwCommBoosterManager: handleBoosterMessageSendModuleDataToPlugin enter
01-22 12:58:00.000  1679  1839 I AlarmManager: set(listener: cbe9b07) : type=3 triggerAtTime=390807820 win=0 tElapsed=390807820 maxElapsed=390807820 interval=0 flags=0x9 at=60000ms uid=1000 count=5 callingClass=com.android.server.alarm.AlarmManagerService$AlarmThread.run:5086 
01-22 12:58:00.000  1679  1839 D AlarmManager: set to kernel
01-22 12:58:00.568  1679  5919 I NotificationService: enqueueNotificationInternal: pkg=ch.protonvpn.android id=6 notification=Notification(channel=com.protonvpn.android shortcut=null contentView=null vibrate=null sound=null defaults=0x0 flags=0xa color=0x00000000 category=service actions=1 capsuleEnableStatus=-1 vis=PRIVATE), enqueue time: 390748387
01-22 12:58:00.570  1679  5919 I NotificationService: enqueueNotificationInternal Channel Info : pkg=ch.protonvpn.android id=6 importance =2, channelType=1, mapChannelType=1, notification=Notification(channel=com.protonvpn.android shortcut=null contentView=null vibrate=null sound=null defaults=0x0 flags=0x4a color=0x00000000 category=service actions=1 capsuleEnableStatus=-1 vis=PRIVATE)
01-22 12:58:00.571  1679  1679 I NotificationService: EnqueueNotificationRunnable.run for: 0|ch.protonvpn.android|6|null|10205
01-22 12:58:00.572  1679  1679 I HwNotificationDecisionCenter: getRemindDevice, isPhoneUsing=true, isHeadphoneAvailbale=false, isWatchAvailable=false, decision result=phone,record key=0|ch.protonvpn.android|6|null|10205
01-22 12:58:00.575  1679  1679 I NotificationListeners: notifyPostedLocked isDeviceUsing true remindDevice phone isSwingOwner true
01-22 12:58:00.576  1679  1679 I ActivityManager: setForegroundNotification enqueue time low: 390748387, 390748387
01-22 12:58:00.593  2351  2777 D BoosterUtil: convertSubIdToSlotId, subId invalid: -1
01-22 12:58:00.594  2351  2777 D BoosterUtil: getDefaultDataSlotId failed, invalid slotId:-1, subId:-1
01-22 12:58:00.594  2351  2777 D BoosterUtil: convertSubIdToSlotId, subId invalid: -1
01-22 12:58:00.594  2351  2777 D BoosterUtil: getDefaultDataSlotId failed, invalid slotId:-1, subId:-1
01-22 12:58:00.594  2351  2777 E Booster_BroadcastProxy: [isDebugModemEnabled]get package info fail.
01-22 12:58:00.594  2351  2777 E Booster_NetworkQoeChr: [chrBlerMonitorAndReport]modemQoeData is not present
01-22 12:58:00.765  2351 30665 D HwCommBoosterService: reportBoosterPara enter
01-22 12:58:00.765  2351 30665 D HwCommBoosterManager: reportBoosterPara enter
01-22 12:58:00.765  2351 30665 D HwCommBoosterManager: pluginId: 2dataType:801
01-22 12:58:00.765  2351  2777 D HwCommBoosterManager: handleBoosterMessageSendModuleDataToPlugin enter
01-22 12:58:00.830  1679  1811 W ProcessStats: Tracking association SourceState{a13793b system/1000 BTopFgs #180950} whose proc state 2 is better than process ProcessState{7dcc858 ch.protonvpn.android/10205 pkg=ch.protonvpn.android} proc state 3 (5 skipped)
01-22 12:58:00.944  1265  1795 I storaged: storaged_t::event: storage_info refreshed.
01-22 12:58:01.576  1679  5936 I NotificationService: enqueueNotificationInternal: pkg=ch.protonvpn.android id=6 notification=Notification(channel=com.protonvpn.android shortcut=null contentView=null vibrate=null sound=null defaults=0x0 flags=0xa color=0x00000000 category=service actions=1 capsuleEnableStatus=-1 vis=PRIVATE), enqueue time: 390749396
01-22 12:58:01.579  1679  5936 I NotificationService: enqueueNotificationInternal Channel Info : pkg=ch.protonvpn.android id=6 importance =2, channelType=1, mapChannelType=1, notification=Notification(channel=com.protonvpn.android shortcut=null contentView=null vibrate=null sound=null defaults=0x0 flags=0x4a color=0x00000000 category=service actions=1 capsuleEnableStatus=-1 vis=PRIVATE)
01-22 12:58:01.581  1679  1679 I NotificationService: EnqueueNotificationRunnable.run for: 0|ch.protonvpn.android|6|null|10205
01-22 12:58:01.581  1679  1679 I HwNotificationDecisionCenter: getRemindDevice, isPhoneUsing=true, isHeadphoneAvailbale=false, isWatchAvailable=false, decision result=phone,record key=0|ch.protonvpn.android|6|null|10205
01-22 12:58:01.584  1679  1679 I NotificationListeners: notifyPostedLocked isDeviceUsing true remindDevice phone isSwingOwner true
01-22 12:58:01.586  1679  1679 I ActivityManager: setForegroundNotification enqueue time low: 390749396, 390749396
01-22 12:58:01.618  2351  2777 D BoosterUtil: convertSubIdToSlotId, subId invalid: -1
01-22 12:58:01.618  2351  2777 D BoosterUtil: getDefaultDataSlotId failed, invalid slotId:-1, subId:-1
01-22 12:58:01.618  2351  2777 D BoosterUtil: convertSubIdToSlotId, subId invalid: -1
01-22 12:58:01.618  2351  2777 D BoosterUtil: getDefaultDataSlotId failed, invalid slotId:-1, subId:-1
01-22 12:58:01.618  2351  2777 E Booster_BroadcastProxy: [isDebugModemEnabled]get package info fail.
01-22 12:58:01.618  2351  2777 E Booster_NetworkQoeChr: [chrBlerMonitorAndReport]modemQoeData is not present
--------- beginning of main
01-22 12:58:01.643  2124  2124 D HwNotificationContentView: layoutChild childType[3], child == null
01-22 12:58:01.644  2124  2124 D HwNotificationContentView: layoutChild childType[2], child == null
01-22 12:58:01.644  2124  2124 I NotifSectionsManager: updateFirstAndLastViewsForAllSections, changed:false
01-22 12:58:01.648  2124  2124 D StackScrollAlgorithm: liveRowList is empty
01-22 12:58:01.664  2351  2777 I SpeedTestNotifier: is low speed scene
01-22 12:58:01.664  2351  2777 I OllieMsgCenter: publishEvt=2135097353
01-22 12:58:01.736  1679  1873 I TrafficMonitor: update:rxPkts:1,txPkts:0,rxBytes:60,txBytes:0
01-22 12:58:01.737  1679  1873 I TrafficMonitor: gettimer:interval=2000
01-22 12:58:01.769  2351 30665 D HwCommBoosterService: reportBoosterPara enter
01-22 12:58:01.769  2351 30665 D HwCommBoosterManager: reportBoosterPara enter
01-22 12:58:01.769  2351 30665 D HwCommBoosterManager: pluginId: 2dataType:801
01-22 12:58:01.769  2351  2777 D HwCommBoosterManager: handleBoosterMessageSendModuleDataToPlugin enter
01-22 12:58:01.819  1271  8951 I CPU_STATS: iawared: query next cpu load with 2!
01-22 12:58:01.820  1271  8951 I CPU_STATS: total cost time 2004203125 ns
01-22 12:58:01.820  1271  8951 I CPU_STATS: iawared: current total load is 0.067121, capacity : 5166, pre load:  45312177955763, current load : 45312856622529
01-22 12:58:01.821  1271  8951 I CPU_STATS: read once cost time 1570 us
01-22 12:58:02.227  1299  1499 E RUNTIME : ContextSetCurrentRef:54 ctx is nullptr!
01-22 12:58:02.228  1299  1499 E hiaiserver: DEVDRV : DevdrvOpenDeviceManager:61 open device manager fail, errno = 2
01-22 12:58:02.228  1299  1499 E hiaiserver: DEVDRV : reportStat:44 get file stat fail, errno = 2
01-22 12:58:02.228  1299  1499 E hiaiserver: DEVDRV : DrvDeviceGetCount:131 open device error
01-22 12:58:02.228  1299  1499 E RUNTIME : GetDeviceCount:72 Get device count fail, errorcode = 2
01-22 12:58:02.228  1299  1499 E RUNTIME : rtSetDevice:81 Get device count failed
01-22 12:58:02.228  1299  1499 E AI_NPUCL: npu_resilience.cc SetDevice(27)::"rtSetDevice fail"
01-22 12:58:02.317 30165 24235 I OCR_NDK : ocr cpp rec shape 64,2364
01-22 12:58:02.429  2753 15230 I LooperFactory: releaseLooper:MBcDeliver, other:[]
01-22 12:58:02.557  2351  7775 I fast_decay: HandleBeaconRssiInfo, fastDecayResult is : 1, wifiFastDecayTotalResult is : 1
01-22 12:58:02.557  2351  7775 I asymmetric_link: getPer, getPer: 0.000000, filterTxRate: 6907.114258, filterRxRate: 11940.579102
01-22 12:58:02.557  2351  7775 I asymmetric_link: IsAsymmetricLinkSuccess, return false. filterFlow is : 0.322188
01-22 12:58:02.557  2351  7775 I asymmetric_link: HandleAsymmetricLinkInfo, the txRssi: -82.964218, the activeNodeCnt: -1, the wifiAsymmetricLinkResult : 0
01-22 12:58:02.587  1679  5938 I NotificationService: enqueueNotificationInternal: pkg=ch.protonvpn.android id=6 notification=Notification(channel=com.protonvpn.android shortcut=null contentView=null vibrate=null sound=null defaults=0x0 flags=0xa color=0x00000000 category=service actions=1 capsuleEnableStatus=-1 vis=PRIVATE), enqueue time: 390750407
01-22 12:58:02.588  1679  5938 W HwNotificationManagerServiceEx: isBanNotification control information formats is invalid !
01-22 12:58:02.588  1679  5938 E SEAPP_C_SeAppPolicyManagerImpl: getPolicyType: ResponseParcel{code=400, message='cannot find seapp policy for policyName=unobtrusive-notification', result={}}
01-22 12:58:02.588  1679  5938 E SEAPP_C_SeAppPolicyManagerImpl: getPolicyType: ResponseParcel{code=400, message='cannot find seapp policy for policyName=weird-custom-notification', result={}}
01-22 12:58:02.589  1679  5938 E SEAPP_C_SeAppPolicyManagerImpl: getStrategy: ResponseParcel{code=400, message='cannot find package strategy for policyName=weird-custom-notification, packageName=ch.protonvpn.android', result={}}
01-22 12:58:02.589  1679  5938 I HwNotificationService: notification data size : 4932
01-22 12:58:02.589  1679  5938 I NotificationService: enqueueNotificationInternal Channel Info : pkg=ch.protonvpn.android id=6 importance =2, channelType=1, mapChannelType=1, notification=Notification(channel=com.protonvpn.android shortcut=null contentView=null vibrate=null sound=null defaults=0x0 flags=0x4a color=0x00000000 category=service actions=1 capsuleEnableStatus=-1 vis=PRIVATE)
01-22 12:58:02.589  1679  5938 I HwNotificationService: shouldBlockByMediaController : pkgName =ch.protonvpn.android,isCustomNotification =false,isMediaNotification =false
01-22 12:58:02.590  1679  1679 I NotificationService: EnqueueNotificationRunnable.run for: 0|ch.protonvpn.android|6|null|10205
01-22 12:58:02.591  1679  1679 I HwNotificationDecisionCenter: getRemindDevice, isPhoneUsing=true, isHeadphoneAvailbale=false, isWatchAvailable=false, decision result=phone,record key=0|ch.protonvpn.android|6|null|10205
01-22 12:58:02.592  1679  1679 I HwNotificationService: sbn is from push: false
01-22 12:58:02.593  1679  1679 I HwNotificationService: specialType is:floating_window_notification ,topFullscreen is:false,isRequestSingleLine :false,HWMULTIWIN_ENABLED is:true
01-22 12:58:02.593  1679  1679 D HwNotificationService: mGameDndStatus is:false ,isGameDndSwitchOn is:false,isDeferLaunchActivity is:false
01-22 12:58:02.593  1679  1679 I NotificationListeners: enter notifyPostedLocked!!!
01-22 12:58:02.593  1679  1679 I NotificationListeners: notifyPostedLocked isDeviceUsing true remindDevice phone isSwingOwner true
01-22 12:58:02.595  2124  3688 I NotificationListener: ntf delay because of screenOn
01-22 12:58:02.595  1679  1679 I ActivityManager: setForegroundNotification enqueue time low: 390750407, 390750407
